19:27:56 armed on ASCB FF8B20 ASID 000B -- fast=5s full=45s
19:27:56 STOR=0FAF3C00 EJST=00000000FB58A180 SWCT=4097 CPUS=0 RCTF=00[-] FLG1=80 DSP1=00[-] | OUCB@FE7530 QFL=00[-] SFL=00 EFL=00 UFL=00 SRC=00 SWC=0000
19:27:56    distinct ASCBSTOR so far: 1 ['0FAF3C00'] | samples=1 badid=0
19:28:43 STOR=0FAF3C00 EJST=000000341A0473C0 SWCT=4229 CPUS=1 RCTF=00[-] FLG1=80 DSP1=00[-] | OUCB@FE7530 QFL=00[-] SFL=00 EFL=00 UFL=00 SRC=00 SWC=0000
19:28:43    distinct ASCBSTOR so far: 1 ['0FAF3C00'] | samples=10 badid=0
19:29:30 STOR=0FAF3C00 EJST=00000068F8CC88C0 SWCT=4229 CPUS=1 RCTF=00[-] FLG1=80 DSP1=00[-] | OUCB@FE7530 QFL=00[-] SFL=00 EFL=00 UFL=00 SRC=00 SWC=0000
19:29:30    distinct ASCBSTOR so far: 1 ['0FAF3C00'] | samples=19 badid=0
19:30:18 STOR=0FAF3C00 EJST=000000ADACEC02C0 SWCT=4229 CPUS=1 RCTF=00[-] FLG1=80 DSP1=00[-] | OUCB@FE7530 QFL=00[-] SFL=00 EFL=00 UFL=00 SRC=00 SWC=0000
19:30:18    distinct ASCBSTOR so far: 1 ['0FAF3C00'] | samples=28 badid=0
19:31:05 STOR=0FAF3C00 EJST=000000E1E5FE3140 SWCT=4229 CPUS=1 RCTF=00[-] FLG1=80 DSP1=00[-] | OUCB@FE7530 QFL=00[-] SFL=00 EFL=00 UFL=00 SRC=00 SWC=0000
19:31:05    distinct ASCBSTOR so far: 1 ['0FAF3C00'] | samples=37 badid=0
19:31:52 STOR=0FAF3C00 EJST=0000011675602F80 SWCT=4229 CPUS=1 RCTF=00[-] FLG1=80 DSP1=00[-] | OUCB@FE7530 QFL=00[-] SFL=00 EFL=00 UFL=00 SRC=00 SWC=0000
19:31:52    distinct ASCBSTOR so far: 1 ['0FAF3C00'] | samples=46 badid=0
19:32:39 STOR=0FAF3C00 EJST=00000149E18F5780 SWCT=4229 CPUS=1 RCTF=00[-] FLG1=80 DSP1=00[-] | OUCB@FE7530 QFL=00[-] SFL=00 EFL=00 UFL=00 SRC=00 SWC=0000
19:32:39    distinct ASCBSTOR so far: 1 ['0FAF3C00'] | samples=55 badid=0
19:33:27 STOR=0FAF3C00 EJST=0000017F57CC48C0 SWCT=4229 CPUS=1 RCTF=00[-] FLG1=82 DSP1=00[-] | OUCB@FE7530 QFL=00[-] SFL=00 EFL=00 UFL=00 SRC=00 SWC=0000
19:33:27    distinct ASCBSTOR so far: 1 ['0FAF3C00'] | samples=64 badid=0
19:34:14 STOR=0FAF3C00 EJST=000001B4DA09F480 SWCT=4229 CPUS=1 RCTF=00[-] FLG1=80 DSP1=00[-] | OUCB@FE7530 QFL=00[-] SFL=00 EFL=00 UFL=00 SRC=00 SWC=0000
19:34:14    distinct ASCBSTOR so far: 1 ['0FAF3C00'] | samples=73 badid=0
19:35:01 STOR=0FAF3C00 EJST=000001E8BD7DFD40 SWCT=4229 CPUS=1 RCTF=00[-] FLG1=80 DSP1=00[-] | OUCB@FE7530 QFL=00[-] SFL=00 EFL=00 UFL=00 SRC=00 SWC=0000
19:35:01    distinct ASCBSTOR so far: 1 ['0FAF3C00'] | samples=82 badid=0
19:35:48 STOR=0FAF3C00 EJST=0000021D8F60A840 SWCT=4229 CPUS=1 RCTF=00[-] FLG1=80 DSP1=00[-] | OUCB@FE7530 QFL=00[-] SFL=00 EFL=00 UFL=00 SRC=00 SWC=0000
19:35:48    distinct ASCBSTOR so far: 1 ['0FAF3C00'] | samples=91 badid=0
19:36:36 STOR=0FAF3C00 EJST=00000250D3427B40 SWCT=4229 CPUS=1 RCTF=00[-] FLG1=80 DSP1=00[-] | OUCB@FE7530 QFL=00[-] SFL=00 EFL=00 UFL=00 SRC=00 SWC=0000
19:36:36    distinct ASCBSTOR so far: 1 ['0FAF3C00'] | samples=100 badid=0
19:37:23 STOR=0FAF3C00 EJST=000002842BE95B80 SWCT=4229 CPUS=1 RCTF=00[-] FLG1=80 DSP1=00[-] | OUCB@FE7530 QFL=00[-] SFL=00 EFL=00 UFL=00 SRC=00 SWC=0000
19:37:23    distinct ASCBSTOR so far: 1 ['0FAF3C00'] | samples=109 badid=0
19:38:10 STOR=0FAF3C00 EJST=000002B6C5598440 SWCT=4229 CPUS=1 RCTF=00[-] FLG1=80 DSP1=00[-] | OUCB@FE7530 QFL=00[-] SFL=00 EFL=00 UFL=00 SRC=00 SWC=0000
19:38:10    distinct ASCBSTOR so far: 1 ['0FAF3C00'] | samples=118 badid=0
19:38:57 STOR=0FAF3C00 EJST=000002EC4B03A440 SWCT=4229 CPUS=1 RCTF=00[-] FLG1=80 DSP1=00[-] | OUCB@FE7530 QFL=00[-] SFL=00 EFL=00 UFL=00 SRC=00 SWC=0000
19:38:57    distinct ASCBSTOR so far: 1 ['0FAF3C00'] | samples=127 badid=0
19:39:44 STOR=0FAF3C00 EJST=000003209EB21B00 SWCT=4229 CPUS=1 RCTF=00[-] FLG1=80 DSP1=00[-] | OUCB@FE7530 QFL=00[-] SFL=00 EFL=00 UFL=00 SRC=00 SWC=0000
19:39:44    distinct ASCBSTOR so far: 1 ['0FAF3C00'] | samples=136 badid=0
19:40:32 STOR=0FAF3C00 EJST=00000352F1751740 SWCT=4229 CPUS=1 RCTF=00[-] FLG1=80 DSP1=00[-] | OUCB@FE7530 QFL=00[-] SFL=00 EFL=00 UFL=00 SRC=00 SWC=0000
19:40:32    distinct ASCBSTOR so far: 1 ['0FAF3C00'] | samples=145 badid=0
19:41:20 STOR=0FAF3C00 EJST=0000038A24D32B80 SWCT=4229 CPUS=1 RCTF=00[-] FLG1=80 DSP1=00[-] | OUCB@FE7530 QFL=00[-] SFL=00 EFL=00 UFL=00 SRC=00 SWC=0000
19:41:20    distinct ASCBSTOR so far: 1 ['0FAF3C00'] | samples=154 badid=0
19:42:07 STOR=0FAF3C00 EJST=000003BE5E611E00 SWCT=4229 CPUS=1 RCTF=00[-] FLG1=80 DSP1=00[-] | OUCB@FE7530 QFL=00[-] SFL=00 EFL=00 UFL=00 SRC=00 SWC=0000
19:42:07    distinct ASCBSTOR so far: 1 ['0FAF3C00'] | samples=163 badid=0
19:42:55 STOR=0FAF3C00 EJST=000003F3E049D040 SWCT=4229 CPUS=1 RCTF=00[-] FLG1=80 DSP1=00[-] | OUCB@FE7530 QFL=00[-] SFL=00 EFL=00 UFL=00 SRC=00 SWC=0000
19:42:55    distinct ASCBSTOR so far: 1 ['0FAF3C00'] | samples=172 badid=0
19:43:42 STOR=0FAF3C00 EJST=000004281276E300 SWCT=4229 CPUS=1 RCTF=00[-] FLG1=80 DSP1=00[-] | OUCB@FE7530 QFL=00[-] SFL=00 EFL=00 UFL=00 SRC=00 SWC=0000
19:43:42    distinct ASCBSTOR so far: 1 ['0FAF3C00'] | samples=181 badid=0
19:44:30 STOR=0FAF3C00 EJST=0000045D3E351EC0 SWCT=4229 CPUS=1 RCTF=00[-] FLG1=80 DSP1=00[-] | OUCB@FE7530 QFL=00[-] SFL=00 EFL=00 UFL=00 SRC=00 SWC=0000
19:44:30    distinct ASCBSTOR so far: 1 ['0FAF3C00'] | samples=190 badid=0
19:45:16 STOR=0FAF3C00 EJST=0000046D6D338C80 SWCT=4231 CPUS=0 RCTF=00[-] FLG1=80 DSP1=00[-] | OUCB@FE7530 QFL=80[GOO] SFL=00 EFL=04 UFL=00 SRC=09 SWC=0000
19:45:16    distinct ASCBSTOR so far: 1 ['0FAF3C00'] | samples=199 badid=0
19:46:03 STOR=0FAF3C00 EJST=0000046D6D338C80 SWCT=4233 CPUS=0 RCTF=00[-] FLG1=80 DSP1=00[-] | OUCB@FE7530 QFL=80[GOO] SFL=00 EFL=04 UFL=00 SRC=09 SWC=0000
19:46:03    distinct ASCBSTOR so far: 1 ['0FAF3C00'] | samples=208 badid=0
19:46:49 STOR=0FAF3C00 EJST=0000046D6D338C80 SWCT=4235 CPUS=0 RCTF=00[-] FLG1=80 DSP1=00[-] | OUCB@FE7530 QFL=80[GOO] SFL=00 EFL=04 UFL=00 SRC=09 SWC=0000
19:46:49    distinct ASCBSTOR so far: 1 ['0FAF3C00'] | samples=217 badid=0
19:47:36 STOR=0FAF3C00 EJST=0000046D6D338C80 SWCT=4235 CPUS=0 RCTF=00[-] FLG1=80 DSP1=00[-] | OUCB@FE7530 QFL=80[GOO] SFL=00 EFL=04 UFL=00 SRC=09 SWC=0000
19:47:36    distinct ASCBSTOR so far: 1 ['0FAF3C00'] | samples=226 badid=0
19:48:22 STOR=0FAF3C00 EJST=0000046D6D338C80 SWCT=4237 CPUS=0 RCTF=00[-] FLG1=80 DSP1=00[-] | OUCB@FE7530 QFL=80[GOO] SFL=00 EFL=04 UFL=00 SRC=09 SWC=0000
19:48:22    distinct ASCBSTOR so far: 1 ['0FAF3C00'] | samples=235 badid=0
19:49:09 STOR=0FAF3C00 EJST=0000046D6D338C80 SWCT=4239 CPUS=0 RCTF=00[-] FLG1=80 DSP1=00[-] | OUCB@FE7530 QFL=80[GOO] SFL=00 EFL=04 UFL=00 SRC=09 SWC=0000
19:49:09    distinct ASCBSTOR so far: 1 ['0FAF3C00'] | samples=244 badid=0
19:49:56 STOR=0FAF3C00 EJST=0000046D6D338C80 SWCT=4241 CPUS=0 RCTF=00[-] FLG1=80 DSP1=00[-] | OUCB@FE7530 QFL=80[GOO] SFL=00 EFL=04 UFL=00 SRC=09 SWC=0000
19:49:56    distinct ASCBSTOR so far: 1 ['0FAF3C00'] | samples=253 badid=0
19:50:43 STOR=0FAF3C00 EJST=0000046D6D338C80 SWCT=4243 CPUS=0 RCTF=00[-] FLG1=80 DSP1=00[-] | OUCB@FE7530 QFL=80[GOO] SFL=00 EFL=04 UFL=00 SRC=09 SWC=0000
19:50:43    distinct ASCBSTOR so far: 1 ['0FAF3C00'] | samples=262 badid=0
19:51:30 STOR=0FAF3C00 EJST=0000046D6D338C80 SWCT=4243 CPUS=0 RCTF=00[-] FLG1=80 DSP1=00[-] | OUCB@FE7530 QFL=80[GOO] SFL=00 EFL=04 UFL=00 SRC=09 SWC=0000
19:51:30    distinct ASCBSTOR so far: 1 ['0FAF3C00'] | samples=271 badid=0
19:52:17 STOR=0FAF3C00 EJST=0000046D6D338C80 SWCT=4245 CPUS=0 RCTF=00[-] FLG1=80 DSP1=00[-] | OUCB@FE7530 QFL=80[GOO] SFL=00 EFL=04 UFL=00 SRC=09 SWC=0000
19:52:17    distinct ASCBSTOR so far: 1 ['0FAF3C00'] | samples=280 badid=0
19:53:04 STOR=0FAF3C00 EJST=0000046D6D338C80 SWCT=4247 CPUS=0 RCTF=00[-] FLG1=80 DSP1=00[-] | OUCB@FE7530 QFL=80[GOO] SFL=00 EFL=04 UFL=00 SRC=09 SWC=0000
19:53:04    distinct ASCBSTOR so far: 1 ['0FAF3C00'] | samples=289 badid=0
19:53:51 STOR=0FAF3C00 EJST=0000046D6D338C80 SWCT=4249 CPUS=0 RCTF=00[-] FLG1=80 DSP1=00[-] | OUCB@FE7530 QFL=80[GOO] SFL=00 EFL=04 UFL=00 SRC=09 SWC=0000
19:53:51    distinct ASCBSTOR so far: 1 ['0FAF3C00'] | samples=298 badid=0
19:54:38 STOR=0FAF3C00 EJST=0000046D6D338C80 SWCT=4249 CPUS=0 RCTF=00[-] FLG1=80 DSP1=00[-] | OUCB@FE7530 QFL=80[GOO] SFL=00 EFL=04 UFL=00 SRC=09 SWC=0000
19:54:38    distinct ASCBSTOR so far: 1 ['0FAF3C00'] | samples=307 badid=0
19:55:25 STOR=0FAF3C00 EJST=0000046D6D338C80 SWCT=4251 CPUS=0 RCTF=00[-] FLG1=80 DSP1=00[-] | OUCB@FE7530 QFL=80[GOO] SFL=00 EFL=04 UFL=00 SRC=09 SWC=0000
19:55:25    distinct ASCBSTOR so far: 1 ['0FAF3C00'] | samples=316 badid=0
19:56:12 STOR=0FAF3C00 EJST=0000046D6D338C80 SWCT=4253 CPUS=0 RCTF=00[-] FLG1=80 DSP1=00[-] | OUCB@FE7530 QFL=80[GOO] SFL=00 EFL=04 UFL=00 SRC=09 SWC=0000
19:56:12    distinct ASCBSTOR so far: 1 ['0FAF3C00'] | samples=325 badid=0
19:56:59 STOR=0FAF3C00 EJST=0000046D6D338C80 SWCT=4255 CPUS=0 RCTF=00[-] FLG1=80 DSP1=00[-] | OUCB@FE7530 QFL=80[GOO] SFL=00 EFL=04 UFL=00 SRC=09 SWC=0000
19:56:59    distinct ASCBSTOR so far: 1 ['0FAF3C00'] | samples=334 badid=0
19:57:15 *** ASCBSTOR CHANGED 0FAF3C00 -> 0FC26C00 -- a swap cycle COMPLETED ***
19:57:15 STOR=0FC26C00 EJST=00000473DFC21080 SWCT=4257 CPUS=0 RCTF=00[-] FLG1=82 DSP1=00[-] | OUCB@FE7530 QFL=00[-] SFL=00 EFL=00 UFL=00 SRC=00 SWC=0001
19:57:15    distinct ASCBSTOR so far: 2 ['0FAF3C00', '0FC26C00'] | samples=337 badid=0
19:58:04 STOR=0FC26C00 EJST=000004D28B4DCC00 SWCT=4257 CPUS=1 RCTF=00[-] FLG1=80 DSP1=00[-] | OUCB@FE7530 QFL=00[-] SFL=00 EFL=00 UFL=00 SRC=00 SWC=0001
19:58:04    distinct ASCBSTOR so far: 2 ['0FAF3C00', '0FC26C00'] | samples=346 badid=0
19:58:52 STOR=0FC26C00 EJST=0000052534D2A5C0 SWCT=4257 CPUS=1 RCTF=00[-] FLG1=80 DSP1=00[-] | OUCB@FE7530 QFL=00[-] SFL=00 EFL=00 UFL=00 SRC=00 SWC=0001
19:58:52    distinct ASCBSTOR so far: 2 ['0FAF3C00', '0FC26C00'] | samples=355 badid=0
19:59:40 STOR=0FC26C00 EJST=000005EFDFFED9C0 SWCT=4257 CPUS=1 RCTF=00[-] FLG1=80 DSP1=00[-] | OUCB@FE7530 QFL=00[-] SFL=00 EFL=00 UFL=00 SRC=00 SWC=0001
19:59:40    distinct ASCBSTOR so far: 2 ['0FAF3C00', '0FC26C00'] | samples=364 badid=0
20:00:28 STOR=0FC26C00 EJST=000006BBDDC06CC0 SWCT=4257 CPUS=1 RCTF=00[-] FLG1=80 DSP1=00[-] | OUCB@FE7530 QFL=00[-] SFL=00 EFL=00 UFL=00 SRC=00 SWC=0001
20:00:28    distinct ASCBSTOR so far: 2 ['0FAF3C00', '0FC26C00'] | samples=373 badid=0
20:01:18 STOR=0FC26C00 EJST=0000076FCDD0D8C0 SWCT=4257 CPUS=1 RCTF=00[-] FLG1=80 DSP1=00[-] | OUCB@FE7530 QFL=00[-] SFL=00 EFL=00 UFL=00 SRC=00 SWC=0001
20:01:18    distinct ASCBSTOR so far: 2 ['0FAF3C00', '0FC26C00'] | samples=382 badid=0
20:02:05 STOR=0FC26C00 EJST=000007F19F0A4140 SWCT=4257 CPUS=0 RCTF=00[-] FLG1=80 DSP1=00[-] | OUCB@FE7530 QFL=00[-] SFL=00 EFL=00 UFL=00 SRC=00 SWC=0001
20:02:05    distinct ASCBSTOR so far: 2 ['0FAF3C00', '0FC26C00'] | samples=391 badid=0
20:02:53 STOR=0FC26C00 EJST=00000853644B44C0 SWCT=4257 CPUS=0 RCTF=00[-] FLG1=80 DSP1=00[-] | OUCB@FE7530 QFL=00[-] SFL=00 EFL=00 UFL=00 SRC=00 SWC=0001
20:02:53    distinct ASCBSTOR so far: 2 ['0FAF3C00', '0FC26C00'] | samples=400 badid=0
20:03:40 STOR=0FC26C00 EJST=00000886FF937580 SWCT=4257 CPUS=1 RCTF=00[-] FLG1=80 DSP1=00[-] | OUCB@FE7530 QFL=00[-] SFL=00 EFL=00 UFL=00 SRC=00 SWC=0001
20:03:40    distinct ASCBSTOR so far: 2 ['0FAF3C00', '0FC26C00'] | samples=407 badid=0
20:05:21 read failed: timed out
20:05:28 STOR=0FC26C00 EJST=00000925739ADC01 SWCT=4257 CPUS=1 RCTF=00[-] FLG1=80 DSP1=00[-] | OUCB@FE7530 QFL=00[-] SFL=00 EFL=00 UFL=00 SRC=00 SWC=0001
20:05:28    distinct ASCBSTOR so far: 2 ['0FAF3C00', '0FC26C00'] | samples=411 badid=0
20:06:18 STOR=0FC26C00 EJST=0000096553E50C81 SWCT=4257 CPUS=0 RCTF=00[-] FLG1=80 DSP1=00[-] | OUCB@FE7530 QFL=00[-] SFL=00 EFL=00 UFL=00 SRC=00 SWC=0001
20:06:18    distinct ASCBSTOR so far: 2 ['0FAF3C00', '0FC26C00'] | samples=419 badid=0
20:07:08 STOR=0FC26C00 EJST=000009A490B0BA41 SWCT=4257 CPUS=1 RCTF=00[-] FLG1=80 DSP1=00[-] | OUCB@FE7530 QFL=00[-] SFL=00 EFL=00 UFL=00 SRC=00 SWC=0001
20:07:08    distinct ASCBSTOR so far: 2 ['0FAF3C00', '0FC26C00'] | samples=427 badid=0
20:07:56 STOR=0FC26C00 EJST=000009EC0E4E4801 SWCT=4257 CPUS=1 RCTF=00[-] FLG1=80 DSP1=00[-] | OUCB@FE7530 QFL=00[-] SFL=00 EFL=00 UFL=00 SRC=00 SWC=0001
20:07:56    distinct ASCBSTOR so far: 2 ['0FAF3C00', '0FC26C00'] | samples=435 badid=0
20:08:43 STOR=0FC26C00 EJST=00000A646D233441 SWCT=4257 CPUS=1 RCTF=00[-] FLG1=80 DSP1=00[-] | OUCB@FE7530 QFL=00[-] SFL=00 EFL=00 UFL=00 SRC=00 SWC=0001
20:08:43    distinct ASCBSTOR so far: 2 ['0FAF3C00', '0FC26C00'] | samples=444 badid=0
20:09:30 STOR=0FC26C00 EJST=00000AD671D3F881 SWCT=4257 CPUS=1 RCTF=00[-] FLG1=80 DSP1=00[-] | OUCB@FE7530 QFL=00[-] SFL=00 EFL=00 UFL=00 SRC=00 SWC=0001
20:09:30    distinct ASCBSTOR so far: 2 ['0FAF3C00', '0FC26C00'] | samples=453 badid=0
20:10:18 STOR=0FC26C00 EJST=00000B47A269BE01 SWCT=4257 CPUS=1 RCTF=00[-] FLG1=80 DSP1=00[-] | OUCB@FE7530 QFL=00[-] SFL=00 EFL=00 UFL=00 SRC=00 SWC=0001
20:10:18    distinct ASCBSTOR so far: 2 ['0FAF3C00', '0FC26C00'] | samples=462 badid=0
20:11:06 STOR=0FC26C00 EJST=00000BB05AEE55C1 SWCT=4257 CPUS=1 RCTF=00[-] FLG1=80 DSP1=00[-] | OUCB@FE7530 QFL=00[-] SFL=00 EFL=00 UFL=00 SRC=00 SWC=0001
20:11:06    distinct ASCBSTOR so far: 2 ['0FAF3C00', '0FC26C00'] | samples=471 badid=0
20:11:53 STOR=0FC26C00 EJST=00000C1CF7EDBDC1 SWCT=4257 CPUS=1 RCTF=00[-] FLG1=80 DSP1=00[-] | OUCB@FE7530 QFL=00[-] SFL=00 EFL=00 UFL=00 SRC=00 SWC=0001
20:11:53    distinct ASCBSTOR so far: 2 ['0FAF3C00', '0FC26C00'] | samples=480 badid=0
20:12:41 STOR=0FC26C00 EJST=00000C801C0F0781 SWCT=4257 CPUS=1 RCTF=00[-] FLG1=80 DSP1=00[-] | OUCB@FE7530 QFL=00[-] SFL=00 EFL=00 UFL=00 SRC=00 SWC=0001
20:12:41    distinct ASCBSTOR so far: 2 ['0FAF3C00', '0FC26C00'] | samples=489 badid=0
20:13:28 STOR=0FC26C00 EJST=00000CEFE23DEB01 SWCT=4257 CPUS=1 RCTF=00[-] FLG1=80 DSP1=00[-] | OUCB@FE7530 QFL=00[-] SFL=00 EFL=00 UFL=00 SRC=00 SWC=0001
20:13:28    distinct ASCBSTOR so far: 2 ['0FAF3C00', '0FC26C00'] | samples=498 badid=0
20:14:17 STOR=0FC26C00 EJST=00000D54C0B37841 SWCT=4257 CPUS=1 RCTF=00[-] FLG1=80 DSP1=00[-] | OUCB@FE7530 QFL=00[-] SFL=00 EFL=00 UFL=00 SRC=00 SWC=0001
20:14:17    distinct ASCBSTOR so far: 2 ['0FAF3C00', '0FC26C00'] | samples=507 badid=0
20:15:04 STOR=0FC26C00 EJST=00000DAB2062DD01 SWCT=4257 CPUS=1 RCTF=00[-] FLG1=80 DSP1=00[-] | OUCB@FE7530 QFL=00[-] SFL=00 EFL=00 UFL=00 SRC=00 SWC=0001
20:15:04    distinct ASCBSTOR so far: 2 ['0FAF3C00', '0FC26C00'] | samples=516 badid=0
20:15:52 STOR=0FC26C00 EJST=00000DFC02826141 SWCT=4257 CPUS=1 RCTF=00[-] FLG1=80 DSP1=00[-] | OUCB@FE7530 QFL=00[-] SFL=00 EFL=00 UFL=00 SRC=00 SWC=0001
20:15:52    distinct ASCBSTOR so far: 2 ['0FAF3C00', '0FC26C00'] | samples=525 badid=0
20:16:39 STOR=0FC26C00 EJST=00000E4E05B04E01 SWCT=4257 CPUS=1 RCTF=00[-] FLG1=80 DSP1=00[-] | OUCB@FE7530 QFL=00[-] SFL=00 EFL=00 UFL=00 SRC=00 SWC=0001
20:16:39    distinct ASCBSTOR so far: 2 ['0FAF3C00', '0FC26C00'] | samples=534 badid=0
20:17:28 STOR=0FC26C00 EJST=00000E99B6017341 SWCT=4257 CPUS=1 RCTF=00[-] FLG1=80 DSP1=00[-] | OUCB@FE7530 QFL=00[-] SFL=00 EFL=00 UFL=00 SRC=00 SWC=0001
20:17:28    distinct ASCBSTOR so far: 2 ['0FAF3C00', '0FC26C00'] | samples=543 badid=0
20:18:15 STOR=0FC26C00 EJST=00000EE8C8984C01 SWCT=4257 CPUS=1 RCTF=00[-] FLG1=80 DSP1=00[-] | OUCB@FE7530 QFL=00[-] SFL=00 EFL=00 UFL=00 SRC=00 SWC=0001
20:18:15    distinct ASCBSTOR so far: 2 ['0FAF3C00', '0FC26C00'] | samples=552 badid=0
20:19:03 STOR=0FC26C00 EJST=00000F39D13294C1 SWCT=4257 CPUS=1 RCTF=00[-] FLG1=80 DSP1=00[-] | OUCB@FE7530 QFL=00[-] SFL=00 EFL=00 UFL=00 SRC=00 SWC=0001
20:19:03    distinct ASCBSTOR so far: 2 ['0FAF3C00', '0FC26C00'] | samples=561 badid=0
20:19:50 STOR=0FC26C00 EJST=00000F8525391CC1 SWCT=4257 CPUS=1 RCTF=00[-] FLG1=80 DSP1=00[-] | OUCB@FE7530 QFL=00[-] SFL=00 EFL=00 UFL=00 SRC=00 SWC=0001
20:19:50    distinct ASCBSTOR so far: 2 ['0FAF3C00', '0FC26C00'] | samples=570 badid=0
20:20:38 STOR=0FC26C00 EJST=00000FD2E9D20041 SWCT=4257 CPUS=1 RCTF=00[-] FLG1=80 DSP1=00[-] | OUCB@FE7530 QFL=00[-] SFL=00 EFL=00 UFL=00 SRC=00 SWC=0001
20:20:38    distinct ASCBSTOR so far: 2 ['0FAF3C00', '0FC26C00'] | samples=579 badid=0
20:21:26 STOR=0FC26C00 EJST=00001021CE011481 SWCT=4257 CPUS=1 RCTF=00[-] FLG1=80 DSP1=00[-] | OUCB@FE7530 QFL=00[-] SFL=00 EFL=00 UFL=00 SRC=00 SWC=0001
20:21:26    distinct ASCBSTOR so far: 2 ['0FAF3C00', '0FC26C00'] | samples=588 badid=0
20:22:14 STOR=0FC26C00 EJST=0000106E344DFDC1 SWCT=4257 CPUS=1 RCTF=00[-] FLG1=82 DSP1=00[-] | OUCB@FE7530 QFL=00[-] SFL=00 EFL=00 UFL=00 SRC=00 SWC=0001
20:22:14    distinct ASCBSTOR so far: 2 ['0FAF3C00', '0FC26C00'] | samples=597 badid=0
20:23:01 STOR=0FC26C00 EJST=000010D3D859BA41 SWCT=4257 CPUS=1 RCTF=00[-] FLG1=80 DSP1=00[-] | OUCB@FE7530 QFL=00[-] SFL=00 EFL=00 UFL=00 SRC=00 SWC=0001
20:23:01    distinct ASCBSTOR so far: 2 ['0FAF3C00', '0FC26C00'] | samples=606 badid=0
20:23:50 STOR=0FC26C00 EJST=000011646A296081 SWCT=4257 CPUS=1 RCTF=00[-] FLG1=80 DSP1=00[-] | OUCB@FE7530 QFL=00[-] SFL=00 EFL=00 UFL=00 SRC=00 SWC=0001
20:23:50    distinct ASCBSTOR so far: 2 ['0FAF3C00', '0FC26C00'] | samples=615 badid=0
20:24:38 STOR=0FC26C00 EJST=000011B9304E6A01 SWCT=4257 CPUS=1 RCTF=00[-] FLG1=80 DSP1=00[-] | OUCB@FE7530 QFL=00[-] SFL=00 EFL=00 UFL=00 SRC=00 SWC=0001
20:24:38    distinct ASCBSTOR so far: 2 ['0FAF3C00', '0FC26C00'] | samples=624 badid=0
20:25:26 STOR=0FC26C00 EJST=0000120D820A3781 SWCT=4257 CPUS=1 RCTF=00[-] FLG1=80 DSP1=00[-] | OUCB@FE7530 QFL=00[-] SFL=00 EFL=00 UFL=00 SRC=00 SWC=0001
20:25:26    distinct ASCBSTOR so far: 2 ['0FAF3C00', '0FC26C00'] | samples=633 badid=0
20:26:13 STOR=0FC26C00 EJST=000012595C8C9E81 SWCT=4257 CPUS=1 RCTF=00[-] FLG1=80 DSP1=00[-] | OUCB@FE7530 QFL=00[-] SFL=00 EFL=00 UFL=00 SRC=00 SWC=0001
20:26:13    distinct ASCBSTOR so far: 2 ['0FAF3C00', '0FC26C00'] | samples=642 badid=0
20:27:01 STOR=0FC26C00 EJST=000012A662FFB101 SWCT=4257 CPUS=1 RCTF=00[-] FLG1=80 DSP1=00[-] | OUCB@FE7530 QFL=00[-] SFL=00 EFL=00 UFL=00 SRC=00 SWC=0001
20:27:01    distinct ASCBSTOR so far: 2 ['0FAF3C00', '0FC26C00'] | samples=651 badid=0
20:27:49 STOR=0FC26C00 EJST=000012F31A38A601 SWCT=4257 CPUS=1 RCTF=00[-] FLG1=82 DSP1=00[-] | OUCB@FE7530 QFL=00[-] SFL=00 EFL=00 UFL=00 SRC=00 SWC=0001
20:27:49    distinct ASCBSTOR so far: 2 ['0FAF3C00', '0FC26C00'] | samples=660 badid=0
20:28:36 STOR=0FC26C00 EJST=00001342CF4DDE01 SWCT=4257 CPUS=1 RCTF=00[-] FLG1=80 DSP1=00[-] | OUCB@FE7530 QFL=00[-] SFL=00 EFL=00 UFL=00 SRC=00 SWC=0001
20:28:36    distinct ASCBSTOR so far: 2 ['0FAF3C00', '0FC26C00'] | samples=669 badid=0
20:29:24 STOR=0FC26C00 EJST=00001393E56A31C1 SWCT=4257 CPUS=1 RCTF=00[-] FLG1=80 DSP1=00[-] | OUCB@FE7530 QFL=00[-] SFL=00 EFL=00 UFL=00 SRC=00 SWC=0001
20:29:24    distinct ASCBSTOR so far: 2 ['0FAF3C00', '0FC26C00'] | samples=678 badid=0
20:30:13 STOR=0FC26C00 EJST=000013E9FBDF7741 SWCT=4257 CPUS=1 RCTF=00[-] FLG1=80 DSP1=00[-] | OUCB@FE7530 QFL=00[-] SFL=00 EFL=00 UFL=00 SRC=00 SWC=0001
20:30:13    distinct ASCBSTOR so far: 2 ['0FAF3C00', '0FC26C00'] | samples=687 badid=0
20:31:00 STOR=0FC26C00 EJST=0000143AACBFB481 SWCT=4257 CPUS=1 RCTF=00[-] FLG1=80 DSP1=00[-] | OUCB@FE7530 QFL=00[-] SFL=00 EFL=00 UFL=00 SRC=00 SWC=0001
20:31:00    distinct ASCBSTOR so far: 2 ['0FAF3C00', '0FC26C00'] | samples=696 badid=0
20:31:48 STOR=0FC26C00 EJST=000014840A2C2181 SWCT=4257 CPUS=1 RCTF=00[-] FLG1=80 DSP1=00[-] | OUCB@FE7530 QFL=00[-] SFL=00 EFL=00 UFL=00 SRC=00 SWC=0001
20:31:48    distinct ASCBSTOR so far: 2 ['0FAF3C00', '0FC26C00'] | samples=705 badid=0
20:32:35 STOR=0FC26C00 EJST=000014CA32119AC1 SWCT=4257 CPUS=1 RCTF=00[-] FLG1=80 DSP1=00[-] | OUCB@FE7530 QFL=00[-] SFL=00 EFL=00 UFL=00 SRC=00 SWC=0001
20:32:35    distinct ASCBSTOR so far: 2 ['0FAF3C00', '0FC26C00'] | samples=714 badid=0
20:33:24 STOR=0FC26C00 EJST=0000151FBB3DF681 SWCT=4257 CPUS=1 RCTF=00[-] FLG1=82 DSP1=00[-] | OUCB@FE7530 QFL=00[-] SFL=00 EFL=00 UFL=00 SRC=00 SWC=0001
20:33:24    distinct ASCBSTOR so far: 2 ['0FAF3C00', '0FC26C00'] | samples=723 badid=0
20:34:11 STOR=0FC26C00 EJST=0000156FB2A10F41 SWCT=4257 CPUS=1 RCTF=00[-] FLG1=80 DSP1=00[-] | OUCB@FE7530 QFL=00[-] SFL=00 EFL=00 UFL=00 SRC=00 SWC=0001
20:34:11    distinct ASCBSTOR so far: 2 ['0FAF3C00', '0FC26C00'] | samples=732 badid=0
20:34:59 STOR=0FC26C00 EJST=000015C6B3D35F01 SWCT=4257 CPUS=1 RCTF=00[-] FLG1=80 DSP1=00[-] | OUCB@FE7530 QFL=00[-] SFL=00 EFL=00 UFL=00 SRC=00 SWC=0001
20:34:59    distinct ASCBSTOR so far: 2 ['0FAF3C00', '0FC26C00'] | samples=741 badid=0
20:35:47 STOR=0FC26C00 EJST=0000161FC54D4781 SWCT=4257 CPUS=1 RCTF=00[-] FLG1=80 DSP1=00[-] | OUCB@FE7530 QFL=00[-] SFL=00 EFL=00 UFL=00 SRC=00 SWC=0001
20:35:47    distinct ASCBSTOR so far: 2 ['0FAF3C00', '0FC26C00'] | samples=750 badid=0
20:36:34 STOR=0FC26C00 EJST=00001667C5CA7D01 SWCT=4257 CPUS=1 RCTF=00[-] FLG1=80 DSP1=00[-] | OUCB@FE7530 QFL=00[-] SFL=00 EFL=00 UFL=00 SRC=00 SWC=0001
20:36:34    distinct ASCBSTOR so far: 2 ['0FAF3C00', '0FC26C00'] | samples=759 badid=0
20:37:22 STOR=0FC26C00 EJST=000016B48E6DC281 SWCT=4257 CPUS=1 RCTF=00[-] FLG1=80 DSP1=00[-] | OUCB@FE7530 QFL=00[-] SFL=00 EFL=00 UFL=00 SRC=00 SWC=0001
20:37:22    distinct ASCBSTOR so far: 2 ['0FAF3C00', '0FC26C00'] | samples=768 badid=0
20:37:59 BADID ASCBASID=0000 expected 000B -- sample EXCLUDED
20:38:04 BADID ASCBASID=0000 expected 000B -- sample EXCLUDED
20:38:09 BADID ASCBASID=0000 expected 000B -- sample EXCLUDED
20:38:14 BADID ASCBASID=0000 expected 000B -- sample EXCLUDED
20:38:20 BADID ASCBASID=0000 expected 000B -- sample EXCLUDED
20:38:25 BADID ASCBASID=0000 expected 000B -- sample EXCLUDED
20:38:30 *** ASCBSTOR CHANGED 0FC26C00 -> 0F995C00 -- a swap cycle COMPLETED ***
20:38:30 STOR=0F995C00 EJST=0000000018CC0680 SWCT=77 CPUS=0 RCTF=00[-] FLG1=80 DSP1=00[-] | OUCB@FE7530 QFL=00[-] SFL=00 EFL=00 UFL=00 SRC=00 SWC=0000
20:38:30    distinct ASCBSTOR so far: 3 ['0F995C00', '0FAF3C00', '0FC26C00'] | samples=775 badid=6
20:39:17 STOR=0F995C00 EJST=00000000466A8040 SWCT=725 CPUS=0 RCTF=00[-] FLG1=80 DSP1=00[-] | OUCB@FE7530 QFL=00[-] SFL=00 EFL=00 UFL=00 SRC=00 SWC=0000
20:39:17    distinct ASCBSTOR so far: 3 ['0F995C00', '0FAF3C00', '0FC26C00'] | samples=784 badid=6
