11:33:54 transition catcher armed on ASCB FF9200
11:34:25 ...flat 30s, waiting for the exit instant
11:42:52 *** TRANSITION after 508s flat -- reading TCBs NOW ***
=== 2026-08-27 11:42:52 CEST  [NSFS-AT-EXIT]  ASCB=FF9200 ===
  ASID=000B CPUS=1 EJST=0000049839A0D240 SWCT=3375 ASCBSTOR=0F8BCC00
  RCTF=00[-]  FLG1=80[-]  DSP1=00[-]
  OUCB  @FE72D0 eye=OUCB OUCBASCB=FF9200 IDENTITY OK
        QFL=00[-] SFL=00[-] EFL=00[-] UFL=00[-] CFL=00[-]
        SRC(swapout reason)=00 SWC=6 NDS(dontswaps)=0 DMN=1 YFL=40 AFL=58 TFL=83
        FWD=FE4DF0 BCK=FE7238 ACT(action q)=000000 ACN=0000
  OUXB  @FE7498 : page not mapped -- NOT READ
  ASXB  virt=9DF300 real=8BC300 FTCB=9DD148 LTCB=9CE0C0 TCBS=6
   TCB0  9DD148 PKF=00 FLGS5=00 SCNDY=00000000 OTC=000000 RBP=9DE6E0
         RB=9DE6E0 TYPE=SVRB WCF=1 INTCOD=0001(SVC 1) FLAGS1=42[XWAIT ] STAB2=22[] CDE=000000
         RBOPSW=070C1000 00E085EC
   TCB1  9DE3A0 PKF=00 FLGS5=01 SCNDY=00001000 OTC=9DD148 RBP=9DE0C0
         RB=9DE0C0 TYPE=PRB  WCF=1 INTCOD=0074(SVC 116) FLAGS1=02[] STAB2=82[TCBNXT] CDE=FF9E40
         RBOPSW=070C0000 00DC3104
   TCB2  9DE150 PKF=80 FLGS5=01 SCNDY=00001000 OTC=9DD148 RBP=9DCF98
         RB=9DCF98 TYPE=PRB  WCF=1 INTCOD=0001(SVC 1) FLAGS1=42[XWAIT ] STAB2=03[ECBWT ] CDE=FD9000
         RBOPSW=070C1000 00E99112
   TCB3  9DC7B0 PKF=80 FLGS5=01 SCNDY=00001000 OTC=9DE150 RBP=9DE7D0
         RB=9DE7D0 TYPE=SVRB WCF=0 INTCOD=0000(SVC 0) FLAGS1=00[] STAB2=22[] CDE=000000
         RBOPSW=070C0000 0000DC8E
   TCB4  9CE310 PKF=80 FLGS5=01 SCNDY=00001000 OTC=9DC7B0 RBP=9CE270
         RB=9CE270 TYPE=IRB  WCF=0 INTCOD=0000(SVC 0) FLAGS1=00[] STAB2=4E[] CDE=0C8880
         RBOPSW=078D1000 000C8880
   TCB5  9CE0C0 PKF=80 FLGS5=01 SCNDY=00001000 OTC=9DC7B0 RBP=9B9B88
         RB=9B9B88 TYPE=IRB  WCF=0 INTCOD=0000(SVC 0) FLAGS1=00[] STAB2=4E[] CDE=0C8880
         RBOPSW=078D1000 000C8880


