10:42:38 anchor A8B7C8 -> server_ascb FF9200 ; others: HTTPD=FF9748
10:42:38 baseline EJST 00000000B3294E00
10:42:48 sample   1 EJST=00000000BC0A05C0 delta=148944832 
10:42:59 sample   2 EJST=00000000C479B940 delta=141538176 
10:43:09 sample   3 EJST=00000000CCD5DF80 delta=140256832 
10:43:19 sample   4 EJST=00000000D5250840 delta=139405504 
10:43:29 sample   5 EJST=00000000DD373440 delta=135408640 
10:43:39 sample   6 EJST=00000002DE3FBEC0 delta=8607271552 
10:43:49 sample   7 EJST=0000000D384B9000 delta=44460396864 
10:43:59 sample   8 EJST=000000177CC3D080 delta=44098404480 
10:44:10 sample   9 EJST=0000001D4C25B5C0 delta=24954135872 
10:44:20 sample  10 EJST=0000001D4C25B5C0 delta=0 <<< FLAT
10:44:30 sample  11 EJST=0000001D4C25B5C0 delta=0 <<< FLAT
10:44:40 sample  12 EJST=0000001D4C25B5C0 delta=0 <<< FLAT
10:44:40 *** STALL: EJST flat for 3 samples (>=30s) -- taking passive readings BEFORE any intervention ***
10:44:40 ---- PASSIVE READING PASS [STALL-pass1] ----
ANCHOR inflight=1 served=341 reaped=0 exhausted=3770 collisions=241430
  SLOT0  state=1 reply_ecb=809DE5F0[WAIT ] req_ascb=FE7980 req_asid=0007
  SLOT1  state=4 reply_ecb=40000000[POSTED] req_ascb=FE7980 req_asid=0007
  SLOT2  state=4 reply_ecb=00000000[] req_ascb=000000 req_asid=0000
  SLOT3  state=4 reply_ecb=00000000[] req_ascb=000000 req_asid=0000
  SLOT4  state=4 reply_ecb=00000000[] req_ascb=000000 req_asid=0000
  SLOT5  state=4 reply_ecb=00000000[] req_ascb=000000 req_asid=0000
  SLOT6  state=4 reply_ecb=00000000[] req_ascb=000000 req_asid=0000
  SLOT7  state=4 reply_ecb=00000000[] req_ascb=000000 req_asid=0000
  SLOT8  state=4 reply_ecb=00000000[] req_ascb=000000 req_asid=0000
  SLOT9  state=4 reply_ecb=00000000[] req_ascb=000000 req_asid=0000
  SLOT10 state=4 reply_ecb=00000000[] req_ascb=000000 req_asid=0000
  SLOT11 state=4 reply_ecb=00000000[] req_ascb=000000 req_asid=0000
  SLOT12 state=4 reply_ecb=00000000[] req_ascb=000000 req_asid=0000
  SLOT13 state=4 reply_ecb=00000000[] req_ascb=000000 req_asid=0000
  SLOT14 state=4 reply_ecb=00000000[] req_ascb=000000 req_asid=0000
  SLOT15 state=4 reply_ecb=00000000[] req_ascb=000000 req_asid=0000
  SLOT16 state=4 reply_ecb=00000000[] req_ascb=000000 req_asid=0000
  SLOT17 state=4 reply_ecb=00000000[] req_ascb=000000 req_asid=0000
  SLOT18 state=4 reply_ecb=00000000[] req_ascb=000000 req_asid=0000
  SLOT19 state=4 reply_ecb=00000000[] req_ascb=000000 req_asid=0000
  SLOT20 state=4 reply_ecb=00000000[] req_ascb=000000 req_asid=0000
  SLOT21 state=4 reply_ecb=00000000[] req_ascb=000000 req_asid=0000
  SLOT22 state=4 reply_ecb=00000000[] req_ascb=000000 req_asid=0000
  SLOT23 state=4 reply_ecb=00000000[] req_ascb=000000 req_asid=0000
  SLOT24 state=4 reply_ecb=00000000[] req_ascb=000000 req_asid=0000
  SLOT25 state=4 reply_ecb=00000000[] req_ascb=000000 req_asid=0000
  SLOT26 state=4 reply_ecb=00000000[] req_ascb=000000 req_asid=0000
  SLOT27 state=4 reply_ecb=00000000[] req_ascb=000000 req_asid=0000
  SLOT28 state=4 reply_ecb=00000000[] req_ascb=000000 req_asid=0000
  SLOT29 state=4 reply_ecb=00000000[] req_ascb=000000 req_asid=0000
  SLOT30 state=4 reply_ecb=00000000[] req_ascb=000000 req_asid=0000
  SLOT31 state=4 reply_ecb=00000000[] req_ascb=000000 req_asid=0000
  SLOT32 state=4 reply_ecb=00000000[] req_ascb=000000 req_asid=0000
  SLOT33 state=4 reply_ecb=00000000[] req_ascb=000000 req_asid=0000
  SLOT34 state=4 reply_ecb=00000000[] req_ascb=000000 req_asid=0000
  SLOT35 state=4 reply_ecb=00000000[] req_ascb=000000 req_asid=0000
  SLOT36 state=4 reply_ecb=00000000[] req_ascb=000000 req_asid=0000
  SLOT37 state=4 reply_ecb=00000000[] req_ascb=000000 req_asid=0000
  SLOT38 state=4 reply_ecb=00000000[] req_ascb=000000 req_asid=0000
  SLOT39 state=4 reply_ecb=00000000[] req_ascb=000000 req_asid=0000
  SLOT40 state=4 reply_ecb=00000000[] req_ascb=000000 req_asid=0000
  SLOT41 state=4 reply_ecb=00000000[] req_ascb=000000 req_asid=0000
  SLOT42 state=4 reply_ecb=00000000[] req_ascb=000000 req_asid=0000
  SLOT43 state=4 reply_ecb=00000000[] req_ascb=000000 req_asid=0000
  SLOT44 state=4 reply_ecb=00000000[] req_ascb=000000 req_asid=0000
  SLOT45 state=4 reply_ecb=00000000[] req_ascb=000000 req_asid=0000
  SLOT46 state=4 reply_ecb=00000000[] req_ascb=000000 req_asid=0000
  SLOT47 state=4 reply_ecb=00000000[] req_ascb=000000 req_asid=0000
  SLOT48 state=4 reply_ecb=00000000[] req_ascb=000000 req_asid=0000
  SLOT49 state=4 reply_ecb=00000000[] req_ascb=000000 req_asid=0000
  SLOT50 state=4 reply_ecb=00000000[] req_ascb=000000 req_asid=0000
  SLOT51 state=4 reply_ecb=00000000[] req_ascb=000000 req_asid=0000
  SLOT52 state=4 reply_ecb=00000000[] req_ascb=000000 req_asid=0000
  SLOT53 state=4 reply_ecb=00000000[] req_ascb=000000 req_asid=0000
  SLOT54 state=4 reply_ecb=00000000[] req_ascb=000000 req_asid=0000
  SLOT55 state=4 reply_ecb=00000000[] req_ascb=000000 req_asid=0000
  SLOT56 state=4 reply_ecb=00000000[] req_ascb=000000 req_asid=0000
  SLOT57 state=4 reply_ecb=00000000[] req_ascb=000000 req_asid=0000
  SLOT58 state=4 reply_ecb=00000000[] req_ascb=000000 req_asid=0000
  SLOT59 state=4 reply_ecb=00000000[] req_ascb=000000 req_asid=0000
  SLOT60 state=4 reply_ecb=00000000[] req_ascb=000000 req_asid=0000
  SLOT61 state=4 reply_ecb=00000000[] req_ascb=000000 req_asid=0000
  SLOT62 state=3 reply_ecb=00000000[] req_ascb=000000 req_asid=0000
  SLOT63 state=3 reply_ecb=00000000[] req_ascb=000000 req_asid=0000
10:44:45 HHC01603I psw
10:44:45 HHC02278I Processor CP00 PSW: 070E0000 00000000
10:44:45 HHC02300I sm=07 pk=0 cmwp=E as=pri cc=0 pm=0 am=24 ia=0
10:44:45 HHC02313I State: Enabled Wait
10:44:46 HHC01603I cpu 1
10:44:46 HHC01603I psw
10:44:46 HHC02278I Processor CP01 PSW: 070E0000 00000000
10:44:46 HHC02300I sm=07 pk=0 cmwp=E as=pri cc=0 pm=0 am=24 ia=0
10:44:46 HHC02313I State: Enabled Wait
10:44:46 HHC01603I cpu 0
10:44:47 HHC01603I qproc
10:44:47 HHC17007I NumCPU = 02, NumVEC = 00, ReservedCPU = 06, MaxCPU = 08
10:44:47 HHC17008I Avgproc  02 001%; MIPS[   0.96]; SIOS[     3]
10:44:47 HHC17009I PROC CP00 - 002%; MIPS[   0.79]; SIOS[     3]
10:44:47 HHC17009I PROC CP01 - 001%; MIPS[   0.16]; SIOS[     0]
10:44:47 HHC17010I  - Started        : Stopping        * Stopped

=== 2026-08-27 10:44:49 CEST  [NSFS]  ASCB=FF9200 ===
  ASID=000B CPUS=0 EJST=0000001D4C25B5C0 SWCT=3274 ASCBSTOR=0FA4AC00
  RCTF=00[-]  FLG1=80[-]  DSP1=00[-]
  OUCB  @FE72D0 eye=OUCB OUCBASCB=FF9200 IDENTITY OK
        QFL=80[GOO] SFL=00[-] EFL=04[-] UFL=00[-] CFL=00[-]
        SRC(swapout reason)=09 SWC=0 NDS(dontswaps)=0 DMN=1 YFL=40 AFL=58 TFL=83
        FWD=FE7238 BCK=FE4D58 ACT(action q)=000000 ACN=0000
  OUXB  @FE7368 eye=OUXB OUXBRSW(REQSWAP ecb)=00000000
  ASXB  virt=9DF300 real=A4A300 FTCB=9DD148 LTCB=9CE0C0 TCBS=6
   TCB0  9DD148 PKF=00 FLGS5=00 SCNDY=00000000 OTC=000000 RBP=9DE7D0
         RB=9DE7D0 TYPE=SVRB WCF=1 INTCOD=0001(SVC 1) FLAGS1=42[XWAIT ] STAB2=22[] CDE=000000
         RBOPSW=070C1000 00E085EC
   TCB1  9DE3A0 PKF=00 FLGS5=01 SCNDY=00001000 OTC=9DD148 RBP=9DE0C0
         RB=9DE0C0 TYPE=PRB  WCF=1 INTCOD=0074(SVC 116) FLAGS1=02[] STAB2=82[TCBNXT] CDE=FF9E40
         RBOPSW=070C0000 00DC3104
   TCB2  9DE150 PKF=80 FLGS5=01 SCNDY=00001000 OTC=9DD148 RBP=9DCF98
         RB=9DCF98 TYPE=PRB  WCF=1 INTCOD=0001(SVC 1) FLAGS1=42[XWAIT ] STAB2=03[ECBWT ] CDE=FD9000
         RBOPSW=070C1000 00E99112
   TCB3  9DC7B0 PKF=80 FLGS5=01 SCNDY=00001000 OTC=9DE150 RBP=9DE6E0
         RB=9DE6E0 TYPE=SVRB WCF=0 INTCOD=0000(SVC 0) FLAGS1=00[] STAB2=22[] CDE=000000
         RBOPSW=070C0000 0000DC8E
   TCB4  9CE310 PKF=80 FLGS5=01 SCNDY=00001000 OTC=9DC7B0 RBP=9CE270
         RB=9CE270 TYPE=IRB  WCF=0 INTCOD=0000(SVC 0) FLAGS1=00[] STAB2=4E[] CDE=0C8880
         RBOPSW=078D1000 000C8880
   TCB5  9CE0C0 PKF=80 FLGS5=01 SCNDY=00001000 OTC=9DC7B0 RBP=9B9B88
         RB=9B9B88 TYPE=IRB  WCF=0 INTCOD=0000(SVC 0) FLAGS1=00[] STAB2=4E[] CDE=0C8880
         RBOPSW=078D1000 000C8880

=== 2026-08-27 10:45:47 CEST  [HTTPD]  ASCB=FF9748 ===
  ASID=000A CPUS=1 EJST=0000000B2A3D1380 SWCT=7717 ASCBSTOR=0FAC1C00
  RCTF=00[-]  FLG1=80[-]  DSP1=00[-]
  OUCB  @FE4D58 eye=OUCB OUCBASCB=FF9748 IDENTITY OK
        QFL=00[-] SFL=00[-] EFL=00[-] UFL=00[-] CFL=00[-]
        SRC(swapout reason)=00 SWC=0 NDS(dontswaps)=0 DMN=1 YFL=40 AFL=48 TFL=83
        FWD=FE72D0 BCK=FE4CC0 ACT(action q)=000000 ACN=0000
  OUXB  @FE71A0 eye=OUXB OUXBRSW(REQSWAP ecb)=00000000
  ASXB  virt=9DF300 real=AC1300 FTCB=9DD148 LTCB=9BB8F8 TCBS=9
   TCB0  9DD148 PKF=00 FLGS5=00 SCNDY=00000000 OTC=000000 RBP=9DEE58
         RB=9DEE58 TYPE=PRB  WCF=1 INTCOD=0001(SVC 1) FLAGS1=42[XWAIT ] STAB2=83[ECBWT TCBNXT] CDE=FE00B0
         RBOPSW=070C1000 00047422
   TCB1  9DE3A0 PKF=00 FLGS5=00 SCNDY=00000000 OTC=9DD148 RBP=9DE0C0
         RB=9DE0C0 TYPE=PRB  WCF=1 INTCOD=0074(SVC 116) FLAGS1=02[] STAB2=82[TCBNXT] CDE=FF9E40
         RBOPSW=070C0000 00DC3104
   TCB2  9DE150 PKF=80 FLGS5=00 SCNDY=00000000 OTC=9DD148 RBP=9DCF98
         RB=9DCF98 TYPE=PRB  WCF=1 INTCOD=0001(SVC 1) FLAGS1=42[XWAIT ] STAB2=03[ECBWT ] CDE=FD9000
         RBOPSW=070C1000 00E99112
   TCB3  9DC328 PKF=80 FLGS5=00 SCNDY=00000000 OTC=9DE150 RBP=9CDF98
         RB=9CDF98 TYPE=PRB  WCF=1 INTCOD=0001(SVC 1) FLAGS1=40[XWAIT ] STAB2=82[TCBNXT] CDE=9DD028
         RBOPSW=078D1000 00099260
   TCB4  9CDA20 PKF=80 FLGS5=00 SCNDY=00000000 OTC=9DC328 RBP=9DE6E0
         RB=9DE6E0 TYPE=SVRB WCF=1 INTCOD=0071(SVC 113) FLAGS1=40[XWAIT ] STAB2=22[] CDE=000000
         RBOPSW=070C2000 00D7AD06
   TCB5  9CD740 PKF=80 FLGS5=00 SCNDY=00000000 OTC=9DC328 RBP=9CD6B0
         RB=9CD6B0 TYPE=PRB  WCF=1 INTCOD=0001(SVC 1) FLAGS1=40[XWAIT ] STAB2=82[TCBNXT] CDE=9DE048
         RBOPSW=078D1000 000CC856
   TCB6  9CD388 PKF=80 FLGS5=00 SCNDY=00000000 OTC=9CD740 RBP=9BB868
         RB=9BB868 TYPE=PRB  WCF=1 INTCOD=0001(SVC 1) FLAGS1=42[XWAIT ] STAB2=82[TCBNXT] CDE=9DE048
         RBOPSW=078D2000 000BEF62
   TCB7  9CD058 PKF=80 FLGS5=00 SCNDY=00000000 OTC=9CD740 RBP=9CD548
         RB=9CD548 TYPE=PRB  WCF=1 INTCOD=0001(SVC 1) FLAGS1=42[XWAIT ] STAB2=82[TCBNXT] CDE=9DE048
         RBOPSW=078D2000 000BEF62
   TCB8  9BB8F8 PKF=80 FLGS5=00 SCNDY=00000000 OTC=9CD740 RBP=9CD218
         RB=9CD218 TYPE=PRB  WCF=1 INTCOD=0001(SVC 1) FLAGS1=42[XWAIT ] STAB2=82[TCBNXT] CDE=9DE048
         RBOPSW=078D2000 000BEF62


10:46:54 ---- END PASS [STALL-pass1] ----
10:46:54 ---- PASSIVE READING PASS [STALL-pass2] ----
ANCHOR inflight=1 served=341 reaped=0 exhausted=16792 collisions=1074838
  SLOT0  state=1 reply_ecb=809DE5F0[WAIT ] req_ascb=FE7980 req_asid=0007
  SLOT1  state=4 reply_ecb=40000000[POSTED] req_ascb=FE7980 req_asid=0007
  SLOT2  state=4 reply_ecb=00000000[] req_ascb=000000 req_asid=0000
  SLOT3  state=4 reply_ecb=00000000[] req_ascb=000000 req_asid=0000
  SLOT4  state=4 reply_ecb=00000000[] req_ascb=000000 req_asid=0000
  SLOT5  state=4 reply_ecb=00000000[] req_ascb=000000 req_asid=0000
  SLOT6  state=4 reply_ecb=00000000[] req_ascb=000000 req_asid=0000
  SLOT7  state=4 reply_ecb=00000000[] req_ascb=000000 req_asid=0000
  SLOT8  state=4 reply_ecb=00000000[] req_ascb=000000 req_asid=0000
  SLOT9  state=4 reply_ecb=00000000[] req_ascb=000000 req_asid=0000
  SLOT10 state=4 reply_ecb=00000000[] req_ascb=000000 req_asid=0000
  SLOT11 state=4 reply_ecb=00000000[] req_ascb=000000 req_asid=0000
  SLOT12 state=4 reply_ecb=00000000[] req_ascb=000000 req_asid=0000
  SLOT13 state=4 reply_ecb=00000000[] req_ascb=000000 req_asid=0000
  SLOT14 state=4 reply_ecb=00000000[] req_ascb=000000 req_asid=0000
  SLOT15 state=4 reply_ecb=00000000[] req_ascb=000000 req_asid=0000
  SLOT16 state=4 reply_ecb=00000000[] req_ascb=000000 req_asid=0000
  SLOT17 state=4 reply_ecb=00000000[] req_ascb=000000 req_asid=0000
  SLOT18 state=4 reply_ecb=00000000[] req_ascb=000000 req_asid=0000
  SLOT19 state=4 reply_ecb=00000000[] req_ascb=000000 req_asid=0000
  SLOT20 state=4 reply_ecb=00000000[] req_ascb=000000 req_asid=0000
  SLOT21 state=4 reply_ecb=00000000[] req_ascb=000000 req_asid=0000
  SLOT22 state=4 reply_ecb=00000000[] req_ascb=000000 req_asid=0000
  SLOT23 state=4 reply_ecb=00000000[] req_ascb=000000 req_asid=0000
  SLOT24 state=4 reply_ecb=00000000[] req_ascb=000000 req_asid=0000
  SLOT25 state=4 reply_ecb=00000000[] req_ascb=000000 req_asid=0000
  SLOT26 state=4 reply_ecb=00000000[] req_ascb=000000 req_asid=0000
  SLOT27 state=4 reply_ecb=00000000[] req_ascb=000000 req_asid=0000
  SLOT28 state=4 reply_ecb=00000000[] req_ascb=000000 req_asid=0000
  SLOT29 state=4 reply_ecb=00000000[] req_ascb=000000 req_asid=0000
  SLOT30 state=4 reply_ecb=00000000[] req_ascb=000000 req_asid=0000
  SLOT31 state=4 reply_ecb=00000000[] req_ascb=000000 req_asid=0000
  SLOT32 state=4 reply_ecb=00000000[] req_ascb=000000 req_asid=0000
  SLOT33 state=4 reply_ecb=00000000[] req_ascb=000000 req_asid=0000
  SLOT34 state=4 reply_ecb=00000000[] req_ascb=000000 req_asid=0000
  SLOT35 state=4 reply_ecb=00000000[] req_ascb=000000 req_asid=0000
  SLOT36 state=4 reply_ecb=00000000[] req_ascb=000000 req_asid=0000
  SLOT37 state=4 reply_ecb=00000000[] req_ascb=000000 req_asid=0000
  SLOT38 state=4 reply_ecb=00000000[] req_ascb=000000 req_asid=0000
  SLOT39 state=4 reply_ecb=00000000[] req_ascb=000000 req_asid=0000
  SLOT40 state=4 reply_ecb=00000000[] req_ascb=000000 req_asid=0000
  SLOT41 state=4 reply_ecb=00000000[] req_ascb=000000 req_asid=0000
  SLOT42 state=4 reply_ecb=00000000[] req_ascb=000000 req_asid=0000
  SLOT43 state=4 reply_ecb=00000000[] req_ascb=000000 req_asid=0000
  SLOT44 state=4 reply_ecb=00000000[] req_ascb=000000 req_asid=0000
  SLOT45 state=4 reply_ecb=00000000[] req_ascb=000000 req_asid=0000
  SLOT46 state=4 reply_ecb=00000000[] req_ascb=000000 req_asid=0000
  SLOT47 state=4 reply_ecb=00000000[] req_ascb=000000 req_asid=0000
  SLOT48 state=4 reply_ecb=00000000[] req_ascb=000000 req_asid=0000
  SLOT49 state=4 reply_ecb=00000000[] req_ascb=000000 req_asid=0000
  SLOT50 state=4 reply_ecb=00000000[] req_ascb=000000 req_asid=0000
  SLOT51 state=4 reply_ecb=00000000[] req_ascb=000000 req_asid=0000
  SLOT52 state=4 reply_ecb=00000000[] req_ascb=000000 req_asid=0000
  SLOT53 state=4 reply_ecb=00000000[] req_ascb=000000 req_asid=0000
  SLOT54 state=4 reply_ecb=00000000[] req_ascb=000000 req_asid=0000
  SLOT55 state=4 reply_ecb=00000000[] req_ascb=000000 req_asid=0000
  SLOT56 state=4 reply_ecb=00000000[] req_ascb=000000 req_asid=0000
  SLOT57 state=4 reply_ecb=00000000[] req_ascb=000000 req_asid=0000
  SLOT58 state=4 reply_ecb=00000000[] req_ascb=000000 req_asid=0000
  SLOT59 state=4 reply_ecb=00000000[] req_ascb=000000 req_asid=0000
  SLOT60 state=4 reply_ecb=00000000[] req_ascb=000000 req_asid=0000
  SLOT61 state=4 reply_ecb=00000000[] req_ascb=000000 req_asid=0000
  SLOT62 state=3 reply_ecb=00000000[] req_ascb=000000 req_asid=0000
  SLOT63 state=3 reply_ecb=00000000[] req_ascb=000000 req_asid=0000
10:46:59 HHC01603I psw
10:46:59 HHC02278I Processor CP00 PSW: 070E0000 00000000
10:46:59 HHC02300I sm=07 pk=0 cmwp=E as=pri cc=0 pm=0 am=24 ia=0
10:46:59 HHC02313I State: Enabled Wait
10:46:59 HHC01603I cpu 1
10:47:00 HHC01603I psw
10:47:00 HHC02278I Processor CP01 PSW: 070E0000 00000000
10:47:00 HHC02300I sm=07 pk=0 cmwp=E as=pri cc=0 pm=0 am=24 ia=0
10:47:00 HHC02313I State: Enabled Wait
10:47:00 HHC01603I cpu 0
10:47:01 HHC01603I qproc
10:47:01 HHC17007I NumCPU = 02, NumVEC = 00, ReservedCPU = 06, MaxCPU = 08
10:47:01 HHC17008I Avgproc  02 011%; MIPS[  10.70]; SIOS[   143]
10:47:01 HHC17009I PROC CP00 - 014%; MIPS[   6.52]; SIOS[   143]
10:47:01 HHC17009I PROC CP01 - 009%; MIPS[   4.18]; SIOS[     0]
10:47:01 HHC17010I  - Started        : Stopping        * Stopped

=== 2026-08-27 10:47:03 CEST  [NSFS]  ASCB=FF9200 ===
  ASID=000B CPUS=0 EJST=0000001D4C25B5C0 SWCT=3278 ASCBSTOR=0FA4AC00
  RCTF=00[-]  FLG1=80[-]  DSP1=00[-]
  OUCB  @FE72D0 eye=OUCB OUCBASCB=FF9200 IDENTITY OK
        QFL=80[GOO] SFL=00[-] EFL=04[-] UFL=00[-] CFL=00[-]
        SRC(swapout reason)=09 SWC=0 NDS(dontswaps)=0 DMN=1 YFL=40 AFL=58 TFL=83
        FWD=FE7238 BCK=FE4D58 ACT(action q)=000000 ACN=0000
  OUXB  @FE7368 eye=OUXB OUXBRSW(REQSWAP ecb)=00000000
  ASXB  virt=9DF300 real=A4A300 FTCB=9DD148 LTCB=9CE0C0 TCBS=6
   TCB0  9DD148 PKF=00 FLGS5=00 SCNDY=00000000 OTC=000000 RBP=9DE7D0
         RB=9DE7D0 TYPE=SVRB WCF=1 INTCOD=0001(SVC 1) FLAGS1=42[XWAIT ] STAB2=22[] CDE=000000
         RBOPSW=070C1000 00E085EC
   TCB1  9DE3A0 PKF=00 FLGS5=01 SCNDY=00001000 OTC=9DD148 RBP=9DE0C0
         RB=9DE0C0 TYPE=PRB  WCF=1 INTCOD=0074(SVC 116) FLAGS1=02[] STAB2=82[TCBNXT] CDE=FF9E40
         RBOPSW=070C0000 00DC3104
   TCB2  9DE150 PKF=80 FLGS5=01 SCNDY=00001000 OTC=9DD148 RBP=9DCF98
         RB=9DCF98 TYPE=PRB  WCF=1 INTCOD=0001(SVC 1) FLAGS1=42[XWAIT ] STAB2=03[ECBWT ] CDE=FD9000
         RBOPSW=070C1000 00E99112
   TCB3  9DC7B0 PKF=80 FLGS5=01 SCNDY=00001000 OTC=9DE150 RBP=9DE6E0
         RB=9DE6E0 TYPE=SVRB WCF=0 INTCOD=0000(SVC 0) FLAGS1=00[] STAB2=22[] CDE=000000
         RBOPSW=070C0000 0000DC8E
   TCB4  9CE310 PKF=80 FLGS5=01 SCNDY=00001000 OTC=9DC7B0 RBP=9CE270
         RB=9CE270 TYPE=IRB  WCF=0 INTCOD=0000(SVC 0) FLAGS1=00[] STAB2=4E[] CDE=0C8880
         RBOPSW=078D1000 000C8880
   TCB5  9CE0C0 PKF=80 FLGS5=01 SCNDY=00001000 OTC=9DC7B0 RBP=9B9B88
         RB=9B9B88 TYPE=IRB  WCF=0 INTCOD=0000(SVC 0) FLAGS1=00[] STAB2=4E[] CDE=0C8880
         RBOPSW=078D1000 000C8880

=== 2026-08-27 10:48:01 CEST  [HTTPD]  ASCB=FF9748 ===
  ASID=000A CPUS=1 EJST=0000000E6E51E280 SWCT=10194 ASCBSTOR=0FAC1C00
  RCTF=00[-]  FLG1=80[-]  DSP1=00[-]
  OUCB  @FE4D58 eye=OUCB OUCBASCB=FF9748 IDENTITY OK
        QFL=00[-] SFL=00[-] EFL=00[-] UFL=00[-] CFL=00[-]
        SRC(swapout reason)=00 SWC=0 NDS(dontswaps)=0 DMN=1 YFL=40 AFL=48 TFL=83
        FWD=FE72D0 BCK=FE4CC0 ACT(action q)=000000 ACN=0000
  OUXB  @FE71A0 eye=OUXB OUXBRSW(REQSWAP ecb)=00000000
  ASXB  virt=9DF300 real=AC1300 FTCB=9DD148 LTCB=9BB8F8 TCBS=9
   TCB0  9DD148 PKF=00 FLGS5=00 SCNDY=00000000 OTC=000000 RBP=9DEE58
         RB=9DEE58 TYPE=PRB  WCF=1 INTCOD=0001(SVC 1) FLAGS1=42[XWAIT ] STAB2=83[ECBWT TCBNXT] CDE=FE00B0
         RBOPSW=070C1000 00047422
   TCB1  9DE3A0 PKF=00 FLGS5=00 SCNDY=00000000 OTC=9DD148 RBP=9DE0C0
         RB=9DE0C0 TYPE=PRB  WCF=1 INTCOD=0074(SVC 116) FLAGS1=02[] STAB2=82[TCBNXT] CDE=FF9E40
         RBOPSW=070C0000 00DC3104
   TCB2  9DE150 PKF=80 FLGS5=00 SCNDY=00000000 OTC=9DD148 RBP=9DCF98
         RB=9DCF98 TYPE=PRB  WCF=1 INTCOD=0001(SVC 1) FLAGS1=42[XWAIT ] STAB2=03[ECBWT ] CDE=FD9000
         RBOPSW=070C1000 00E99112
   TCB3  9DC328 PKF=80 FLGS5=00 SCNDY=00000000 OTC=9DE150 RBP=9CDF98
         RB=9CDF98 TYPE=PRB  WCF=1 INTCOD=0001(SVC 1) FLAGS1=40[XWAIT ] STAB2=82[TCBNXT] CDE=9DD028
         RBOPSW=078D1000 00099260
   TCB4  9CDA20 PKF=80 FLGS5=00 SCNDY=00000000 OTC=9DC328 RBP=9DE7D0
         RB=9DE7D0 TYPE=SVRB WCF=1 INTCOD=0071(SVC 113) FLAGS1=40[XWAIT ] STAB2=22[] CDE=000000
         RBOPSW=070C2000 00D7AD06
   TCB5  9CD740 PKF=80 FLGS5=00 SCNDY=00000000 OTC=9DC328 RBP=9CD6B0
         RB=9CD6B0 TYPE=PRB  WCF=1 INTCOD=0001(SVC 1) FLAGS1=40[XWAIT ] STAB2=82[TCBNXT] CDE=9DE048
         RBOPSW=078D1000 000CC856
   TCB6  9CD388 PKF=80 FLGS5=00 SCNDY=00000000 OTC=9CD740 RBP=9BB868
         RB=9BB868 TYPE=PRB  WCF=1 INTCOD=0001(SVC 1) FLAGS1=42[XWAIT ] STAB2=82[TCBNXT] CDE=9DE048
         RBOPSW=078D2000 000BEF62
   TCB7  9CD058 PKF=80 FLGS5=00 SCNDY=00000000 OTC=9CD740 RBP=9CD548
         RB=9CD548 TYPE=PRB  WCF=1 INTCOD=0001(SVC 1) FLAGS1=42[XWAIT ] STAB2=82[TCBNXT] CDE=9DE048
         RBOPSW=078D2000 000BEF62
   TCB8  9BB8F8 PKF=80 FLGS5=00 SCNDY=00000000 OTC=9CD740 RBP=9CD218
         RB=9CD218 TYPE=PRB  WCF=1 INTCOD=0001(SVC 1) FLAGS1=42[XWAIT ] STAB2=82[TCBNXT] CDE=9DE048
         RBOPSW=078D2000 000BEF62


10:49:08 ---- END PASS [STALL-pass2] ----
10:49:08 *** PASSIVE READINGS COMPLETE -- ladder may now be driven by hand ***
10:49:18 sample  13 EJST=0000001D4C25B5C0 delta=0 <<< FLAT
10:49:28 sample  14 EJST=0000001D4C25B5C0 delta=0 <<< FLAT
10:49:38 sample  15 EJST=0000001D4C25B5C0 delta=0 <<< FLAT
10:49:48 sample  16 EJST=0000001D4C25B5C0 delta=0 <<< FLAT
10:49:58 sample  17 EJST=0000001D4C25B5C0 delta=0 <<< FLAT
10:50:08 sample  18 EJST=0000001D4C25B5C0 delta=0 <<< FLAT
10:50:18 sample  19 EJST=0000001D4C25B5C0 delta=0 <<< FLAT
10:50:28 sample  20 EJST=0000001D4C25B5C0 delta=0 <<< FLAT
10:50:39 sample  21 EJST=0000001D4C25B5C0 delta=0 <<< FLAT
10:50:49 sample  22 EJST=0000001D4C25B5C0 delta=0 <<< FLAT
10:50:59 sample  23 EJST=0000001D4C25B5C0 delta=0 <<< FLAT
10:51:09 sample  24 EJST=0000001D4C25B5C0 delta=0 <<< FLAT
10:51:19 sample  25 EJST=000000256204BDC0 delta=34726676480 
10:51:19 *** EJST RESUMED (delta=34726676480) -- stall ENDED ***
10:51:19 ---- PASSIVE READING PASS [AFTER] ----
ANCHOR inflight=0 served=1418 reaped=0 exhausted=44107 collisions=2822998
  SLOT63 state=3 reply_ecb=00000000[] req_ascb=000000 req_asid=0000
10:51:27 HHC01603I psw
10:51:27 HHC02278I Processor CP00 PSW: 070E0000 00000000
10:51:27 HHC02300I sm=07 pk=0 cmwp=E as=pri cc=0 pm=0 am=24 ia=0
10:51:27 HHC02313I State: Enabled Wait
10:51:27 HHC01603I cpu 1
10:51:27 HHC01603I psw
10:51:27 HHC02278I Processor CP01 PSW: 070C2000 00039E9E
10:51:27 HHC02300I sm=07 pk=8 cmwp=D as=pri cc=2 pm=0 am=24 ia=9994A
10:51:27 HHC02313I State: Running Normal
10:51:28 HHC01603I cpu 0
10:51:28 HHC01603I qproc
10:51:28 HHC17007I NumCPU = 02, NumVEC = 00, ReservedCPU = 06, MaxCPU = 08
10:51:28 HHC17008I Avgproc  02 050%; MIPS[  64.27]; SIOS[     3]
10:51:28 HHC17009I PROC CP00 - 059%; MIPS[  39.15]; SIOS[     3]
10:51:28 HHC17009I PROC CP01 - 042%; MIPS[  25.12]; SIOS[     0]
10:51:28 HHC17010I  - Started        : Stopping        * Stopped

=== 2026-08-27 10:51:31 CEST  [NSFS]  ASCB=FF9200 ===
  ASID=000B CPUS=1 EJST=0000004413DB1500 SWCT=3291 ASCBSTOR=0F8C3C00
  RCTF=00[-]  FLG1=80[-]  DSP1=00[-]
  OUCB  @FE72D0 eye=OUCB OUCBASCB=FF9200 IDENTITY OK
        QFL=00[-] SFL=00[-] EFL=00[-] UFL=00[-] CFL=00[-]
        SRC(swapout reason)=00 SWC=1 NDS(dontswaps)=0 DMN=1 YFL=40 AFL=58 TFL=83
        FWD=FE4F20 BCK=FE7238 ACT(action q)=000000 ACN=0000
  OUXB  @FE7498 eye=OUXB OUXBRSW(REQSWAP ecb)=00000000
  ASXB  virt=9DF300 real=8C3300 FTCB=9DD148 LTCB=9CE0C0 TCBS=6
   TCB0  9DD148 PKF=00 FLGS5=00 SCNDY=00000000 OTC=000000 RBP=9DEE58
         RB=9DEE58 TYPE=PRB  WCF=1 INTCOD=0001(SVC 1) FLAGS1=42[XWAIT ] STAB2=83[ECBWT TCBNXT] CDE=FE00B0
         RBOPSW=070C1000 00047422
   TCB1  9DE3A0 PKF=00 FLGS5=00 SCNDY=00000000 OTC=9DD148 RBP=9DE0C0
         RB=9DE0C0 TYPE=PRB  WCF=1 INTCOD=0074(SVC 116) FLAGS1=02[] STAB2=82[TCBNXT] CDE=FF9E40
         RBOPSW=070C0000 00DC3104
   TCB2  9DE150 PKF=80 FLGS5=00 SCNDY=00000000 OTC=9DD148 RBP=9DCF98
         RB=9DCF98 TYPE=PRB  WCF=1 INTCOD=0001(SVC 1) FLAGS1=42[XWAIT ] STAB2=03[ECBWT ] CDE=FD9000
         RBOPSW=070C1000 00E99112
   TCB3  9DC7B0 PKF=80 FLGS5=00 SCNDY=00000000 OTC=9DE150 RBP=9DE6E0
         RB=9DE6E0 TYPE=SVRB WCF=0 INTCOD=0071(SVC 113) FLAGS1=00[] STAB2=22[] CDE=000000
         RBOPSW=070C0000 0000DC8E
   TCB4  9CE310 PKF=80 FLGS5=00 SCNDY=00000000 OTC=9DC7B0 RBP=9CEEB8
         RB=9CEEB8 TYPE=PRB  WCF=1 INTCOD=0001(SVC 1) FLAGS1=40[XWAIT ] STAB2=83[ECBWT TCBNXT] CDE=9DC068
         RBOPSW=078D1000 000C8836
   TCB5  9CE0C0 PKF=80 FLGS5=00 SCNDY=00000000 OTC=9DC7B0 RBP=9CE030
         RB=9CE030 TYPE=PRB  WCF=1 INTCOD=0001(SVC 1) FLAGS1=40[XWAIT ] STAB2=83[ECBWT TCBNXT] CDE=9DC068
         RBOPSW=078D1000 000C8836

=== 2026-08-27 10:52:24 CEST  [HTTPD]  ASCB=FF9748 ===
  ASID=000A CPUS=1 EJST=00000028BB1D8100 SWCT=14816 ASCBSTOR=0FAC1C00
  RCTF=00[-]  FLG1=80[-]  DSP1=00[-]
  OUCB  @FE4D58 eye=OUCB OUCBASCB=FF9748 IDENTITY OK
        QFL=00[-] SFL=00[-] EFL=00[-] UFL=00[-] CFL=00[-]
        SRC(swapout reason)=00 SWC=0 NDS(dontswaps)=0 DMN=1 YFL=40 AFL=48 TFL=83
        FWD=FE72D0 BCK=FE4CC0 ACT(action q)=000000 ACN=0000
  OUXB  @FE71A0 eye=OUXB OUXBRSW(REQSWAP ecb)=00000000
  ASXB  virt=9DF300 real=AC1300 FTCB=9DD148 LTCB=9BB8F8 TCBS=9
   TCB0  9DD148 PKF=00 FLGS5=00 SCNDY=00000000 OTC=000000 RBP=9DEE58
         RB=9DEE58 TYPE=PRB  WCF=1 INTCOD=0001(SVC 1) FLAGS1=42[XWAIT ] STAB2=83[ECBWT TCBNXT] CDE=FE00B0
         RBOPSW=070C1000 00047422
   TCB1  9DE3A0 PKF=00 FLGS5=00 SCNDY=00000000 OTC=9DD148 RBP=9DE0C0
         RB=9DE0C0 TYPE=PRB  WCF=1 INTCOD=0074(SVC 116) FLAGS1=02[] STAB2=82[TCBNXT] CDE=FF9E40
         RBOPSW=070C0000 00DC3104
   TCB2  9DE150 PKF=80 FLGS5=00 SCNDY=00000000 OTC=9DD148 RBP=9DCF98
         RB=9DCF98 TYPE=PRB  WCF=1 INTCOD=0001(SVC 1) FLAGS1=42[XWAIT ] STAB2=03[ECBWT ] CDE=FD9000
         RBOPSW=070C1000 00E99112
   TCB3  9DC328 PKF=80 FLGS5=00 SCNDY=00000000 OTC=9DE150 RBP=9CDF98
         RB=9CDF98 TYPE=PRB  WCF=1 INTCOD=0001(SVC 1) FLAGS1=40[XWAIT ] STAB2=82[TCBNXT] CDE=9DD028
         RBOPSW=078D1000 00099260
   TCB4  9CDA20 PKF=80 FLGS5=00 SCNDY=00000000 OTC=9DC328 RBP=9DE7D0
         RB=9DE7D0 TYPE=SVRB WCF=1 INTCOD=0071(SVC 113) FLAGS1=40[XWAIT ] STAB2=22[] CDE=000000
         RBOPSW=070C2000 00D7AD06
   TCB5  9CD740 PKF=80 FLGS5=00 SCNDY=00000000 OTC=9DC328 RBP=9CD6B0
         RB=9CD6B0 TYPE=PRB  WCF=1 INTCOD=0001(SVC 1) FLAGS1=40[XWAIT ] STAB2=82[TCBNXT] CDE=9DE048
         RBOPSW=078D1000 000CC856
   TCB6  9CD388 PKF=80 FLGS5=00 SCNDY=00000000 OTC=9CD740 RBP=9BB868
         RB=9BB868 TYPE=PRB  WCF=1 INTCOD=0001(SVC 1) FLAGS1=42[XWAIT ] STAB2=82[TCBNXT] CDE=9DE048
         RBOPSW=078D2000 000BEF62
   TCB7  9CD058 PKF=80 FLGS5=00 SCNDY=00000000 OTC=9CD740 RBP=9CD548
         RB=9CD548 TYPE=PRB  WCF=1 INTCOD=0001(SVC 1) FLAGS1=42[XWAIT ] STAB2=82[TCBNXT] CDE=9DE048
         RBOPSW=078D2000 000BEF62
   TCB8  9BB8F8 PKF=80 FLGS5=00 SCNDY=00000000 OTC=9CD740 RBP=9CD218
         RB=9CD218 TYPE=PRB  WCF=1 INTCOD=0001(SVC 1) FLAGS1=42[XWAIT ] STAB2=82[TCBNXT] CDE=9DE048
         RBOPSW=078D2000 000BEF62


10:53:30 ---- END PASS [AFTER] ----
10:53:41 sample  26 EJST=000000C577AD9480 delta=687558153920 
10:53:51 sample  27 EJST=000000CF604F5D80 delta=42557622528 
10:54:01 sample  28 EJST=000000D945A73EC0 delta=42502447424 
10:54:11 sample  29 EJST=000000E32CBA8E00 delta=42531508032 
10:54:21 sample  30 EJST=000000ED9FE0DF80 delta=44881564032 
