watching NSFS ascb=FF8B20 for 540s
time     ASCBSTOR QFL  SFL  NDS  SWC  FMCT  note
23:18:13 0FA3AC00 00   80   1    0    186   
23:18:16 0FA3AC00 00   80   1    0    186   
23:18:20 0FA3AC00 00   80   1    0    186   
23:18:23 0FA3AC00 00   80   1    0    186   
23:18:26 0FA3AC00 00   80   1    0    186   
23:18:29 0FA3AC00 00   80   1    0    186   
23:18:33 0FA3AC00 00   80   1    0    186   
23:18:36 0FA3AC00 00   80   1    0    186   
23:18:40 0FA3AC00 00   80   1    0    186   
23:18:43 0FA3AC00 00   80   1    0    186   
23:18:46 0FA3AC00 00   80   1    0    186   
23:18:49 0FA3AC00 00   80   1    0    186   
23:18:53 0FA3AC00 00   80   1    0    186   
23:18:56 0FA3AC00 00   80   1    0    186   
23:18:59 0FA3AC00 00   80   1    0    186   
23:19:03 0FA3AC00 00   80   1    0    186   
23:19:06 0FA3AC00 00   80   1    0    186   
23:19:10 0FA3AC00 00   80   1    0    186   
23:19:13 0FA3AC00 00   80   1    0    186   
23:19:16 0FA3AC00 00   80   1    0    186   
23:19:20 0FA3AC00 00   80   1    0    186   
23:19:23 0FA3AC00 00   80   1    0    186   
23:19:26 0FA3AC00 00   80   1    0    186   
23:19:30 0FA3AC00 00   80   1    0    186   
23:19:33 0FA3AC00 00   80   1    0    186   
23:19:36 0FA3AC00 00   80   1    0    186   
23:19:40 0FA3AC00 00   80   1    0    186   
23:19:43 0FA3AC00 00   80   1    0    186   
23:19:47 0FA3AC00 00   80   1    0    186   
23:19:50 0FA3AC00 00   80   1    0    186   
23:19:54 0FA3AC00 00   80   1    0    186   
23:19:57 0FA3AC00 00   80   1    0    186   
23:20:00 0FA3AC00 00   80   1    0    186   
23:20:03 0FA3AC00 00   80   1    0    186   
23:20:07 0FA3AC00 00   80   1    0    186   
23:20:10 0FA3AC00 00   80   1    0    186   
23:20:14 0FA3AC00 00   80   1    0    186   
23:20:17 0FA3AC00 00   80   1    0    186   
23:20:20 0FA3AC00 00   80   1    0    186   
23:20:23 0FA3AC00 00   80   1    0    186   
23:20:27 0FA3AC00 00   80   1    0    186   
23:20:30 0FA3AC00 00   80   1    0    186   
23:20:34 0FA3AC00 00   80   1    0    186   
23:20:37 0FA3AC00 00   80   1    0    186   
23:20:40 0FA3AC00 00   80   1    0    186   
23:20:44 0FA3AC00 00   80   1    0    186   
23:20:47 0FA3AC00 00   80   1    0    186   
23:20:50 0FA3AC00 00   80   1    0    186   
23:20:54 0FA3AC00 00   80   1    0    186   
23:20:57 0FA3AC00 00   80   1    0    186   
23:21:00 0FA3AC00 00   80   1    0    186   
23:21:04 0FA3AC00 00   80   1    0    186   
23:21:07 0FA3AC00 00   80   1    0    186   
23:21:10 0FA3AC00 00   80   1    0    186   
23:21:14 0FA3AC00 00   80   1    0    186   
23:21:17 0FA3AC00 00   80   1    0    186   
23:21:20 0FA3AC00 00   80   1    0    186   
23:21:24 0FA3AC00 00   80   1    0    186   
23:21:27 0FA3AC00 00   80   1    0    186   
23:21:30 0FA3AC00 00   80   1    0    186   
23:21:34 0FA3AC00 00   80   1    0    186   
23:21:37 0FA3AC00 00   80   1    0    186   
23:21:40 0FA3AC00 00   80   1    0    186   
23:21:44 0FA3AC00 00   80   1    0    186   
23:21:47 0FA3AC00 00   80   1    0    186   
23:21:50 0FA3AC00 00   80   1    0    186   
23:21:53 0FA3AC00 00   80   1    0    186   
23:21:57 0FA3AC00 00   80   1    0    186   
23:22:00 0FA3AC00 00   80   1    0    186   
23:22:03 0FA3AC00 00   80   1    0    186   
23:22:07 0FA3AC00 00   80   1    0    186   
23:22:10 0FA3AC00 00   80   1    0    186   
23:22:13 0FA3AC00 00   80   1    0    186   
23:22:17 0FA3AC00 00   80   1    0    186   
23:22:20 0FA3AC00 00   80   1    0    186   
23:22:23 0FA3AC00 00   80   1    0    186   
23:22:26 0FA3AC00 00   80   1    0    186   
23:22:30 0FA3AC00 00   80   1    0    186   
23:22:33 0FA3AC00 00   80   1    0    186   
23:22:37 0FA3AC00 00   80   1    0    186   
23:22:40 0FA3AC00 00   80   1    0    186   
23:22:43 0FA3AC00 00   80   1    0    186   
23:22:47 0FA3AC00 00   80   1    0    186   
23:22:50 0FA3AC00 00   80   1    0    186   
23:22:53 0FA3AC00 00   80   1    0    186   
23:22:57 0FA3AC00 00   80   1    0    186   
23:23:00 0FA3AC00 00   80   1    0    186   
23:23:03 0FA3AC00 00   80   1    0    186   
23:23:07 0FA3AC00 00   80   1    0    186   
23:23:10 0FA3AC00 00   80   1    0    186   
23:23:13 0FA3AC00 00   80   1    0    186   
23:23:17 0FA3AC00 00   80   1    0    186   
23:23:20 0FA3AC00 00   80   1    0    186   
23:23:23 0FA3AC00 00   80   1    0    186   
23:23:27 0FA3AC00 00   80   1    0    186   
23:23:30 0FA3AC00 00   80   1    0    186   
23:23:33 0FA3AC00 00   80   1    0    186   
23:23:37 0FA3AC00 00   80   1    0    186   
23:23:40 0FA3AC00 00   80   1    0    186   
23:23:43 0FA3AC00 00   80   1    0    186   
23:23:47 0FA3AC00 00   80   1    0    186   
23:23:50 0FA3AC00 00   80   1    0    186   
23:23:53 0FA3AC00 00   80   1    0    186   
23:23:57 0FA3AC00 00   80   1    0    186   
23:24:00 0FA3AC00 00   80   1    0    186   
23:24:03 0FA3AC00 00   80   1    0    186   
23:24:07 0FA3AC00 00   80   1    0    186   
23:24:10 0FA3AC00 00   80   1    0    186   
23:24:13 0FA3AC00 00   80   1    0    186   
23:24:16 0FA3AC00 00   80   1    0    186   
23:24:20 0FA3AC00 00   80   1    0    186   
23:24:23 0FA3AC00 00   80   1    0    186   
23:24:26 0FA3AC00 00   80   1    0    186   
23:24:30 0FA3AC00 00   80   1    0    186   
23:24:33 0FA3AC00 00   80   1    0    186   
23:24:36 0FA3AC00 00   80   1    0    186   
23:24:40 0FA3AC00 00   80   1    0    186   
23:24:43 0FA3AC00 00   80   1    0    186   
23:24:46 0FA3AC00 00   80   1    0    186   
23:24:50 0FA3AC00 00   80   1    0    186   
23:24:53 0FA3AC00 00   80   1    0    186   
23:24:56 0FA3AC00 00   80   1    0    186   
23:24:59 0FA3AC00 00   80   1    0    186   
23:25:03 0FA3AC00 00   80   1    0    186   
23:25:06 0FA3AC00 00   80   1    0    186   
23:25:09 0FA3AC00 00   80   1    0    186   
23:25:13 0FA3AC00 00   80   1    0    186   
23:25:16 0FA3AC00 00   80   1    0    186   
23:25:19 0FA3AC00 00   80   1    0    186   
23:25:23 0FA3AC00 00   80   1    0    186   
23:25:26 0FA3AC00 00   80   1    0    186   
23:25:29 0FA3AC00 00   80   1    0    186   
23:25:33 0FA3AC00 00   80   1    0    186   
23:25:36 0FA3AC00 00   80   1    0    186   
23:25:39 0FA3AC00 00   80   1    0    186   
23:25:43 0FA3AC00 00   80   1    0    186   
23:25:46 0FA3AC00 00   80   1    0    186   
23:25:49 0FA3AC00 00   80   1    0    186   
23:25:53 0FA3AC00 00   80   1    0    186   
23:25:56 0FA3AC00 00   80   1    0    186   
23:25:59 0FA3AC00 00   80   1    0    186   
23:26:03 0FA3AC00 00   80   1    0    186   
23:26:06 0FA3AC00 00   80   1    0    186   
23:26:09 0FA3AC00 00   80   1    0    186   
23:26:13 0FA3AC00 00   80   1    0    186   
23:26:16 0FA3AC00 00   80   1    0    186   
23:26:19 0FA3AC00 00   80   1    0    186   
23:26:22 0FA3AC00 00   80   1    0    186   
23:26:26 0FA3AC00 00   80   1    0    56    
23:26:29 0FA3AC00 00   80   1    0    56    
23:26:32 0FA3AC00 00   80   1    0    56    
23:26:36 0FA3AC00 00   80   1    0    56    
23:26:39 0FA3AC00 00   80   1    0    56    
23:26:42 0FA3AC00 00   80   1    0    56    
23:26:46 0FA3AC00 00   80   1    0    56    
23:26:49 0FA3AC00 00   80   1    0    56    
23:26:52 0FA3AC00 00   80   1    0    56    
23:26:56 0FA3AC00 00   80   1    0    56    
23:26:59 0FA3AC00 00   80   1    0    56    
23:27:02 0FA3AC00 00   80   1    0    56    
23:27:06 0FA3AC00 00   80   1    0    56    
23:27:09 0FA3AC00 00   80   1    0    56    
23:27:12 0FA3AC00 00   80   1    0    56    

SUMMARY over 163 samples: distinct ASCBSTOR=1  distinct OUCBSWC=1  QFL=GOO seen=0  peak ASCBFMCT=186 frames (744 KB)
