watching NSFS ascb=FF8B20 for 540s
time     ASCBSTOR QFL  SFL  NDS  SWC  FMCT  note
23:06:57 0F58DC00 00   00   0    0    186   !!! NSW CLEAR
23:07:01 0F58DC00 00   00   0    0    186   !!! NSW CLEAR
23:07:04 0F58DC00 00   00   0    0    186   !!! NSW CLEAR
23:07:07 0F58DC00 00   00   0    0    186   !!! NSW CLEAR
23:07:11 0F58DC00 00   00   0    0    186   !!! NSW CLEAR
23:07:14 0F58DC00 00   00   0    0    186   !!! NSW CLEAR
23:07:18 0F58DC00 00   00   0    0    186   !!! NSW CLEAR
23:07:21 0F58DC00 00   00   0    0    186   !!! NSW CLEAR
23:07:25 0F58DC00 00   00   0    0    186   !!! NSW CLEAR
23:07:28 0F58DC00 00   00   0    0    186   !!! NSW CLEAR
23:07:31 0F58DC00 00   00   0    0    186   !!! NSW CLEAR
23:07:35 0F58DC00 00   00   0    0    186   !!! NSW CLEAR
23:07:38 0F58DC00 00   00   0    0    186   !!! NSW CLEAR
23:07:41 0F58DC00 00   00   0    0    186   !!! NSW CLEAR
23:07:44 0F58DC00 00   00   0    0    186   !!! NSW CLEAR
23:07:48 0F58DC00 00   00   0    0    186   !!! NSW CLEAR
23:07:51 0F58DC00 00   00   0    0    186   !!! NSW CLEAR
23:07:54 0F58DC00 00   00   0    0    186   !!! NSW CLEAR
23:07:58 0F58DC00 00   00   0    0    186   !!! NSW CLEAR
23:08:01 0F58DC00 00   00   0    0    186   !!! NSW CLEAR
23:08:04 0F58DC00 00   00   0    0    186   !!! NSW CLEAR
23:08:08 0F58DC00 00   00   0    0    186   !!! NSW CLEAR
23:08:11 0F58DC00 00   00   0    0    186   !!! NSW CLEAR
23:08:14 0F58DC00 00   00   0    0    186   !!! NSW CLEAR
23:08:18 0F58DC00 00   00   0    0    186   !!! NSW CLEAR
23:08:21 0F58DC00 00   00   0    0    186   !!! NSW CLEAR
23:08:24 0F58DC00 00   00   0    0    186   !!! NSW CLEAR
23:08:28 0F58DC00 00   00   0    0    186   !!! NSW CLEAR
23:08:31 0F58DC00 00   00   0    0    186   !!! NSW CLEAR
23:08:34 0F58DC00 00   00   0    0    186   !!! NSW CLEAR
23:08:38 0F58DC00 00   00   0    0    186   !!! NSW CLEAR
23:08:41 0F58DC00 00   00   0    0    186   !!! NSW CLEAR
23:08:44 0F58DC00 00   00   0    0    186   !!! NSW CLEAR
23:08:48 0F58DC00 00   00   0    0    186   !!! NSW CLEAR
23:08:51 0F58DC00 00   00   0    0    186   !!! NSW CLEAR
23:08:54 0F58DC00 00   00   0    0    186   !!! NSW CLEAR
23:08:57 0F58DC00 00   00   0    0    186   !!! NSW CLEAR
23:09:01 0F58DC00 00   00   0    0    186   !!! NSW CLEAR
23:09:04 0F58DC00 00   00   0    0    186   !!! NSW CLEAR
23:09:08 0F58DC00 00   00   0    0    186   !!! NSW CLEAR
23:09:11 0F58DC00 00   00   0    0    186   !!! NSW CLEAR
23:09:14 0F58DC00 00   00   0    0    186   !!! NSW CLEAR
23:09:17 0F58DC00 00   00   0    0    186   !!! NSW CLEAR
23:09:21 0F58DC00 00   00   0    0    186   !!! NSW CLEAR
23:09:24 0F58DC00 00   00   0    0    186   !!! NSW CLEAR
23:09:27 0F58DC00 00   00   0    0    186   !!! NSW CLEAR
23:09:31 0F58DC00 00   00   0    0    186   !!! NSW CLEAR
23:09:34 0F58DC00 00   00   0    0    186   !!! NSW CLEAR
23:09:37 0F58DC00 00   00   0    0    186   !!! NSW CLEAR
23:09:41 0F58DC00 00   00   0    0    186   !!! NSW CLEAR
23:09:44 0F58DC00 00   00   0    0    186   !!! NSW CLEAR
23:09:47 0F58DC00 00   00   0    0    186   !!! NSW CLEAR
23:09:51 0F58DC00 00   00   0    0    186   !!! NSW CLEAR
23:09:54 0F58DC00 00   00   0    0    186   !!! NSW CLEAR
23:09:57 0F58DC00 00   00   0    0    186   !!! NSW CLEAR
23:10:01 0F58DC00 00   00   0    0    186   !!! NSW CLEAR
23:10:04 0F58DC00 00   00   0    0    186   !!! NSW CLEAR
23:10:07 0F58DC00 00   00   0    0    186   !!! NSW CLEAR
23:10:11 0F58DC00 00   00   0    0    186   !!! NSW CLEAR
23:10:14 0F58DC00 00   00   0    0    186   !!! NSW CLEAR
23:10:17 0F58DC00 00   00   0    0    186   !!! NSW CLEAR
23:10:21 0F58DC00 00   00   0    0    186   !!! NSW CLEAR
23:10:24 0F58DC00 00   00   0    0    186   !!! NSW CLEAR
23:10:27 0F58DC00 00   00   0    0    186   !!! NSW CLEAR
23:10:30 0F58DC00 00   00   0    0    186   !!! NSW CLEAR
23:10:34 0F58DC00 00   00   0    0    186   !!! NSW CLEAR
23:10:37 0F58DC00 00   00   0    0    186   !!! NSW CLEAR
23:10:40 0F58DC00 00   00   0    0    186   !!! NSW CLEAR
23:10:44 0F58DC00 00   00   0    0    186   !!! NSW CLEAR
23:10:47 0F58DC00 00   00   0    0    186   !!! NSW CLEAR
23:10:50 0F58DC00 00   00   0    0    186   !!! NSW CLEAR
23:10:54 0F58DC00 00   00   0    0    186   !!! NSW CLEAR
23:10:57 0F58DC00 00   00   0    0    186   !!! NSW CLEAR
23:11:01 0F58DC00 00   00   0    0    186   !!! NSW CLEAR
23:11:04 0F58DC00 00   00   0    0    186   !!! NSW CLEAR
23:11:07 0F58DC00 00   00   0    0    186   !!! NSW CLEAR
23:11:11 0F58DC00 00   00   0    0    186   !!! NSW CLEAR
23:11:14 0F58DC00 00   00   0    0    186   !!! NSW CLEAR
23:11:17 0F58DC00 00   00   0    0    186   !!! NSW CLEAR
23:11:21 0F58DC00 00   00   0    0    186   !!! NSW CLEAR
23:11:24 0F58DC00 00   00   0    0    186   !!! NSW CLEAR
23:11:27 0F58DC00 00   00   0    0    186   !!! NSW CLEAR
23:11:31 0F58DC00 00   00   0    0    186   !!! NSW CLEAR
23:11:34 0F58DC00 00   00   0    0    186   !!! NSW CLEAR
23:11:37 0F58DC00 00   00   0    0    186   !!! NSW CLEAR
23:11:41 0F58DC00 00   00   0    0    186   !!! NSW CLEAR
23:11:44 0F58DC00 00   00   0    0    186   !!! NSW CLEAR
23:11:47 0F58DC00 00   00   0    0    186   !!! NSW CLEAR
23:11:51 0F58DC00 00   00   0    0    186   !!! NSW CLEAR
23:11:54 0F58DC00 00   00   0    0    186   !!! NSW CLEAR
23:11:57 0F58DC00 00   00   0    0    186   !!! NSW CLEAR
23:12:01 0F58DC00 00   00   0    0    186   !!! NSW CLEAR
23:12:04 0F58DC00 00   00   0    0    186   !!! NSW CLEAR
23:12:07 0F58DC00 00   00   0    0    186   !!! NSW CLEAR
23:12:11 0F58DC00 00   00   0    0    186   !!! NSW CLEAR
23:12:14 0F58DC00 00   00   0    0    186   !!! NSW CLEAR
23:12:17 0F58DC00 00   00   0    0    186   !!! NSW CLEAR
23:12:21 0F58DC00 00   00   0    0    186   !!! NSW CLEAR
23:12:24 0F58DC00 00   00   0    0    186   !!! NSW CLEAR
23:12:27 0F58DC00 00   00   0    0    186   !!! NSW CLEAR
23:12:31 0F58DC00 00   00   0    0    186   !!! NSW CLEAR
23:12:34 0F58DC00 00   00   0    0    186   !!! NSW CLEAR
23:12:37 0F58DC00 00   00   0    0    186   !!! NSW CLEAR
23:12:40 0F58DC00 00   00   0    0    186   !!! NSW CLEAR
23:12:44 0F58DC00 00   00   0    0    186   !!! NSW CLEAR
23:12:47 0F58DC00 00   00   0    0    186   !!! NSW CLEAR
23:12:50 0F58DC00 00   00   0    0    186   !!! NSW CLEAR
23:12:54 0F58DC00 00   00   0    0    186   !!! NSW CLEAR
23:12:57 0F58DC00 00   00   0    0    186   !!! NSW CLEAR
23:13:00 0F58DC00 00   00   0    0    186   !!! NSW CLEAR
23:13:04 0F58DC00 00   00   0    0    186   !!! NSW CLEAR
23:13:07 0F58DC00 00   00   0    0    186   !!! NSW CLEAR
23:13:10 0F58DC00 00   00   0    0    186   !!! NSW CLEAR
23:13:14 0F58DC00 00   00   0    0    186   !!! NSW CLEAR
23:13:17 0F58DC00 00   00   0    0    186   !!! NSW CLEAR
23:13:20 0F58DC00 00   00   0    0    186   !!! NSW CLEAR
23:13:24 0F58DC00 00   00   0    0    186   !!! NSW CLEAR
23:13:27 0F58DC00 00   00   0    0    186   !!! NSW CLEAR
23:13:30 0F58DC00 00   00   0    0    186   !!! NSW CLEAR
23:13:34 0F58DC00 00   00   0    0    186   !!! NSW CLEAR
23:13:37 0F58DC00 00   00   0    0    186   !!! NSW CLEAR
23:13:40 0F58DC00 00   00   0    0    186   !!! NSW CLEAR
23:13:44 0F58DC00 00   00   0    0    186   !!! NSW CLEAR
23:13:47 0F58DC00 00   00   0    0    186   !!! NSW CLEAR
23:13:50 0F58DC00 00   00   0    0    186   !!! NSW CLEAR
23:13:53 0F58DC00 00   00   0    0    186   !!! NSW CLEAR
23:13:57 0F58DC00 00   00   0    0    186   !!! NSW CLEAR
23:14:00 0F58DC00 00   00   0    0    186   !!! NSW CLEAR
23:14:04 0F58DC00 00   00   0    0    186   !!! NSW CLEAR
23:14:07 0F58DC00 00   00   0    0    186   !!! NSW CLEAR
23:14:10 0F58DC00 00   00   0    0    186   !!! NSW CLEAR
23:14:13 0F58DC00 00   00   0    0    186   !!! NSW CLEAR
23:14:17 0F58DC00 00   00   0    0    186   !!! NSW CLEAR
23:14:20 0F58DC00 00   00   0    0    186   !!! NSW CLEAR
23:14:23 0F58DC00 00   00   0    0    186   !!! NSW CLEAR
23:14:27 0F58DC00 00   00   0    0    186   !!! NSW CLEAR
23:14:30 0F58DC00 00   00   0    0    186   !!! NSW CLEAR
23:14:34 0F58DC00 00   00   0    0    186   !!! NSW CLEAR
23:14:37 0F58DC00 00   00   0    0    186   !!! NSW CLEAR
23:14:40 0F58DC00 00   00   0    0    186   !!! NSW CLEAR
23:14:44 0F58DC00 00   00   0    0    186   !!! NSW CLEAR
23:14:47 0F58DC00 00   00   0    0    186   !!! NSW CLEAR
23:14:50 0F58DC00 00   00   0    0    186   !!! NSW CLEAR
23:14:54 0F58DC00 00   00   0    0    186   !!! NSW CLEAR
23:14:57 0F58DC00 00   00   0    0    186   !!! NSW CLEAR
23:15:00 0F58DC00 00   00   0    0    186   !!! NSW CLEAR
23:15:04 0F58DC00 00   00   0    0    54    !!! NSW CLEAR
23:15:07 0F58DC00 00   00   0    0    54    !!! NSW CLEAR
23:15:10 0F58DC00 00   00   0    0    54    !!! NSW CLEAR
23:15:14 0F58DC00 00   00   0    0    54    !!! NSW CLEAR
23:15:17 0F58DC00 00   00   0    0    54    !!! NSW CLEAR
23:15:20 0F58DC00 00   00   0    0    54    !!! NSW CLEAR
23:15:24 0F58DC00 00   00   0    0    46    !!! NSW CLEAR
23:15:27 0F58DC00 00   00   0    0    46    !!! NSW CLEAR
23:15:30 0F58DC00 00   00   0    0    46    !!! NSW CLEAR
23:15:34 0F58DC00 00   00   0    0    46    !!! NSW CLEAR
23:15:37 0F58DC00 00   00   0    0    46    !!! NSW CLEAR
23:15:40 0F58DC00 00   00   0    0    46    !!! NSW CLEAR
23:15:44 0F58DC00 00   00   0    0    46    !!! NSW CLEAR
23:15:47 0F58DC00 00   00   0    0    46    !!! NSW CLEAR
23:15:50 0F58DC00 00   00   0    0    46    !!! NSW CLEAR
23:15:53 0F58DC00 00   00   0    0    46    !!! NSW CLEAR
23:15:57 0F58DC00 00   00   0    0    46    !!! NSW CLEAR

SUMMARY over 163 samples: distinct ASCBSTOR=1  distinct OUCBSWC=1  QFL=GOO seen=0  peak ASCBFMCT=186 frames (744 KB)
