*** SUPERSEDED -- DO NOT CITE AS EVIDENCE ***
*** Contaminated: TWO sampler processes wrote this one file, so the samples are
*** interleaved (228 rows, non-monotonic at index 223) and the window, the sample
*** count and the ASCBFMCT change-points are untrustworthy. The values themselves
*** are genuine readings of NSFS and agree with gate-restored.log, which supersedes
*** this arm. See docs/nsf-64-3-1-dontswap.md 3.2a and README.md in this directory.

watching NSFS ascb=FF8B20 for 780s
time     ASCBSTOR QFL  SFL  NDS  SWC  FMCT  note
22:32:00 0F2E3C00 00   80   1    0    186   
22:32:03 0F2E3C00 00   80   1    0    186   
22:32:06 0F2E3C00 00   80   1    0    186   
22:32:10 0F2E3C00 00   80   1    0    186   
22:32:13 0F2E3C00 00   80   1    0    186   
22:32:16 0F2E3C00 00   80   1    0    186   
22:32:20 0F2E3C00 00   80   1    0    186   
22:32:23 0F2E3C00 00   80   1    0    186   
22:32:26 0F2E3C00 00   80   1    0    186   
22:32:30 0F2E3C00 00   80   1    0    186   
22:32:33 0F2E3C00 00   80   1    0    186   
22:32:36 0F2E3C00 00   80   1    0    186   
22:32:40 0F2E3C00 00   80   1    0    186   
22:32:43 0F2E3C00 00   80   1    0    186   
22:32:46 0F2E3C00 00   80   1    0    186   
22:32:50 0F2E3C00 00   80   1    0    186   
22:32:53 0F2E3C00 00   80   1    0    186   
22:32:56 0F2E3C00 00   80   1    0    186   
22:33:00 0F2E3C00 00   80   1    0    186   
22:33:03 0F2E3C00 00   80   1    0    186   
22:33:06 0F2E3C00 00   80   1    0    186   
22:33:10 0F2E3C00 00   80   1    0    186   
22:33:13 0F2E3C00 00   80   1    0    186   
22:33:16 0F2E3C00 00   80   1    0    186   
22:33:20 0F2E3C00 00   80   1    0    186   
22:33:23 0F2E3C00 00   80   1    0    186   
22:33:26 0F2E3C00 00   80   1    0    186   
22:33:30 0F2E3C00 00   80   1    0    186   
22:33:33 0F2E3C00 00   80   1    0    186   
22:33:36 0F2E3C00 00   80   1    0    186   
22:33:40 0F2E3C00 00   80   1    0    186   
22:33:43 0F2E3C00 00   80   1    0    186   
22:33:47 0F2E3C00 00   80   1    0    186   
22:33:50 0F2E3C00 00   80   1    0    186   
22:33:53 0F2E3C00 00   80   1    0    186   
22:33:57 0F2E3C00 00   80   1    0    186   
22:34:00 0F2E3C00 00   80   1    0    186   
22:34:03 0F2E3C00 00   80   1    0    186   
22:34:06 0F2E3C00 00   80   1    0    186   
22:34:10 0F2E3C00 00   80   1    0    186   
22:34:13 0F2E3C00 00   80   1    0    186   
22:34:16 0F2E3C00 00   80   1    0    186   
22:34:20 0F2E3C00 00   80   1    0    186   
22:34:23 0F2E3C00 00   80   1    0    186   
22:34:26 0F2E3C00 00   80   1    0    186   
22:34:30 0F2E3C00 00   80   1    0    186   
22:34:33 0F2E3C00 00   80   1    0    186   
22:34:36 0F2E3C00 00   80   1    0    186   
22:34:40 0F2E3C00 00   80   1    0    186   
22:34:43 0F2E3C00 00   80   1    0    186   
22:34:46 0F2E3C00 00   80   1    0    186   
22:34:50 0F2E3C00 00   80   1    0    186   
22:34:53 0F2E3C00 00   80   1    0    186   
22:34:56 0F2E3C00 00   80   1    0    186   
22:35:00 0F2E3C00 00   80   1    0    186   
22:35:03 0F2E3C00 00   80   1    0    186   
22:35:06 0F2E3C00 00   80   1    0    186   
22:35:09 0F2E3C00 00   80   1    0    186   
22:35:13 0F2E3C00 00   80   1    0    186   
22:35:16 0F2E3C00 00   80   1    0    186   
22:35:19 0F2E3C00 00   80   1    0    186   
22:35:23 0F2E3C00 00   80   1    0    186   
22:35:26 0F2E3C00 00   80   1    0    186   
22:35:29 0F2E3C00 00   80   1    0    186   
22:35:33 0F2E3C00 00   80   1    0    186   
22:35:36 0F2E3C00 00   80   1    0    186   
22:35:39 0F2E3C00 00   80   1    0    186   
22:35:43 0F2E3C00 00   80   1    0    186   
22:35:46 0F2E3C00 00   80   1    0    186   
22:35:49 0F2E3C00 00   80   1    0    186   
22:35:53 0F2E3C00 00   80   1    0    186   
22:35:56 0F2E3C00 00   80   1    0    186   
22:35:59 0F2E3C00 00   80   1    0    186   
22:36:03 0F2E3C00 00   80   1    0    186   
22:36:06 0F2E3C00 00   80   1    0    186   
22:36:10 0F2E3C00 00   80   1    0    186   
22:36:13 0F2E3C00 00   80   1    0    186   
22:36:16 0F2E3C00 00   80   1    0    186   
22:36:20 0F2E3C00 00   80   1    0    186   
22:36:23 0F2E3C00 00   80   1    0    186   
22:36:27 0F2E3C00 00   80   1    0    186   
22:36:30 0F2E3C00 00   80   1    0    186   
22:36:34 0F2E3C00 00   80   1    0    186   
22:36:37 0F2E3C00 00   80   1    0    186   
22:36:41 0F2E3C00 00   80   1    0    186   
22:36:44 0F2E3C00 00   80   1    0    186   
22:36:48 0F2E3C00 00   80   1    0    186   
22:36:51 0F2E3C00 00   80   1    0    186   
22:36:55 0F2E3C00 00   80   1    0    186   
22:36:58 0F2E3C00 00   80   1    0    186   
22:37:02 0F2E3C00 00   80   1    0    186   
22:37:05 0F2E3C00 00   80   1    0    186   
22:37:09 0F2E3C00 00   80   1    0    186   
22:37:12 0F2E3C00 00   80   1    0    186   
22:37:15 0F2E3C00 00   80   1    0    186   
22:37:19 0F2E3C00 00   80   1    0    186   
22:37:22 0F2E3C00 00   80   1    0    186   
22:37:26 0F2E3C00 00   80   1    0    186   
22:37:29 0F2E3C00 00   80   1    0    186   
22:37:33 0F2E3C00 00   80   1    0    186   
22:37:36 0F2E3C00 00   80   1    0    186   
22:37:40 0F2E3C00 00   80   1    0    186   
22:37:43 0F2E3C00 00   80   1    0    186   
22:37:47 0F2E3C00 00   80   1    0    186   
22:37:51 0F2E3C00 00   80   1    0    186   
22:37:54 0F2E3C00 00   80   1    0    186   
22:37:58 0F2E3C00 00   80   1    0    186   
22:38:01 0F2E3C00 00   80   1    0    186   
22:38:04 0F2E3C00 00   80   1    0    186   
22:38:08 0F2E3C00 00   80   1    0    186   
22:38:11 0F2E3C00 00   80   1    0    186   
22:38:15 0F2E3C00 00   80   1    0    186   
22:38:18 0F2E3C00 00   80   1    0    186   
22:38:22 0F2E3C00 00   80   1    0    186   
22:38:25 0F2E3C00 00   80   1    0    186   
22:38:29 0F2E3C00 00   80   1    0    186   
22:38:32 0F2E3C00 00   80   1    0    186   
22:38:36 0F2E3C00 00   80   1    0    186   
22:38:39 0F2E3C00 00   80   1    0    186   
22:38:43 0F2E3C00 00   80   1    0    186   
22:38:47 0F2E3C00 00   80   1    0    186   
22:38:50 0F2E3C00 00   80   1    0    186   
22:38:54 0F2E3C00 00   80   1    0    60    
22:38:57 0F2E3C00 00   80   1    0    60    
22:39:00 0F2E3C00 00   80   1    0    60    
22:39:04 0F2E3C00 00   80   1    0    60    
22:39:07 0F2E3C00 00   80   1    0    60    
22:39:11 0F2E3C00 00   80   1    0    60    
22:39:14 0F2E3C00 00   80   1    0    60    
22:39:18 0F2E3C00 00   80   1    0    60    
22:39:21 0F2E3C00 00   80   1    0    60    
22:39:25 0F2E3C00 00   80   1    0    60    
22:39:28 0F2E3C00 00   80   1    0    60    
22:39:31 0F2E3C00 00   80   1    0    60    
22:39:35 0F2E3C00 00   80   1    0    60    
22:39:38 0F2E3C00 00   80   1    0    60    
22:39:42 0F2E3C00 00   80   1    0    60    
22:39:45 0F2E3C00 00   80   1    0    60    
22:39:49 0F2E3C00 00   80   1    0    60    
22:39:53 0F2E3C00 00   80   1    0    60    
22:39:56 0F2E3C00 00   80   1    0    60    
22:39:59 0F2E3C00 00   80   1    0    60    
22:40:03 0F2E3C00 00   80   1    0    60    
22:40:06 0F2E3C00 00   80   1    0    60    
22:40:10 0F2E3C00 00   80   1    0    60    
22:40:13 0F2E3C00 00   80   1    0    60    
22:40:16 0F2E3C00 00   80   1    0    60    
22:40:20 0F2E3C00 00   80   1    0    58    
22:40:23 0F2E3C00 00   80   1    0    58    
22:40:26 0F2E3C00 00   80   1    0    58    
22:40:30 0F2E3C00 00   80   1    0    58    
22:40:33 0F2E3C00 00   80   1    0    58    
22:40:36 0F2E3C00 00   80   1    0    58    
22:40:40 0F2E3C00 00   80   1    0    58    
22:40:44 0F2E3C00 00   80   1    0    58    
22:40:47 0F2E3C00 00   80   1    0    58    
22:40:51 0F2E3C00 00   80   1    0    58    
22:40:54 0F2E3C00 00   80   1    0    58    
22:40:58 0F2E3C00 00   80   1    0    58    
22:41:01 0F2E3C00 00   80   1    0    58    
22:41:05 0F2E3C00 00   80   1    0    58    
22:41:08 0F2E3C00 00   80   1    0    58    
22:41:12 0F2E3C00 00   80   1    0    58    
22:41:15 0F2E3C00 00   80   1    0    58    
22:41:19 0F2E3C00 00   80   1    0    58    
22:41:23 0F2E3C00 00   80   1    0    58    
22:41:26 0F2E3C00 00   80   1    0    58    
22:41:30 0F2E3C00 00   80   1    0    58    
22:41:33 0F2E3C00 00   80   1    0    58    
22:41:37 0F2E3C00 00   80   1    0    58    
22:41:40 0F2E3C00 00   80   1    0    58    
22:41:44 0F2E3C00 00   80   1    0    58    
22:41:47 0F2E3C00 00   80   1    0    58    
22:41:51 0F2E3C00 00   80   1    0    58    
22:41:55 0F2E3C00 00   80   1    0    58    
22:41:58 0F2E3C00 00   80   1    0    58    
22:42:02 0F2E3C00 00   80   1    0    58    
22:42:05 0F2E3C00 00   80   1    0    59    
22:42:09 0F2E3C00 00   80   1    0    59    
22:42:12 0F2E3C00 00   80   1    0    59    
22:42:16 0F2E3C00 00   80   1    0    59    
22:42:19 0F2E3C00 00   80   1    0    59    
22:42:23 0F2E3C00 00   80   1    0    59    
22:42:26 0F2E3C00 00   80   1    0    59    
22:42:30 0F2E3C00 00   80   1    0    59    
22:42:33 0F2E3C00 00   80   1    0    59    
22:42:37 0F2E3C00 00   80   1    0    59    
22:42:40 0F2E3C00 00   80   1    0    59    
22:42:44 0F2E3C00 00   80   1    0    59    
22:42:47 0F2E3C00 00   80   1    0    59    
22:42:51 0F2E3C00 00   80   1    0    59    
22:42:54 0F2E3C00 00   80   1    0    59    
22:42:58 0F2E3C00 00   80   1    0    59    
22:43:01 0F2E3C00 00   80   1    0    59    
22:43:05 0F2E3C00 00   80   1    0    59    
22:43:08 0F2E3C00 00   80   1    0    59    
22:43:12 0F2E3C00 00   80   1    0    59    
22:43:15 0F2E3C00 00   80   1    0    59    
22:43:19 0F2E3C00 00   80   1    0    59    
22:43:22 0F2E3C00 00   80   1    0    59    
22:43:26 0F2E3C00 00   80   1    0    59    
22:43:29 0F2E3C00 00   80   1    0    59    
22:43:33 0F2E3C00 00   80   1    0    59    
22:43:36 0F2E3C00 00   80   1    0    59    
22:45:02 0F2E3C00 00   80   1    0    58    
22:45:05 0F2E3C00 00   80   1    0    58    
22:45:09 0F2E3C00 00   80   1    0    58    
22:45:12 0F2E3C00 00   80   1    0    58    
22:45:15 0F2E3C00 00   80   1    0    59    
22:45:19 0F2E3C00 00   80   1    0    59    
22:45:22 0F2E3C00 00   80   1    0    59    
22:45:25 0F2E3C00 00   80   1    0    59    
22:45:29 0F2E3C00 00   80   1    0    59    
22:45:32 0F2E3C00 00   80   1    0    59    
22:45:35 0F2E3C00 00   80   1    0    59    
22:45:39 0F2E3C00 00   80   1    0    59    
22:45:42 0F2E3C00 00   80   1    0    59    
22:45:45 0F2E3C00 00   80   1    0    59    
22:45:49 0F2E3C00 00   80   1    0    59    
22:45:52 0F2E3C00 00   80   1    0    59    
22:45:55 0F2E3C00 00   80   1    0    59    
22:45:59 0F2E3C00 00   80   1    0    59    
22:46:02 0F2E3C00 00   80   1    0    59    
22:46:05 0F2E3C00 00   80   1    0    59    
22:46:08 0F2E3C00 00   80   1    0    59    
22:46:12 0F2E3C00 00   80   1    0    59    
22:46:15 0F2E3C00 00   80   1    0    59    
22:46:18 0F2E3C00 00   80   1    0    59    
22:46:22 0F2E3C00 00   80   1    0    59    
1  distinct OUCBSWC=1  QFL=GOO seen=0  peak ASCBFMCT=186 frames (744 KB)
