FFFF 15.25.57 STC 1494  NSF040I NSFS 0.1.0-dev STARTING (PHASE 2)
FFFF 15.25.57 STC 1494  NSF210I CTCI 0500/0501 UP DD SYS00003/SYS00005 MTU 1500
FFFF 15.25.57 STC 1494  NSF211I INTERFACE LNK1 CUU 0500 UP
FFFF 15.25.57 STC 1494  NSF055I CSA POOL 137272 BYTES (64 SLOTS X 2144) -- LARGEST FREE BLOCK NOW 1073152
FFFF 15.25.57 STC 1494  NSF042I SVC 239 STOLEN (EP 00A820C8)
FFFF 15.25.57 STC 1494  NSF041I NSFS TRANSPORT READY -- ANCHOR=00A8B7C8 ECB=000BD60C
FFFF 15.25.57 STC 1494  NSF001I NSFS INITIALIZATION COMPLETE
FFFF 15.26.17 STC 1494  NSF844I SWAP PROBE (64-3-1 STAGE A) -- DONTSWAP=41 OKSWAP=42 VIA SVC 95
FFFF 15.26.17 STC 1494  NSF841I 1 BASELINE OUCB=FE7660 NSW=N ASW=N GOO=N NDS=0 FMCT=186
FFFF 15.26.17 STC 1494  NSF842I 1 BASELINE RAW SFL=00 AFL=48 QFL=00
FFFF 15.26.17 STC 1494  NSF846I 2 DONTSWAP ISSUED, R15=0 (UNSPECIFIED -- NOT THE PROOF)
FFFF 15.26.17 STC 1494  NSF841I 3 AFTER DONTSWAP OUCB=FE7660 NSW=Y ASW=N GOO=N NDS=1 FMCT=186
FFFF 15.26.17 STC 1494  NSF842I 3 AFTER DONTSWAP RAW SFL=80 AFL=48 QFL=00
FFFF 15.26.17 STC 1494  NSF846I 4 OKSWAP ISSUED, R15=0 (UNSPECIFIED -- NOT THE PROOF)
FFFF 15.26.17 STC 1494  NSF841I 5 AFTER OKSWAP OUCB=FE7660 NSW=N ASW=N GOO=N NDS=0 FMCT=186
FFFF 15.26.17 STC 1494  NSF842I 5 AFTER OKSWAP RAW SFL=00 AFL=48 QFL=00
FFFF 15.26.17 STC 1494  NSF847I VERDICT: DONTSWAP ACCEPTED (NDS 0->1, NSW SET)
FFFF 15.26.17 STC 1494  NSF849I RELEASE PROVEN: NDS BACK AT BASELINE 0
FFFF 15.26.54 STC 1494  NSF844I SWAP PROBE (64-3-1 STAGE A) -- DONTSWAP=41 OKSWAP=42 VIA SVC 95
FFFF 15.26.54 STC 1494  NSF841I 1 BASELINE OUCB=FE7660 NSW=N ASW=N GOO=N NDS=0 FMCT=186
FFFF 15.26.54 STC 1494  NSF842I 1 BASELINE RAW SFL=00 AFL=48 QFL=00
FFFF 15.26.54 STC 1494  NSF846I 2 DONTSWAP ISSUED, R15=0 (UNSPECIFIED -- NOT THE PROOF)
FFFF 15.26.54 STC 1494  NSF841I 3 AFTER DONTSWAP OUCB=FE7660 NSW=Y ASW=N GOO=N NDS=1 FMCT=186
FFFF 15.26.54 STC 1494  NSF842I 3 AFTER DONTSWAP RAW SFL=80 AFL=48 QFL=00
FFFF 15.26.54 STC 1494  NSF846I 4 OKSWAP ISSUED, R15=0 (UNSPECIFIED -- NOT THE PROOF)
FFFF 15.26.54 STC 1494  NSF841I 5 AFTER OKSWAP OUCB=FE7660 NSW=N ASW=N GOO=N NDS=0 FMCT=186
FFFF 15.26.54 STC 1494  NSF842I 5 AFTER OKSWAP RAW SFL=00 AFL=48 QFL=00
FFFF 15.26.54 STC 1494  NSF847I VERDICT: DONTSWAP ACCEPTED (NDS 0->1, NSW SET)
FFFF 15.26.54 STC 1494  NSF849I RELEASE PROVEN: NDS BACK AT BASELINE 0
