FFFF  6.01.52 STC 1690  NSF803I NSF OPERATOR INTERFACE ACTIVE
0000  6.02.08 STC 1652  F NSFS,STATS
FFFF  6.02.08 STC 1690  NSF810I STATS 52 COUNTER(S)
FFFF  6.02.08 STC 1690  NSF811I NSFEVT evtpasses 162
FFFF  6.02.08 STC 1690  NSF811I LNK1 in 0
FFFF  6.02.08 STC 1690  NSF811I LNK1 out 0
FFFF  6.02.08 STC 1690  NSF811I LNK1 ierr 0
FFFF  6.02.08 STC 1690  NSF811I LNK1 oerr 0
FFFF  6.02.08 STC 1690  NSF811I LNK1 nonip 1
FFFF  6.02.08 STC 1690  NSF811I LNK1 rpurge 0
FFFF  6.02.08 STC 1690  NSF811I NSFICM in 0
FFFF  6.02.08 STC 1690  NSF811I NSFICM inecho 0
FFFF  6.02.08 STC 1690  NSF811I NSFICM outecho 0
FFFF  6.02.08 STC 1690  NSF811I NSFICM errsent 0
FFFF  6.02.08 STC 1690  NSF811I NSFICM badcksum 0
FFFF  6.02.08 STC 1690  NSF811I NSFICM indrop 0
FFFF  6.02.08 STC 1690  NSF811I NSFIP in 0
FFFF  6.02.08 STC 1690  NSF811I NSFIP out 0
FFFF  6.02.08 STC 1690  NSF811I NSFIP hdrerr 0
FFFF  6.02.08 STC 1690  NSF811I NSFIP badcksum 0
FFFF  6.02.08 STC 1690  NSF811I NSFIP badlen 0
FFFF  6.02.08 STC 1690  NSF811I NSFIP noproto 0
FFFF  6.02.08 STC 1690  NSF811I NSFIP noroute 0
FFFF  6.02.08 STC 1690  NSF811I NSFIP fragdrop 0
FFFF  6.02.08 STC 1690  NSF811I NSFIP ttlexp 0
FFFF  6.02.08 STC 1690  NSF811I NSFIP inaddrerr 0
FFFF  6.02.08 STC 1690  NSF811I NSFSOC opens 0
FFFF  6.02.08 STC 1690  NSF811I NSFSOC closes 0
FFFF  6.02.08 STC 1690  NSF811I NSFSOC nofd 0
FFFF  6.02.08 STC 1690  NSF811I NSFREQ recv 0
FFFF  6.02.08 STC 1690  NSF811I NSFREQ badfn 0
FFFF  6.02.08 STC 1690  NSF811I NSFREQ nosys 0
FFFF  6.02.08 STC 1690  NSF811I NSFTCP activeopen 0
FFFF  6.02.08 STC 1690  NSF811I NSFTCP passiveopen 0
FFFF  6.02.08 STC 1690  NSF811I NSFTCP established 0
FFFF  6.02.08 STC 1690  NSF811I NSFTCP resetsent 0
FFFF  6.02.08 STC 1690  NSF812I WAKEECB=00000000 POSTED=N EVTPASSES=162 WAKEPOSTS=0 WPREG=Y SERVED=0
FFFF  6.02.08 STC 1690  NSF813I BUSY=0 BUSYSLOT=-1 INFLIGHT=0 TMRQ=0 EXHAUSTED=0 COLLISIONS=0 REAPED=0
FFFF  6.02.08 STC 1690  NSF817I APPSWEEP SWEEPS=2 RECLAIMED=0
