=== BOUNDARIES (common vs private), and the control on them ===
  CVT       01D048
  GDA       FFFFC0   (CVT+X'230')
  PASTRT    090000   PASIZE 00950000 (9536 KB)
  private area window: [090000 .. 9E0000)
  CONTROL: GDA+8 CSAPQEP -> PQE FFFF50  PQESIZE 2113536 (2064 KB)  PQEREGN 9E0000
           64-3-0 measured CSA = 2064 KB -> REPRODUCES

=== 12:08:13  ASCBs ===
  000000  NOT AN ASCB (no eyecatcher) -- skipped
12:08:13 FD0F18 ptr=FF8F58 hex=E3E2E3C1D7D7C4C8 text='TSTAPPDH'
12:08:13 FD0F18 ptr=FF8F58 hex=E3E2E3C1D7D7C4C8 text='TSTAPPDH'
12:08:13 FD0F18 ptr=FF8F58 hex=E3E2E3C1D7D7C4C8 text='TSTAPPDH'
12:08:14 FD0F18 ptr=FF8F58 hex=E3E2E3C1D7D7C4C8 text='TSTAPPDH'
12:08:14 FD0F18 ptr=FF8F58 hex=E3E2E3C1D7D7C4C8 text='TSTAPPDH'
12:08:14 FD0F18 ptr=FF8F58 hex=E3E2E3C1D7D7C4C8 text='TSTAPPDH'
12:08:14 FD0F18 ptr=FF8F58 hex=E3E2E3C1D7D7C4C8 text='TSTAPPDH'
12:08:15 FD0F18 ptr=FF8F58 hex=E3E2E3C1D7D7C4C8 text='TSTAPPDH'
12:08:15 FD0F18 ptr=FF8F58 hex=E3E2E3C1D7D7C4C8 text='TSTAPPDH'
12:08:15 FD0F18 ptr=FF8F58 hex=E3E2E3C1D7D7C4C8 text='TSTAPPDH'
12:08:16 FD0F18 ptr=FF8F58 hex=E3E2E3C1D7D7C4C8 text='TSTAPPDH'
12:08:16 FD0F18 ptr=FF8F58 hex=E3E2E3C1D7D7C4C8 text='TSTAPPDH'
12:08:16 FD0F18 ptr=FF8F58 hex=E3E2E3C1D7D7C4C8 text='TSTAPPDH'
12:08:16 FD0F18 ptr=FF8F58 hex=E3E2E3C1D7D7C4C8 text='TSTAPPDH'
12:08:17 FD0F18 ptr=FF8F58 hex=E3E2E3C1D7D7C4C8 text='TSTAPPDH'
12:08:17 FD0F18 ptr=FF8F58 hex=E3E2E3C1D7D7C4C8 text='TSTAPPDH'
12:08:17 FD0F18 IDLE
12:08:17 FD0F18 IDLE
12:08:17 FD0F18 IDLE
12:08:18 FD0F18 IDLE
12:08:18 FD0F18 IDLE
12:08:18 FD0F18 IDLE
12:08:18 FD0F18 IDLE
12:08:18 FD0F18 IDLE
12:08:19 FD0F18 IDLE
12:08:19 FD0F18 IDLE
12:08:19 FD0F18 IDLE
12:08:19 FD0F18 IDLE
12:08:19 FD0F18 IDLE
12:08:20 FD0F18 IDLE
12:08:20 FD0F18 IDLE
12:08:20 FD0F18 IDLE
12:08:20 FD0F18 IDLE
12:08:20 FD0F18 IDLE
12:08:20 FD0F18 IDLE
12:08:21 FD0F18 IDLE
12:08:21 FD0F18 IDLE
12:08:21 FD0F18 IDLE
12:08:21 FD0F18 IDLE
12:08:21 FD0F18 IDLE
12:08:21 FD0F18 IDLE
12:08:22 FD0F18 IDLE
12:08:22 FD0F18 IDLE
12:08:22 FD0F18 IDLE
12:08:22 FD0F18 IDLE
12:08:22 FD0F18 IDLE
12:08:22 FD0F18 IDLE
12:08:23 FD0F18 IDLE
12:08:23 FD0F18 IDLE
12:08:23 FD0F18 IDLE
12:08:23 FD0F18 IDLE
12:08:23 FD0F18 IDLE
12:08:23 FD0F18 IDLE
12:08:24 FD0F18 IDLE
12:08:24 FD0F18 IDLE
12:08:24 FD0F18 IDLE
12:08:24 FD0F18 IDLE
12:08:24 FD0F18 IDLE
12:08:24 FD0F18 IDLE
12:08:25 FD0F18 IDLE
12:08:25 FD0F18 IDLE
12:08:25 FD0F18 IDLE
12:08:25 FD0F18 IDLE
12:08:25 FD0F18 IDLE
12:08:25 FD0F18 IDLE
12:08:26 FD0F18 IDLE
12:08:26 FD0F18 IDLE
12:08:26 FD0F18 IDLE
12:08:26 FD0F18 IDLE
12:08:26 FD0F18 IDLE
12:08:26 FD0F18 IDLE
12:08:27 FD0F18 IDLE
12:08:27 FD0F18 IDLE
12:08:27 FD0F18 IDLE
12:08:27 FD0F18 IDLE
12:08:27 FD0F18 IDLE
12:08:27 FD0F18 IDLE
12:08:27 FD0F18 IDLE
12:08:28 FD0F18 IDLE
12:08:28 FD0F18 IDLE
12:08:28 FD0F18 IDLE
12:08:28 FD0F18 IDLE
12:08:28 FD0F18 IDLE
12:08:29 FD0F18 IDLE
12:08:29 FD0F18 IDLE
12:08:29 FD0F18 IDLE
12:08:29 FD0F18 IDLE
12:08:29 FD0F18 IDLE
12:08:29 FD0F18 IDLE
12:08:30 FD0F18 IDLE
12:08:30 FD0F18 IDLE
12:08:30 FD0F18 IDLE
12:08:30 FD0F18 IDLE
12:08:30 FD0F18 IDLE
12:08:30 FD0F18 IDLE
12:08:31 FD0F18 IDLE
12:08:31 FD0F18 IDLE
12:08:31 FD0F18 IDLE
12:08:31 FD0F18 IDLE
12:08:31 FD0F18 IDLE
12:08:31 FD0F18 IDLE
12:08:32 FD0F18 IDLE
12:08:32 FD0F18 IDLE
12:08:32 FD0F18 IDLE
12:08:32 FD0F18 IDLE
12:08:32 FD0F18 IDLE
12:08:32 FD0F18 IDLE
12:08:33 FD0F18 IDLE
12:08:33 FD0F18 IDLE
12:08:33 FD0F18 IDLE
12:08:33 FD0F18 IDLE
12:08:33 FD0F18 IDLE
12:08:33 FD0F18 IDLE
12:08:34 FD0F18 IDLE
12:08:34 FD0F18 IDLE
12:08:34 FD0F18 IDLE
12:08:34 FD0F18 IDLE
12:08:34 FD0F18 IDLE
12:08:34 FD0F18 IDLE
12:08:35 FD0F18 IDLE
12:08:35 FD0F18 IDLE
12:08:35 FD0F18 IDLE
12:08:35 FD0F18 IDLE
12:08:35 FD0F18 IDLE
12:08:35 FD0F18 IDLE
12:08:36 FD0F18 IDLE
12:08:36 FD0F18 IDLE
12:08:36 FD0F18 IDLE
12:08:36 FD0F18 IDLE
12:08:36 FD0F18 IDLE
12:08:36 FD0F18 IDLE
12:08:37 FD0F18 IDLE
12:08:37 FD0F18 IDLE
12:08:37 FD0F18 IDLE
12:08:37 FD0F18 IDLE
12:08:37 FD0F18 IDLE
12:08:37 FD0F18 IDLE
12:08:38 FD0F18 IDLE
12:08:38 FD0F18 IDLE
12:08:38 FD0F18 IDLE
12:08:38 FD0F18 IDLE
12:08:38 FD0F18 IDLE
12:08:38 FD0F18 IDLE
12:08:39 FD0F18 IDLE
12:08:39 FD0F18 IDLE
12:08:39 FD0F18 IDLE
12:08:39 FD0F18 IDLE
12:08:39 FD0F18 IDLE
12:08:39 FD0F18 IDLE
12:08:40 FD0F18 IDLE
12:08:40 FD0F18 IDLE
12:08:40 FD0F18 IDLE
12:08:40 FD0F18 IDLE
12:08:40 FD0F18 IDLE
12:08:40 FD0F18 IDLE
12:08:41 FD0F18 IDLE
12:08:41 FD0F18 IDLE
12:08:41 FD0F18 IDLE
12:08:41 FD0F18 IDLE
12:08:41 FD0F18 IDLE
12:08:41 FD0F18 IDLE
12:08:42 FD0F18 IDLE
12:08:42 FD0F18 IDLE
12:08:42 FD0F18 IDLE
12:08:42 FD0F18 IDLE
12:08:42 FD0F18 IDLE
12:08:42 FD0F18 IDLE
12:08:42 FD0F18 IDLE
12:08:43 FD0F18 IDLE
12:08:43 FD0F18 IDLE
12:08:43 FD0F18 IDLE
12:08:43 FD0F18 IDLE
12:08:43 FD0F18 IDLE
12:08:44 FD0F18 IDLE
12:08:44 FD0F18 IDLE
12:08:44 FD0F18 IDLE
12:08:44 FD0F18 IDLE
12:08:44 FD0F18 IDLE
12:08:44 FD0F18 IDLE
12:08:44 FD0F18 IDLE
12:08:45 FD0F18 IDLE
12:08:45 FD0F18 IDLE
12:08:45 FD0F18 IDLE
12:08:45 FD0F18 IDLE
12:08:46 FD0F18 IDLE
12:08:46 FD0F18 IDLE
12:08:46 FD0F18 IDLE
12:08:46 FD0F18 IDLE
12:08:46 FD0F18 IDLE
12:08:47 FD0F18 IDLE
12:08:47 FD0F18 IDLE
12:08:47 FD0F18 IDLE
12:08:47 FD0F18 IDLE
12:08:47 FD0F18 IDLE
12:08:47 FD0F18 IDLE
12:08:48 FD0F18 IDLE
12:08:48 FD0F18 IDLE
12:08:48 FD0F18 IDLE
12:08:48 FD0F18 IDLE
12:08:48 FD0F18 IDLE
12:08:48 FD0F18 IDLE
12:08:49 FD0F18 IDLE
12:08:49 FD0F18 IDLE
12:08:49 FD0F18 IDLE
12:08:49 FD0F18 IDLE
12:08:49 FD0F18 IDLE
12:08:50 FD0F18 IDLE
12:08:50 FD0F18 IDLE
12:08:50 FD0F18 IDLE
12:08:50 FD0F18 IDLE
12:08:50 FD0F18 IDLE
12:08:50 FD0F18 IDLE
12:08:51 FD0F18 IDLE
12:08:51 FD0F18 IDLE
12:08:51 FD0F18 IDLE
12:08:51 FD0F18 IDLE
12:08:51 FD0F18 IDLE
12:08:52 FD0F18 IDLE
12:08:52 FD0F18 IDLE
12:08:52 FD0F18 IDLE
12:08:52 FD0F18 IDLE
12:08:52 FD0F18 IDLE
12:08:53 FD0F18 IDLE
12:08:53 FD0F18 IDLE
12:08:53 FD0F18 IDLE
12:08:53 FD0F18 IDLE
12:08:53 FD0F18 IDLE
12:08:53 FD0F18 IDLE
12:08:53 FD0F18 IDLE
12:08:54 FD0F18 IDLE
12:08:54 FD0F18 IDLE
12:08:54 FD0F18 IDLE
12:08:54 FD0F18 IDLE
12:08:54 FD0F18 IDLE
12:08:55 FD0F18 IDLE
12:08:55 FD0F18 IDLE
12:08:55 FD0F18 IDLE
12:08:55 FD0F18 IDLE
12:08:55 FD0F18 IDLE
12:08:55 FD0F18 IDLE
12:08:56 FD0F18 IDLE
12:08:56 FD0F18 IDLE
12:08:56 FD0F18 IDLE
12:08:56 FD0F18 IDLE
12:08:56 FD0F18 IDLE
12:08:56 FD0F18 IDLE
12:08:57 FD0F18 IDLE
12:08:57 FD0F18 IDLE
12:08:57 FD0F18 IDLE
12:08:57 FD0F18 IDLE
12:08:57 FD0F18 IDLE
12:08:57 FD0F18 IDLE
12:08:58 FD0F18 IDLE
12:08:58 FD0F18 IDLE
12:08:58 FD0F18 IDLE
12:08:58 FD0F18 IDLE
12:08:58 FD0F18 IDLE
12:08:58 FD0F18 IDLE
12:08:59 FD0F18 IDLE
12:08:59 FD0F18 IDLE
12:08:59 FD0F18 IDLE
12:08:59 FD0F18 IDLE
12:08:59 FD0F18 IDLE
12:08:59 FD0F18 IDLE
12:09:00 FD0F18 IDLE
12:09:00 FD0F18 IDLE
12:09:00 FD0F18 IDLE
12:09:00 FD0F18 IDLE
12:09:00 FD0F18 IDLE
12:09:00 FD0F18 IDLE
12:09:01 FD0F18 IDLE
12:09:01 FD0F18 IDLE
12:09:01 FD0F18 IDLE
12:09:01 FD0F18 IDLE
12:09:01 FD0F18 IDLE
12:09:01 FD0F18 IDLE
12:09:01 FD0F18 IDLE
12:09:02 FD0F18 IDLE
12:09:02 FD0F18 IDLE
12:09:02 FD0F18 IDLE
12:09:02 FD0F18 IDLE
12:09:02 FD0F18 IDLE
12:09:02 FD0F18 IDLE
12:09:03 FD0F18 IDLE
12:09:03 FD0F18 IDLE
12:09:03 FD0F18 IDLE
12:09:03 FD0F18 IDLE
12:09:03 FD0F18 IDLE
12:09:03 FD0F18 IDLE
12:09:04 FD0F18 IDLE
12:09:04 FD0F18 IDLE
12:09:04 FD0F18 IDLE
12:09:04 FD0F18 IDLE
12:09:04 FD0F18 IDLE
12:09:04 FD0F18 IDLE
12:09:05 FD0F18 IDLE
12:09:05 FD0F18 IDLE
12:09:05 FD0F18 IDLE
12:09:05 FD0F18 IDLE
12:09:05 FD0F18 IDLE
12:09:05 FD0F18 IDLE
12:09:06 FD0F18 IDLE
12:09:06 FD0F18 IDLE
12:09:06 FD0F18 IDLE
12:09:06 FD0F18 IDLE
12:09:06 FD0F18 IDLE
12:09:07 FD0F18 IDLE
12:09:07 FD0F18 IDLE
12:09:07 FD0F18 IDLE
12:09:07 FD0F18 IDLE
12:09:07 FD0F18 IDLE
12:09:08 FD0F18 IDLE
12:09:08 FD0F18 IDLE
12:09:08 FD0F18 IDLE
12:09:08 FD0F18 IDLE
12:09:08 FD0F18 IDLE
12:09:08 FD0F18 IDLE
12:09:09 FD0F18 IDLE
12:09:09 FD0F18 IDLE
12:09:09 FD0F18 IDLE
12:09:09 FD0F18 IDLE
12:09:09 FD0F18 IDLE
12:09:09 FD0F18 IDLE
12:09:10 FD0F18 IDLE
12:09:10 FD0F18 IDLE
12:09:10 FD0F18 IDLE
12:09:10 FD0F18 IDLE
12:09:10 FD0F18 IDLE
12:09:10 FD0F18 IDLE
12:09:10 FD0F18 IDLE
12:09:11 FD0F18 IDLE
12:09:11 FD0F18 IDLE
12:09:11 FD0F18 IDLE
12:09:11 FD0F18 IDLE
12:09:11 FD0F18 IDLE
12:09:11 FD0F18 IDLE
12:09:12 FD0F18 IDLE
12:09:12 FD0F18 IDLE
12:09:12 FD0F18 IDLE
12:09:12 FD0F18 IDLE
12:09:12 FD0F18 IDLE
12:09:12 FD0F18 IDLE
12:09:13 FD0F18 IDLE
12:09:13 FD0F18 IDLE
12:09:13 FD0F18 IDLE
