--- 09:51:32Z
=== 11:51:33  ASCBs ===   ASCB FE7A50  ASID 0006  FMCT 0  (requested)     JBNI ptr=000000  ZERO      
=== 11:51:33  ASCBs ===   ASCB FE7878  ASID 0007  FMCT 0  (requested)     JBNI ptr=000000  ZERO      
=== 11:51:34  ASCBs ===   ASCB FD0F18  ASID 0008  FMCT 0  (requested)     JBNI ptr=000000  ZERO      
--- 09:51:34Z
=== 11:51:35  ASCBs ===   ASCB FE7A50  ASID 0006  FMCT 0  (requested)     JBNI ptr=000000  ZERO      
=== 11:51:35  ASCBs ===   ASCB FE7878  ASID 0007  FMCT 0  (requested)     JBNI ptr=000000  ZERO      
=== 11:51:36  ASCBs ===   ASCB FD0F18  ASID 0008  FMCT 90  (requested)     JBNI ptr=FF8F58  COMMON   '<non-printable>' 
--- 09:51:36Z
=== 11:51:37  ASCBs ===   ASCB FE7A50  ASID 0006  FMCT 0  (requested)     JBNI ptr=000000  ZERO      
=== 11:51:37  ASCBs ===   ASCB FE7878  ASID 0007  FMCT 0  (requested)     JBNI ptr=000000  ZERO      
=== 11:51:38  ASCBs ===   ASCB FD0F18  ASID 0008  FMCT 20  (requested)     JBNI ptr=000000  ZERO      
--- 09:51:38Z
=== 11:51:39  ASCBs ===   ASCB FE7A50  ASID 0006  FMCT 0  (requested)     JBNI ptr=000000  ZERO      
=== 11:51:39  ASCBs ===   ASCB FE7878  ASID 0007  FMCT 0  (requested)     JBNI ptr=000000  ZERO      
=== 11:51:40  ASCBs ===   ASCB FD0F18  ASID 0008  FMCT 20  (requested)     JBNI ptr=000000  ZERO      
--- 09:51:40Z
=== 11:51:41  ASCBs ===   ASCB FE7A50  ASID 0006  FMCT 0  (requested)     JBNI ptr=000000  ZERO      
=== 11:51:41  ASCBs ===   ASCB FE7878  ASID 0007  FMCT 0  (requested)     JBNI ptr=000000  ZERO      
=== 11:51:42  ASCBs ===   ASCB FD0F18  ASID 0008  FMCT 20  (requested)     JBNI ptr=000000  ZERO      
--- 09:51:42Z
=== 11:51:43  ASCBs ===   ASCB FE7A50  ASID 0006  FMCT 0  (requested)     JBNI ptr=000000  ZERO      
=== 11:51:43  ASCBs ===   ASCB FE7878  ASID 0007  FMCT 0  (requested)     JBNI ptr=000000  ZERO      
=== 11:51:44  ASCBs ===   ASCB FD0F18  ASID 0008  FMCT 20  (requested)     JBNI ptr=000000  ZERO      
--- 09:51:44Z
=== 11:51:45  ASCBs ===   ASCB FE7A50  ASID 0006  FMCT 0  (requested)     JBNI ptr=000000  ZERO      
=== 11:51:45  ASCBs ===   ASCB FE7878  ASID 0007  FMCT 0  (requested)     JBNI ptr=000000  ZERO      
=== 11:51:46  ASCBs ===   ASCB FD0F18  ASID 0008  FMCT 20  (requested)     JBNI ptr=000000  ZERO      
--- 09:51:46Z
=== 11:51:47  ASCBs ===   ASCB FE7A50  ASID 0006  FMCT 0  (requested)     JBNI ptr=000000  ZERO      
=== 11:51:47  ASCBs ===   ASCB FE7878  ASID 0007  FMCT 0  (requested)     JBNI ptr=000000  ZERO      
=== 11:51:48  ASCBs ===   ASCB FD0F18  ASID 0008  FMCT 0  (requested)     JBNI ptr=000000  ZERO      
--- 09:51:48Z
=== 11:51:49  ASCBs ===   ASCB FE7A50  ASID 0006  FMCT 0  (requested)     JBNI ptr=000000  ZERO      
=== 11:51:49  ASCBs ===   ASCB FE7878  ASID 0007  FMCT 0  (requested)     JBNI ptr=000000  ZERO      
=== 11:51:50  ASCBs ===   ASCB FD0F18  ASID 0008  FMCT 0  (requested)     JBNI ptr=000000  ZERO      
--- 09:51:50Z
=== 11:51:50  ASCBs ===   ASCB FE7A50  ASID 0006  FMCT 0  (requested)     JBNI ptr=000000  ZERO      
=== 11:51:51  ASCBs ===   ASCB FE7878  ASID 0007  FMCT 0  (requested)     JBNI ptr=000000  ZERO      
=== 11:51:52  ASCBs ===   ASCB FD0F18  ASID 0008  FMCT 0  (requested)     JBNI ptr=000000  ZERO      
--- 09:51:52Z
=== 11:51:52  ASCBs ===   ASCB FE7A50  ASID 0006  FMCT 0  (requested)     JBNI ptr=000000  ZERO      
=== 11:51:53  ASCBs ===   ASCB FE7878  ASID 0007  FMCT 0  (requested)     JBNI ptr=000000  ZERO      
=== 11:51:54  ASCBs ===   ASCB FD0F18  ASID 0008  FMCT 0  (requested)     JBNI ptr=000000  ZERO      
--- 09:51:54Z
=== 11:51:54  ASCBs ===   ASCB FE7A50  ASID 0006  FMCT 0  (requested)     JBNI ptr=000000  ZERO      
=== 11:51:55  ASCBs ===   ASCB FE7878  ASID 0007  FMCT 0  (requested)     JBNI ptr=000000  ZERO      
=== 11:51:56  ASCBs ===   ASCB FD0F18  ASID 0008  FMCT 0  (requested)     JBNI ptr=000000  ZERO      
--- 09:51:56Z
=== 11:51:56  ASCBs ===   ASCB FE7A50  ASID 0006  FMCT 0  (requested)     JBNI ptr=000000  ZERO      
=== 11:51:57  ASCBs ===   ASCB FE7878  ASID 0007  FMCT 0  (requested)     JBNI ptr=000000  ZERO      
=== 11:51:58  ASCBs ===   ASCB FD0F18  ASID 0008  FMCT 0  (requested)     JBNI ptr=000000  ZERO      
--- 09:51:58Z
=== 11:51:58  ASCBs ===   ASCB FE7A50  ASID 0006  FMCT 0  (requested)     JBNI ptr=000000  ZERO      
=== 11:51:59  ASCBs ===   ASCB FE7878  ASID 0007  FMCT 0  (requested)     JBNI ptr=000000  ZERO      
=== 11:52:00  ASCBs ===   ASCB FD0F18  ASID 0008  FMCT 0  (requested)     JBNI ptr=000000  ZERO      
--- 09:52:00Z
=== 11:52:00  ASCBs ===   ASCB FE7A50  ASID 0006  FMCT 0  (requested)     JBNI ptr=000000  ZERO      
=== 11:52:01  ASCBs ===   ASCB FE7878  ASID 0007  FMCT 0  (requested)     JBNI ptr=000000  ZERO      
=== 11:52:02  ASCBs ===   ASCB FD0F18  ASID 0008  FMCT 0  (requested)     JBNI ptr=000000  ZERO      
--- 09:52:02Z
=== 11:52:02  ASCBs ===   ASCB FE7A50  ASID 0006  FMCT 0  (requested)     JBNI ptr=000000  ZERO      
=== 11:52:03  ASCBs ===   ASCB FE7878  ASID 0007  FMCT 0  (requested)     JBNI ptr=000000  ZERO      
=== 11:52:04  ASCBs ===   ASCB FD0F18  ASID 0008  FMCT 0  (requested)     JBNI ptr=000000  ZERO      
--- 09:52:04Z
=== 11:52:04  ASCBs ===   ASCB FE7A50  ASID 0006  FMCT 0  (requested)     JBNI ptr=000000  ZERO      
=== 11:52:05  ASCBs ===   ASCB FE7878  ASID 0007  FMCT 0  (requested)     JBNI ptr=000000  ZERO      
=== 11:52:05  ASCBs ===   ASCB FD0F18  ASID 0008  FMCT 0  (requested)     JBNI ptr=000000  ZERO      
--- 09:52:06Z
=== 11:52:06  ASCBs ===   ASCB FE7A50  ASID 0006  FMCT 0  (requested)     JBNI ptr=000000  ZERO      
=== 11:52:07  ASCBs ===   ASCB FE7878  ASID 0007  FMCT 0  (requested)     JBNI ptr=000000  ZERO      
=== 11:52:07  ASCBs ===   ASCB FD0F18  ASID 0008  FMCT 0  (requested)     JBNI ptr=000000  ZERO      
--- 09:52:08Z
=== 11:52:08  ASCBs ===   ASCB FE7A50  ASID 0006  FMCT 0  (requested)     JBNI ptr=000000  ZERO      
=== 11:52:09  ASCBs ===   ASCB FE7878  ASID 0007  FMCT 0  (requested)     JBNI ptr=000000  ZERO      
=== 11:52:09  ASCBs ===   ASCB FD0F18  ASID 0008  FMCT 0  (requested)     JBNI ptr=000000  ZERO      
--- 09:52:10Z
=== 11:52:10  ASCBs ===   ASCB FE7A50  ASID 0006  FMCT 0  (requested)     JBNI ptr=000000  ZERO      
=== 11:52:11  ASCBs ===   ASCB FE7878  ASID 0007  FMCT 0  (requested)     JBNI ptr=000000  ZERO      
=== 11:52:11  ASCBs ===   ASCB FD0F18  ASID 0008  FMCT 0  (requested)     JBNI ptr=000000  ZERO      
--- 09:52:12Z
=== 11:52:12  ASCBs ===   ASCB FE7A50  ASID 0006  FMCT 0  (requested)     JBNI ptr=000000  ZERO      
=== 11:52:13  ASCBs ===   ASCB FE7878  ASID 0007  FMCT 0  (requested)     JBNI ptr=000000  ZERO      
=== 11:52:13  ASCBs ===   ASCB FD0F18  ASID 0008  FMCT 0  (requested)     JBNI ptr=000000  ZERO      
--- 09:52:14Z
=== 11:52:14  ASCBs ===   ASCB FE7A50  ASID 0006  FMCT 0  (requested)     JBNI ptr=000000  ZERO      
=== 11:52:15  ASCBs ===   ASCB FE7878  ASID 0007  FMCT 0  (requested)     JBNI ptr=000000  ZERO      
=== 11:52:15  ASCBs ===   ASCB FD0F18  ASID 0008  FMCT 0  (requested)     JBNI ptr=000000  ZERO      
--- 09:52:15Z
=== 11:52:16  ASCBs ===   ASCB FE7A50  ASID 0006  FMCT 0  (requested)     JBNI ptr=000000  ZERO      
=== 11:52:17  ASCBs ===   ASCB FE7878  ASID 0007  FMCT 0  (requested)     JBNI ptr=000000  ZERO      
=== 11:52:17  ASCBs ===   ASCB FD0F18  ASID 0008  FMCT 0  (requested)     JBNI ptr=000000  ZERO      
--- 09:52:17Z
=== 11:52:18  ASCBs ===   ASCB FE7A50  ASID 0006  FMCT 0  (requested)     JBNI ptr=000000  ZERO      
=== 11:52:18  ASCBs ===   ASCB FE7878  ASID 0007  FMCT 0  (requested)     JBNI ptr=000000  ZERO      
=== 11:52:19  ASCBs ===   ASCB FD0F18  ASID 0008  FMCT 0  (requested)     JBNI ptr=000000  ZERO      
--- 09:52:19Z
=== 11:52:20  ASCBs ===   ASCB FE7A50  ASID 0006  FMCT 0  (requested)     JBNI ptr=000000  ZERO      
=== 11:52:20  ASCBs ===   ASCB FE7878  ASID 0007  FMCT 0  (requested)     JBNI ptr=000000  ZERO      
=== 11:52:21  ASCBs ===   ASCB FD0F18  ASID 0008  FMCT 0  (requested)     JBNI ptr=000000  ZERO      
--- 09:52:21Z
=== 11:52:22  ASCBs ===   ASCB FE7A50  ASID 0006  FMCT 0  (requested)     JBNI ptr=000000  ZERO      
=== 11:52:23  ASCBs ===   ASCB FE7878  ASID 0007  FMCT 0  (requested)     JBNI ptr=000000  ZERO      
=== 11:52:23  ASCBs ===   ASCB FD0F18  ASID 0008  FMCT 0  (requested)     JBNI ptr=000000  ZERO      
--- 09:52:23Z
=== 11:52:24  ASCBs ===   ASCB FE7A50  ASID 0006  FMCT 0  (requested)     JBNI ptr=000000  ZERO      
=== 11:52:24  ASCBs ===   ASCB FE7878  ASID 0007  FMCT 0  (requested)     JBNI ptr=000000  ZERO      
=== 11:52:25  ASCBs ===   ASCB FD0F18  ASID 0008  FMCT 0  (requested)     JBNI ptr=000000  ZERO      
--- 09:52:25Z
=== 11:52:26  ASCBs ===   ASCB FE7A50  ASID 0006  FMCT 0  (requested)     JBNI ptr=000000  ZERO      
=== 11:52:26  ASCBs ===   ASCB FE7878  ASID 0007  FMCT 0  (requested)     JBNI ptr=000000  ZERO      
=== 11:52:27  ASCBs ===   ASCB FD0F18  ASID 0008  FMCT 0  (requested)     JBNI ptr=000000  ZERO      
