=== BOUNDARIES (common vs private), and the control on them ===
  CVT       01D048
  GDA       FFFFC0   (CVT+X'230')
  PASTRT    090000   PASIZE 00950000 (9536 KB)
  private area window: [090000 .. 9E0000)
  CONTROL: GDA+8 CSAPQEP -> PQE FFFF50  PQESIZE 2113536 (2064 KB)  PQEREGN 9E0000
           64-3-0 measured CSA = 2064 KB -> REPRODUCES

=== 12:04:30  ASCBs ===
  000000  NOT AN ASCB (no eyecatcher) -- skipped
12:04:33 pass=1 live=0 
12:04:35 pass=2 live=1 ASID 0008 ASCB FD0F18 ptr=FF9390 hex=E3E2E3C1D7D7C4C8 text='TSTAPPDH'
12:04:37 pass=3 live=1 ASID 0008 ASCB FD0F18 ptr=FF9390 hex=E3E2E3C1D7D7C4C8 text='TSTAPPDH'
12:04:39 pass=4 live=1 ASID 0008 ASCB FD0F18 ptr=FF9390 hex=E3E2E3C1D7D7C4C8 text='TSTAPPDH'
12:04:41 pass=5 live=1 ASID 0008 ASCB FD0F18 ptr=FF9390 hex=E3E2E3C1D7D7C4C8 text='TSTAPPDH'
12:04:44 pass=6 live=1 ASID 0008 ASCB FD0F18 ptr=FF9390 hex=E3E2E3C1D7D7C4C8 text='TSTAPPDH'
12:04:46 pass=7 live=1 ASID 0008 ASCB FD0F18 ptr=FF9390 hex=E3E2E3C1D7D7C4C8 text='TSTAPPDH'
12:04:48 pass=8 live=1 ASID 0008 ASCB FD0F18 ptr=FF9390 hex=E3E2E3C1D7D7C4C8 text='TSTAPPDH'
12:04:50 pass=9 live=1 ASID 0008 ASCB FD0F18 ptr=FF9390 hex=E3E2E3C1D7D7C4C8 text='TSTAPPDH'
12:04:52 pass=10 live=1 ASID 0008 ASCB FD0F18 ptr=FF9390 hex=E3E2E3C1D7D7C4C8 text='TSTAPPDH'
12:04:54 pass=11 live=1 ASID 0008 ASCB FD0F18 ptr=FF9390 hex=E3E2E3C1D7D7C4C8 text='TSTAPPDH'
12:04:56 pass=12 live=1 ASID 0008 ASCB FD0F18 ptr=FF9390 hex=E3E2E3C1D7D7C4C8 text='TSTAPPDH'
12:04:58 pass=13 live=1 ASID 0008 ASCB FD0F18 ptr=FF9390 hex=E3E2E3C1D7D7C4C8 text='TSTAPPDH'
12:05:00 pass=14 live=1 ASID 0008 ASCB FD0F18 ptr=FF9390 hex=E3E2E3C1D7D7C4C8 text='TSTAPPDH'
12:05:03 pass=15 live=1 ASID 0008 ASCB FD0F18 ptr=FF9390 hex=E3E2E3C1D7D7C4C8 text='TSTAPPDH'
12:05:05 pass=16 live=1 ASID 0008 ASCB FD0F18 ptr=FF9390 hex=E3E2E3C1D7D7C4C8 text='TSTAPPDH'
12:05:07 pass=17 live=1 ASID 0008 ASCB FD0F18 ptr=FF9390 hex=E3E2E3C1D7D7C4C8 text='TSTAPPDH'
12:05:09 pass=18 live=1 ASID 0008 ASCB FD0F18 ptr=FF9390 hex=E3E2E3C1D7D7C4C8 text='TSTAPPDH'
12:05:11 pass=19 live=1 ASID 0008 ASCB FD0F18 ptr=FF9390 hex=E3E2E3C1D7D7C4C8 text='TSTAPPDH'
12:05:13 pass=20 live=1 ASID 0008 ASCB FD0F18 ptr=FF9390 hex=E3E2E3C1D7D7C4C8 text='TSTAPPDH'
12:05:15 pass=21 live=1 ASID 0008 ASCB FD0F18 ptr=FF9390 hex=E3E2E3C1D7D7C4C8 text='TSTAPPDH'
12:05:17 pass=22 live=1 ASID 0008 ASCB FD0F18 ptr=FF9390 hex=E3E2E3C1D7D7C4C8 text='TSTAPPDH'
12:05:20 pass=23 live=1 ASID 0008 ASCB FD0F18 ptr=FF9390 hex=E3E2E3C1D7D7C4C8 text='TSTAPPDH'
12:05:22 pass=24 live=1 ASID 0008 ASCB FD0F18 ptr=FF9390 hex=E3E2E3C1D7D7C4C8 text='TSTAPPDH'
12:05:24 pass=25 live=1 ASID 0008 ASCB FD0F18 ptr=FF9390 hex=E3E2E3C1D7D7C4C8 text='TSTAPPDH'
12:05:26 pass=26 live=1 ASID 0008 ASCB FD0F18 ptr=FF9390 hex=E3E2E3C1D7D7C4C8 text='TSTAPPDH'
12:05:28 pass=27 live=1 ASID 0008 ASCB FD0F18 ptr=FF9390 hex=E3E2E3C1D7D7C4C8 text='TSTAPPDH'
12:05:31 pass=28 live=1 ASID 0008 ASCB FD0F18 ptr=FF9390 hex=E3E2E3C1D7D7C4C8 text='TSTAPPDH'
12:05:33 pass=29 live=1 ASID 0008 ASCB FD0F18 ptr=FF9390 hex=E3E2E3C1D7D7C4C8 text='TSTAPPDH'
12:05:35 pass=30 live=1 ASID 0008 ASCB FD0F18 ptr=FF9390 hex=E3E2E3C1D7D7C4C8 text='TSTAPPDH'
12:05:38 pass=31 live=1 ASID 0008 ASCB FD0F18 ptr=FF9390 hex=E3E2E3C1D7D7C4C8 text='TSTAPPDH'
12:05:40 pass=32 live=1 ASID 0008 ASCB FD0F18 ptr=FF9390 hex=E3E2E3C1D7D7C4C8 text='TSTAPPDH'
12:05:42 pass=33 live=1 ASID 0008 ASCB FD0F18 ptr=FF9390 hex=E3E2E3C1D7D7C4C8 text='TSTAPPDH'
