=== BOUNDARIES (common vs private), and the control on them ===
  CVT       01D048
  GDA       FFFFC0   (CVT+X'230')
  PASTRT    090000   PASIZE 00950000 (9536 KB)
  private area window: [090000 .. 9E0000)
  CONTROL: GDA+8 CSAPQEP -> PQE FFFF50  PQESIZE 2113536 (2064 KB)  PQEREGN 9E0000
           64-3-0 measured CSA = 2064 KB -> REPRODUCES

=== 12:06:22  ASCBs ===
  000000  NOT AN ASCB (no eyecatcher) -- skipped
12:06:22 FD0F18 IDLE
12:06:22 FD0F18 IDLE
12:06:23 FD0F18 IDLE
12:06:23 FD0F18 IDLE
12:06:23 FD0F18 IDLE
12:06:23 FD0F18 IDLE
12:06:23 FD0F18 IDLE
12:06:23 FD0F18 IDLE
12:06:24 FD0F18 IDLE
12:06:24 FD0F18 IDLE
12:06:24 FD0F18 IDLE
12:06:24 FD0F18 IDLE
12:06:24 FD0F18 ptr=FF8F58 hex=E3E2E3C1D7D7C4C8 text='TSTAPPDH'
12:06:25 FD0F18 ptr=FF8F58 hex=E3E2E3C1D7D7C4C8 text='TSTAPPDH'
12:06:25 FD0F18 ptr=FF8F58 hex=E3E2E3C1D7D7C4C8 text='TSTAPPDH'
12:06:25 FD0F18 ptr=FF8F58 hex=E3E2E3C1D7D7C4C8 text='TSTAPPDH'
12:06:25 FD0F18 ptr=FF8F58 hex=E3E2E3C1D7D7C4C8 text='TSTAPPDH'
12:06:26 FD0F18 ptr=FF8F58 hex=E3E2E3C1D7D7C4C8 text='TSTAPPDH'
12:06:26 FD0F18 ptr=FF8F58 hex=E3E2E3C1D7D7C4C8 text='TSTAPPDH'
12:06:26 FD0F18 ptr=FF8F58 hex=E3E2E3C1D7D7C4C8 text='TSTAPPDH'
12:06:26 FD0F18 ptr=FF8F58 hex=E3E2E3C1D7D7C4C8 text='TSTAPPDH'
12:06:27 FD0F18 ptr=FF8F58 hex=E3E2E3C1D7D7C4C8 text='TSTAPPDH'
12:06:27 FD0F18 ptr=FF8F58 hex=E3E2E3C1D7D7C4C8 text='TSTAPPDH'
12:06:27 FD0F18 ptr=FF8F58 hex=E3E2E3C1D7D7C4C8 text='TSTAPPDH'
12:06:27 FD0F18 ptr=FF8F58 hex=E3E2E3C1D7D7C4C8 text='TSTAPPDH'
12:06:28 FD0F18 ptr=FF8F58 hex=E3E2E3C1D7D7C4C8 text='TSTAPPDH'
12:06:28 FD0F18 ptr=FF8F58 hex=E3E2E3C1D7D7C4C8 text='TSTAPPDH'
12:06:28 FD0F18 ptr=FF8F58 hex=E3E2E3C1D7D7C4C8 text='TSTAPPDH'
12:06:28 FD0F18 ptr=FF8F58 hex=E3E2E3C1D7D7C4C8 text='TSTAPPDH'
12:06:28 FD0F18 ptr=FF8F58 hex=E3E2E3C1D7D7C4C8 text='TSTAPPDH'
12:06:29 FD0F18 ptr=FF8F58 hex=E3E2E3C1D7D7C4C8 text='TSTAPPDH'
12:06:29 FD0F18 ptr=FF8F58 hex=E3E2E3C1D7D7C4C8 text='TSTAPPDH'
12:06:29 FD0F18 ptr=FF8F58 hex=E3E2E3C1D7D7C4C8 text='TSTAPPDH'
12:06:29 FD0F18 ptr=FF8F58 hex=E3E2E3C1D7D7C4C8 text='TSTAPPDH'
12:06:30 FD0F18 ptr=FF8F58 hex=E3E2E3C1D7D7C4C8 text='TSTAPPDH'
12:06:30 FD0F18 ptr=FF8F58 hex=E3E2E3C1D7D7C4C8 text='TSTAPPDH'
12:06:30 FD0F18 ptr=FF8F58 hex=E3E2E3C1D7D7C4C8 text='TSTAPPDH'
12:06:31 FD0F18 ptr=FF8F58 hex=E3E2E3C1D7D7C4C8 text='TSTAPPDH'
12:06:31 FD0F18 ptr=FF8F58 hex=E3E2E3C1D7D7C4C8 text='TSTAPPDH'
12:06:31 FD0F18 ptr=FF8F58 hex=E3E2E3C1D7D7C4C8 text='TSTAPPDH'
12:06:31 FD0F18 ptr=FF8F58 hex=E3E2E3C1D7D7C4C8 text='TSTAPPDH'
12:06:31 FD0F18 ptr=FF8F58 hex=E3E2E3C1D7D7C4C8 text='TSTAPPDH'
12:06:32 FD0F18 ptr=FF8F58 hex=E3E2E3C1D7D7C4C8 text='TSTAPPDH'
12:06:32 FD0F18 ptr=FF8F58 hex=E3E2E3C1D7D7C4C8 text='TSTAPPDH'
12:06:32 FD0F18 ptr=FF8F58 hex=E3E2E3C1D7D7C4C8 text='TSTAPPDH'
12:06:33 FD0F18 ptr=FF8F58 hex=E3E2E3C1D7D7C4C8 text='TSTAPPDH'
12:06:33 FD0F18 ptr=FF8F58 hex=E3E2E3C1D7D7C4C8 text='TSTAPPDH'
12:06:33 FD0F18 ptr=FF8F58 hex=E3E2E3C1D7D7C4C8 text='TSTAPPDH'
12:06:33 FD0F18 ptr=FF8F58 hex=E3E2E3C1D7D7C4C8 text='TSTAPPDH'
12:06:34 FD0F18 ptr=FF8F58 hex=E3E2E3C1D7D7C4C8 text='TSTAPPDH'
12:06:34 FD0F18 ptr=FF8F58 hex=E3E2E3C1D7D7C4C8 text='TSTAPPDH'
12:06:34 FD0F18 ptr=FF8F58 hex=E3E2E3C1D7D7C4C8 text='TSTAPPDH'
12:06:34 FD0F18 ptr=FF8F58 hex=E3E2E3C1D7D7C4C8 text='TSTAPPDH'
12:06:35 FD0F18 ptr=FF8F58 hex=E3E2E3C1D7D7C4C8 text='TSTAPPDH'
12:06:35 FD0F18 ptr=FF8F58 hex=E3E2E3C1D7D7C4C8 text='TSTAPPDH'
12:06:35 FD0F18 ptr=FF8F58 hex=E3E2E3C1D7D7C4C8 text='TSTAPPDH'
12:06:36 FD0F18 ptr=FF8F58 hex=E3E2E3C1D7D7C4C8 text='TSTAPPDH'
12:06:36 FD0F18 ptr=FF8F58 hex=E3E2E3C1D7D7C4C8 text='TSTAPPDH'
12:06:36 FD0F18 ptr=FF8F58 hex=E3E2E3C1D7D7C4C8 text='TSTAPPDH'
12:06:36 FD0F18 ptr=FF8F58 hex=E3E2E3C1D7D7C4C8 text='TSTAPPDH'
12:06:37 FD0F18 ptr=FF8F58 hex=E3E2E3C1D7D7C4C8 text='TSTAPPDH'
12:06:37 FD0F18 ptr=FF8F58 hex=E3E2E3C1D7D7C4C8 text='TSTAPPDH'
12:06:37 FD0F18 ptr=FF8F58 hex=E3E2E3C1D7D7C4C8 text='TSTAPPDH'
12:06:37 FD0F18 ptr=FF8F58 hex=E3E2E3C1D7D7C4C8 text='TSTAPPDH'
12:06:38 FD0F18 ptr=FF8F58 hex=E3E2E3C1D7D7C4C8 text='TSTAPPDH'
12:06:38 FD0F18 ptr=FF8F58 hex=E3E2E3C1D7D7C4C8 text='TSTAPPDH'
12:06:38 FD0F18 ptr=FF8F58 hex=E3E2E3C1D7D7C4C8 text='TSTAPPDH'
12:06:38 FD0F18 ptr=FF8F58 hex=E3E2E3C1D7D7C4C8 text='TSTAPPDH'
12:06:39 FD0F18 ptr=FF8F58 hex=E3E2E3C1D7D7C4C8 text='TSTAPPDH'
12:06:39 FD0F18 ptr=FF8F58 hex=E3E2E3C1D7D7C4C8 text='TSTAPPDH'
12:06:39 FD0F18 ptr=FF8F58 hex=E3E2E3C1D7D7C4C8 text='TSTAPPDH'
12:06:39 FD0F18 ptr=FF8F58 hex=E3E2E3C1D7D7C4C8 text='TSTAPPDH'
12:06:40 FD0F18 ptr=FF8F58 hex=E3E2E3C1D7D7C4C8 text='TSTAPPDH'
12:06:40 FD0F18 ptr=FF8F58 hex=E3E2E3C1D7D7C4C8 text='TSTAPPDH'
12:06:40 FD0F18 ptr=FF8F58 hex=E3E2E3C1D7D7C4C8 text='TSTAPPDH'
12:06:40 FD0F18 ptr=FF8F58 hex=E3E2E3C1D7D7C4C8 text='TSTAPPDH'
12:06:41 FD0F18 ptr=FF8F58 hex=E3E2E3C1D7D7C4C8 text='TSTAPPDH'
12:06:41 FD0F18 ptr=FF8F58 hex=E3E2E3C1D7D7C4C8 text='TSTAPPDH'
12:06:41 FD0F18 ptr=FF8F58 hex=E3E2E3C1D7D7C4C8 text='TSTAPPDH'
12:06:41 FD0F18 ptr=FF8F58 hex=E3E2E3C1D7D7C4C8 text='TSTAPPDH'
12:06:42 FD0F18 ptr=FF8F58 hex=E3E2E3C1D7D7C4C8 text='TSTAPPDH'
12:06:42 FD0F18 ptr=FF8F58 hex=E3E2E3C1D7D7C4C8 text='TSTAPPDH'
12:06:42 FD0F18 ptr=FF8F58 hex=E3E2E3C1D7D7C4C8 text='TSTAPPDH'
12:06:42 FD0F18 ptr=FF8F58 hex=E3E2E3C1D7D7C4C8 text='TSTAPPDH'
12:06:43 FD0F18 ptr=FF8F58 hex=E3E2E3C1D7D7C4C8 text='TSTAPPDH'
12:06:43 FD0F18 ptr=FF8F58 hex=E3E2E3C1D7D7C4C8 text='TSTAPPDH'
12:06:43 FD0F18 ptr=FF8F58 hex=E3E2E3C1D7D7C4C8 text='TSTAPPDH'
12:06:43 FD0F18 ptr=FF8F58 hex=E3E2E3C1D7D7C4C8 text='TSTAPPDH'
12:06:44 FD0F18 ptr=FF8F58 hex=E3E2E3C1D7D7C4C8 text='TSTAPPDH'
12:06:44 FD0F18 ptr=FF8F58 hex=E3E2E3C1D7D7C4C8 text='TSTAPPDH'
12:06:44 FD0F18 ptr=FF8F58 hex=E3E2E3C1D7D7C4C8 text='TSTAPPDH'
12:06:44 FD0F18 ptr=FF8F58 hex=E3E2E3C1D7D7C4C8 text='TSTAPPDH'
12:06:45 FD0F18 ptr=FF8F58 hex=E3E2E3C1D7D7C4C8 text='TSTAPPDH'
12:06:45 FD0F18 ptr=FF8F58 hex=E3E2E3C1D7D7C4C8 text='TSTAPPDH'
12:06:45 FD0F18 ptr=FF8F58 hex=E3E2E3C1D7D7C4C8 text='TSTAPPDH'
12:06:45 FD0F18 ptr=FF8F58 hex=E3E2E3C1D7D7C4C8 text='TSTAPPDH'
12:06:46 FD0F18 ptr=FF8F58 hex=E3E2E3C1D7D7C4C8 text='TSTAPPDH'
12:06:46 FD0F18 ptr=FF8F58 hex=E3E2E3C1D7D7C4C8 text='TSTAPPDH'
12:06:46 FD0F18 ptr=FF8F58 hex=E3E2E3C1D7D7C4C8 text='TSTAPPDH'
12:06:47 FD0F18 ptr=FF8F58 hex=E3E2E3C1D7D7C4C8 text='TSTAPPDH'
12:06:47 FD0F18 ptr=FF8F58 hex=E3E2E3C1D7D7C4C8 text='TSTAPPDH'
12:06:47 FD0F18 ptr=FF8F58 hex=E3E2E3C1D7D7C4C8 text='TSTAPPDH'
12:06:47 FD0F18 ptr=FF8F58 hex=E3E2E3C1D7D7C4C8 text='TSTAPPDH'
12:06:48 FD0F18 ptr=FF8F58 hex=E3E2E3C1D7D7C4C8 text='TSTAPPDH'
12:06:48 FD0F18 ptr=FF8F58 hex=E3E2E3C1D7D7C4C8 text='TSTAPPDH'
12:06:48 FD0F18 ptr=FF8F58 hex=E3E2E3C1D7D7C4C8 text='TSTAPPDH'
12:06:48 FD0F18 ptr=FF8F58 hex=E3E2E3C1D7D7C4C8 text='TSTAPPDH'
12:06:49 FD0F18 ptr=FF8F58 hex=E3E2E3C1D7D7C4C8 text='TSTAPPDH'
12:06:49 FD0F18 ptr=FF8F58 hex=E3E2E3C1D7D7C4C8 text='TSTAPPDH'
12:06:49 FD0F18 ptr=FF8F58 hex=E3E2E3C1D7D7C4C8 text='TSTAPPDH'
12:06:49 FD0F18 ptr=FF8F58 hex=E3E2E3C1D7D7C4C8 text='TSTAPPDH'
12:06:50 FD0F18 ptr=FF8F58 hex=E3E2E3C1D7D7C4C8 text='TSTAPPDH'
12:06:50 FD0F18 ptr=FF8F58 hex=E3E2E3C1D7D7C4C8 text='TSTAPPDH'
12:06:50 FD0F18 ptr=FF8F58 hex=E3E2E3C1D7D7C4C8 text='TSTAPPDH'
12:06:50 FD0F18 ptr=FF8F58 hex=E3E2E3C1D7D7C4C8 text='TSTAPPDH'
12:06:51 FD0F18 ptr=FF8F58 hex=E3E2E3C1D7D7C4C8 text='TSTAPPDH'
12:06:51 FD0F18 ptr=FF8F58 hex=E3E2E3C1D7D7C4C8 text='TSTAPPDH'
12:06:51 FD0F18 ptr=FF8F58 hex=E3E2E3C1D7D7C4C8 text='TSTAPPDH'
12:06:51 FD0F18 ptr=FF8F58 hex=E3E2E3C1D7D7C4C8 text='TSTAPPDH'
12:06:52 FD0F18 ptr=FF8F58 hex=E3E2E3C1D7D7C4C8 text='TSTAPPDH'
12:06:52 FD0F18 ptr=FF8F58 hex=E3E2E3C1D7D7C4C8 text='TSTAPPDH'
12:06:52 FD0F18 ptr=FF8F58 hex=E3E2E3C1D7D7C4C8 text='TSTAPPDH'
12:06:52 FD0F18 ptr=FF8F58 hex=E3E2E3C1D7D7C4C8 text='TSTAPPDH'
12:06:53 FD0F18 ptr=FF8F58 hex=E3E2E3C1D7D7C4C8 text='TSTAPPDH'
12:06:53 FD0F18 ptr=FF8F58 hex=E3E2E3C1D7D7C4C8 text='TSTAPPDH'
12:06:53 FD0F18 ptr=FF8F58 hex=E3E2E3C1D7D7C4C8 text='TSTAPPDH'
12:06:53 FD0F18 ptr=FF8F58 hex=E3E2E3C1D7D7C4C8 text='TSTAPPDH'
12:06:54 FD0F18 ptr=FF8F58 hex=E3E2E3C1D7D7C4C8 text='TSTAPPDH'
12:06:54 FD0F18 ptr=FF8F58 hex=E3E2E3C1D7D7C4C8 text='TSTAPPDH'
12:06:54 FD0F18 ptr=FF8F58 hex=E3E2E3C1D7D7C4C8 text='TSTAPPDH'
12:06:54 FD0F18 ptr=FF8F58 hex=E3E2E3C1D7D7C4C8 text='TSTAPPDH'
12:06:55 FD0F18 ptr=FF8F58 hex=E3E2E3C1D7D7C4C8 text='TSTAPPDH'
12:06:55 FD0F18 ptr=FF8F58 hex=E3E2E3C1D7D7C4C8 text='TSTAPPDH'
12:06:55 FD0F18 ptr=FF8F58 hex=E3E2E3C1D7D7C4C8 text='TSTAPPDH'
12:06:55 FD0F18 ptr=FF8F58 hex=E3E2E3C1D7D7C4C8 text='TSTAPPDH'
12:06:56 FD0F18 ptr=FF8F58 hex=E3E2E3C1D7D7C4C8 text='TSTAPPDH'
12:06:56 FD0F18 ptr=FF8F58 hex=E3E2E3C1D7D7C4C8 text='TSTAPPDH'
12:06:56 FD0F18 ptr=FF8F58 hex=E3E2E3C1D7D7C4C8 text='TSTAPPDH'
12:06:56 FD0F18 ptr=FF8F58 hex=E3E2E3C1D7D7C4C8 text='TSTAPPDH'
12:06:57 FD0F18 ptr=FF8F58 hex=E3E2E3C1D7D7C4C8 text='TSTAPPDH'
12:06:57 FD0F18 ptr=FF8F58 hex=E3E2E3C1D7D7C4C8 text='TSTAPPDH'
12:06:57 FD0F18 ptr=FF8F58 hex=E3E2E3C1D7D7C4C8 text='TSTAPPDH'
12:06:57 FD0F18 ptr=FF8F58 hex=E3E2E3C1D7D7C4C8 text='TSTAPPDH'
12:06:58 FD0F18 ptr=FF8F58 hex=E3E2E3C1D7D7C4C8 text='TSTAPPDH'
12:06:58 FD0F18 ptr=FF8F58 hex=E3E2E3C1D7D7C4C8 text='TSTAPPDH'
12:06:58 FD0F18 ptr=FF8F58 hex=E3E2E3C1D7D7C4C8 text='TSTAPPDH'
12:06:58 FD0F18 ptr=FF8F58 hex=E3E2E3C1D7D7C4C8 text='TSTAPPDH'
12:06:59 FD0F18 ptr=FF8F58 hex=E3E2E3C1D7D7C4C8 text='TSTAPPDH'
12:06:59 FD0F18 ptr=FF8F58 hex=E3E2E3C1D7D7C4C8 text='TSTAPPDH'
12:06:59 FD0F18 ptr=FF8F58 hex=E3E2E3C1D7D7C4C8 text='TSTAPPDH'
12:06:59 FD0F18 ptr=FF8F58 hex=E3E2E3C1D7D7C4C8 text='TSTAPPDH'
12:07:00 FD0F18 ptr=FF8F58 hex=E3E2E3C1D7D7C4C8 text='TSTAPPDH'
12:07:00 FD0F18 ptr=FF8F58 hex=E3E2E3C1D7D7C4C8 text='TSTAPPDH'
12:07:00 FD0F18 ptr=FF8F58 hex=E3E2E3C1D7D7C4C8 text='TSTAPPDH'
12:07:00 FD0F18 ptr=FF8F58 hex=E3E2E3C1D7D7C4C8 text='TSTAPPDH'
12:07:01 FD0F18 ptr=FF8F58 hex=E3E2E3C1D7D7C4C8 text='TSTAPPDH'
12:07:01 FD0F18 ptr=FF8F58 hex=E3E2E3C1D7D7C4C8 text='TSTAPPDH'
12:07:01 FD0F18 ptr=FF8F58 hex=E3E2E3C1D7D7C4C8 text='TSTAPPDH'
12:07:01 FD0F18 ptr=FF8F58 hex=E3E2E3C1D7D7C4C8 text='TSTAPPDH'
12:07:02 FD0F18 ptr=FF8F58 hex=E3E2E3C1D7D7C4C8 text='TSTAPPDH'
12:07:02 FD0F18 ptr=FF8F58 hex=E3E2E3C1D7D7C4C8 text='TSTAPPDH'
12:07:02 FD0F18 ptr=FF8F58 hex=E3E2E3C1D7D7C4C8 text='TSTAPPDH'
12:07:02 FD0F18 ptr=FF8F58 hex=E3E2E3C1D7D7C4C8 text='TSTAPPDH'
12:07:03 FD0F18 ptr=FF8F58 hex=E3E2E3C1D7D7C4C8 text='TSTAPPDH'
12:07:03 FD0F18 ptr=FF8F58 hex=E3E2E3C1D7D7C4C8 text='TSTAPPDH'
12:07:03 FD0F18 ptr=FF8F58 hex=E3E2E3C1D7D7C4C8 text='TSTAPPDH'
12:07:03 FD0F18 ptr=FF8F58 hex=E3E2E3C1D7D7C4C8 text='TSTAPPDH'
12:07:04 FD0F18 ptr=FF8F58 hex=E3E2E3C1D7D7C4C8 text='TSTAPPDH'
12:07:04 FD0F18 ptr=FF8F58 hex=E3E2E3C1D7D7C4C8 text='TSTAPPDH'
12:07:04 FD0F18 ptr=FF8F58 hex=E3E2E3C1D7D7C4C8 text='TSTAPPDH'
12:07:04 FD0F18 ptr=FF8F58 hex=E3E2E3C1D7D7C4C8 text='TSTAPPDH'
12:07:05 FD0F18 ptr=FF8F58 hex=E3E2E3C1D7D7C4C8 text='TSTAPPDH'
12:07:05 FD0F18 ptr=FF8F58 hex=E3E2E3C1D7D7C4C8 text='TSTAPPDH'
12:07:05 FD0F18 ptr=FF8F58 hex=E3E2E3C1D7D7C4C8 text='TSTAPPDH'
12:07:05 FD0F18 ptr=FF8F58 hex=E3E2E3C1D7D7C4C8 text='TSTAPPDH'
12:07:06 FD0F18 ptr=FF8F58 hex=E3E2E3C1D7D7C4C8 text='TSTAPPDH'
12:07:06 FD0F18 ptr=FF8F58 hex=E3E2E3C1D7D7C4C8 text='TSTAPPDH'
12:07:06 FD0F18 ptr=FF8F58 hex=E3E2E3C1D7D7C4C8 text='TSTAPPDH'
12:07:06 FD0F18 ptr=FF8F58 hex=E3E2E3C1D7D7C4C8 text='TSTAPPDH'
12:07:07 FD0F18 ptr=FF8F58 hex=E3E2E3C1D7D7C4C8 text='TSTAPPDH'
12:07:07 FD0F18 ptr=FF8F58 hex=E3E2E3C1D7D7C4C8 text='TSTAPPDH'
12:07:07 FD0F18 ptr=FF8F58 hex=E3E2E3C1D7D7C4C8 text='TSTAPPDH'
12:07:07 FD0F18 ptr=FF8F58 hex=E3E2E3C1D7D7C4C8 text='TSTAPPDH'
12:07:08 FD0F18 ptr=FF8F58 hex=E3E2E3C1D7D7C4C8 text='TSTAPPDH'
12:07:08 FD0F18 ptr=FF8F58 hex=E3E2E3C1D7D7C4C8 text='TSTAPPDH'
12:07:08 FD0F18 ptr=FF8F58 hex=E3E2E3C1D7D7C4C8 text='TSTAPPDH'
12:07:08 FD0F18 ptr=FF8F58 hex=E3E2E3C1D7D7C4C8 text='TSTAPPDH'
12:07:09 FD0F18 ptr=FF8F58 hex=E3E2E3C1D7D7C4C8 text='TSTAPPDH'
12:07:09 FD0F18 ptr=FF8F58 hex=E3E2E3C1D7D7C4C8 text='TSTAPPDH'
12:07:09 FD0F18 ptr=FF8F58 hex=E3E2E3C1D7D7C4C8 text='TSTAPPDH'
12:07:09 FD0F18 ptr=FF8F58 hex=E3E2E3C1D7D7C4C8 text='TSTAPPDH'
12:07:10 FD0F18 ptr=FF8F58 hex=E3E2E3C1D7D7C4C8 text='TSTAPPDH'
12:07:10 FD0F18 ptr=FF8F58 hex=E3E2E3C1D7D7C4C8 text='TSTAPPDH'
12:07:10 FD0F18 ptr=FF8F58 hex=E3E2E3C1D7D7C4C8 text='TSTAPPDH'
12:07:10 FD0F18 ptr=FF8F58 hex=E3E2E3C1D7D7C4C8 text='TSTAPPDH'
12:07:11 FD0F18 ptr=FF8F58 hex=E3E2E3C1D7D7C4C8 text='TSTAPPDH'
12:07:11 FD0F18 ptr=FF8F58 hex=E3E2E3C1D7D7C4C8 text='TSTAPPDH'
12:07:11 FD0F18 ptr=FF8F58 hex=E3E2E3C1D7D7C4C8 text='TSTAPPDH'
12:07:11 FD0F18 ptr=FF8F58 hex=E3E2E3C1D7D7C4C8 text='TSTAPPDH'
12:07:12 FD0F18 ptr=FF8F58 hex=E3E2E3C1D7D7C4C8 text='TSTAPPDH'
12:07:12 FD0F18 ptr=FF8F58 hex=E3E2E3C1D7D7C4C8 text='TSTAPPDH'
12:07:12 FD0F18 ptr=FF8F58 hex=E3E2E3C1D7D7C4C8 text='TSTAPPDH'
12:07:12 FD0F18 ptr=FF8F58 hex=E3E2E3C1D7D7C4C8 text='TSTAPPDH'
12:07:13 FD0F18 ptr=FF8F58 hex=E3E2E3C1D7D7C4C8 text='TSTAPPDH'
12:07:13 FD0F18 ptr=FF8F58 hex=E3E2E3C1D7D7C4C8 text='TSTAPPDH'
12:07:13 FD0F18 ptr=FF8F58 hex=E3E2E3C1D7D7C4C8 text='TSTAPPDH'
12:07:13 FD0F18 ptr=FF8F58 hex=E3E2E3C1D7D7C4C8 text='TSTAPPDH'
12:07:14 FD0F18 ptr=FF8F58 hex=E3E2E3C1D7D7C4C8 text='TSTAPPDH'
12:07:14 FD0F18 ptr=FF8F58 hex=E3E2E3C1D7D7C4C8 text='TSTAPPDH'
12:07:14 FD0F18 ptr=FF8F58 hex=E3E2E3C1D7D7C4C8 text='TSTAPPDH'
12:07:15 FD0F18 ptr=FF8F58 hex=E3E2E3C1D7D7C4C8 text='TSTAPPDH'
12:07:15 FD0F18 ptr=FF8F58 hex=E3E2E3C1D7D7C4C8 text='TSTAPPDH'
12:07:15 FD0F18 ptr=FF8F58 hex=E3E2E3C1D7D7C4C8 text='TSTAPPDH'
12:07:15 FD0F18 ptr=FF8F58 hex=E3E2E3C1D7D7C4C8 text='TSTAPPDH'
12:07:16 FD0F18 ptr=FF8F58 hex=E3E2E3C1D7D7C4C8 text='TSTAPPDH'
12:07:16 FD0F18 ptr=FF8F58 hex=E3E2E3C1D7D7C4C8 text='TSTAPPDH'
12:07:16 FD0F18 ptr=FF8F58 hex=E3E2E3C1D7D7C4C8 text='TSTAPPDH'
12:07:16 FD0F18 ptr=FF8F58 hex=E3E2E3C1D7D7C4C8 text='TSTAPPDH'
12:07:17 FD0F18 ptr=FF8F58 hex=E3E2E3C1D7D7C4C8 text='TSTAPPDH'
12:07:17 FD0F18 ptr=FF8F58 hex=E3E2E3C1D7D7C4C8 text='TSTAPPDH'
12:07:17 FD0F18 ptr=FF8F58 hex=E3E2E3C1D7D7C4C8 text='TSTAPPDH'
12:07:17 FD0F18 ptr=FF8F58 hex=E3E2E3C1D7D7C4C8 text='TSTAPPDH'
12:07:18 FD0F18 ptr=FF8F58 hex=E3E2E3C1D7D7C4C8 text='TSTAPPDH'
12:07:18 FD0F18 ptr=FF8F58 hex=E3E2E3C1D7D7C4C8 text='TSTAPPDH'
12:07:18 FD0F18 ptr=FF8F58 hex=E3E2E3C1D7D7C4C8 text='TSTAPPDH'
12:07:18 FD0F18 ptr=FF8F58 hex=E3E2E3C1D7D7C4C8 text='TSTAPPDH'
12:07:19 FD0F18 ptr=FF8F58 hex=E3E2E3C1D7D7C4C8 text='TSTAPPDH'
12:07:19 FD0F18 ptr=FF8F58 hex=E3E2E3C1D7D7C4C8 text='TSTAPPDH'
12:07:19 FD0F18 ptr=FF8F58 hex=E3E2E3C1D7D7C4C8 text='TSTAPPDH'
12:07:19 FD0F18 ptr=FF8F58 hex=E3E2E3C1D7D7C4C8 text='TSTAPPDH'
12:07:20 FD0F18 ptr=FF8F58 hex=E3E2E3C1D7D7C4C8 text='TSTAPPDH'
12:07:20 FD0F18 ptr=FF8F58 hex=E3E2E3C1D7D7C4C8 text='TSTAPPDH'
12:07:20 FD0F18 ptr=FF8F58 hex=E3E2E3C1D7D7C4C8 text='TSTAPPDH'
12:07:20 FD0F18 ptr=FF8F58 hex=E3E2E3C1D7D7C4C8 text='TSTAPPDH'
12:07:21 FD0F18 ptr=FF8F58 hex=E3E2E3C1D7D7C4C8 text='TSTAPPDH'
12:07:21 FD0F18 ptr=FF8F58 hex=E3E2E3C1D7D7C4C8 text='TSTAPPDH'
12:07:21 FD0F18 ptr=FF8F58 hex=E3E2E3C1D7D7C4C8 text='TSTAPPDH'
12:07:21 FD0F18 ptr=FF8F58 hex=E3E2E3C1D7D7C4C8 text='TSTAPPDH'
12:07:22 FD0F18 ptr=FF8F58 hex=E3E2E3C1D7D7C4C8 text='TSTAPPDH'
12:07:22 FD0F18 ptr=FF8F58 hex=E3E2E3C1D7D7C4C8 text='TSTAPPDH'
12:07:22 FD0F18 ptr=FF8F58 hex=E3E2E3C1D7D7C4C8 text='TSTAPPDH'
12:07:22 FD0F18 ptr=FF8F58 hex=E3E2E3C1D7D7C4C8 text='TSTAPPDH'
12:07:23 FD0F18 ptr=FF8F58 hex=E3E2E3C1D7D7C4C8 text='TSTAPPDH'
12:07:23 FD0F18 ptr=FF8F58 hex=E3E2E3C1D7D7C4C8 text='TSTAPPDH'
12:07:23 FD0F18 ptr=FF8F58 hex=E3E2E3C1D7D7C4C8 text='TSTAPPDH'
12:07:23 FD0F18 ptr=FF8F58 hex=E3E2E3C1D7D7C4C8 text='TSTAPPDH'
12:07:24 FD0F18 ptr=FF8F58 hex=E3E2E3C1D7D7C4C8 text='TSTAPPDH'
12:07:24 FD0F18 ptr=FF8F58 hex=E3E2E3C1D7D7C4C8 text='TSTAPPDH'
12:07:24 FD0F18 ptr=FF8F58 hex=E3E2E3C1D7D7C4C8 text='TSTAPPDH'
12:07:24 FD0F18 ptr=FF8F58 hex=E3E2E3C1D7D7C4C8 text='TSTAPPDH'
12:07:25 FD0F18 ptr=FF8F58 hex=E3E2E3C1D7D7C4C8 text='TSTAPPDH'
12:07:25 FD0F18 ptr=FF8F58 hex=E3E2E3C1D7D7C4C8 text='TSTAPPDH'
12:07:25 FD0F18 ptr=FF8F58 hex=E3E2E3C1D7D7C4C8 text='TSTAPPDH'
12:07:25 FD0F18 ptr=FF8F58 hex=E3E2E3C1D7D7C4C8 text='TSTAPPDH'
12:07:25 FD0F18 ptr=FF8F58 hex=E3E2E3C1D7D7C4C8 text='TSTAPPDH'
12:07:26 FD0F18 ptr=FF8F58 hex=E3E2E3C1D7D7C4C8 text='TSTAPPDH'
12:07:26 FD0F18 ptr=FF8F58 hex=E3E2E3C1D7D7C4C8 text='TSTAPPDH'
12:07:26 FD0F18 ptr=FF8F58 hex=E3E2E3C1D7D7C4C8 text='TSTAPPDH'
12:07:26 FD0F18 ptr=FF8F58 hex=E3E2E3C1D7D7C4C8 text='TSTAPPDH'
12:07:27 FD0F18 ptr=FF8F58 hex=E3E2E3C1D7D7C4C8 text='TSTAPPDH'
12:07:27 FD0F18 ptr=FF8F58 hex=E3E2E3C1D7D7C4C8 text='TSTAPPDH'
12:07:27 FD0F18 ptr=FF8F58 hex=E3E2E3C1D7D7C4C8 text='TSTAPPDH'
12:07:28 FD0F18 ptr=FF8F58 hex=E3E2E3C1D7D7C4C8 text='TSTAPPDH'
12:07:28 FD0F18 ptr=FF8F58 hex=E3E2E3C1D7D7C4C8 text='TSTAPPDH'
12:07:28 FD0F18 ptr=FF8F58 hex=E3E2E3C1D7D7C4C8 text='TSTAPPDH'
12:07:28 FD0F18 ptr=FF8F58 hex=E3E2E3C1D7D7C4C8 text='TSTAPPDH'
12:07:28 FD0F18 ptr=FF8F58 hex=E3E2E3C1D7D7C4C8 text='TSTAPPDH'
12:07:29 FD0F18 ptr=FF8F58 hex=E3E2E3C1D7D7C4C8 text='TSTAPPDH'
12:07:29 FD0F18 ptr=FF8F58 hex=E3E2E3C1D7D7C4C8 text='TSTAPPDH'
12:07:29 FD0F18 ptr=FF8F58 hex=E3E2E3C1D7D7C4C8 text='TSTAPPDH'
12:07:29 FD0F18 ptr=FF8F58 hex=E3E2E3C1D7D7C4C8 text='TSTAPPDH'
12:07:30 FD0F18 ptr=FF8F58 hex=E3E2E3C1D7D7C4C8 text='TSTAPPDH'
12:07:30 FD0F18 ptr=FF8F58 hex=E3E2E3C1D7D7C4C8 text='TSTAPPDH'
12:07:30 FD0F18 ptr=FF8F58 hex=E3E2E3C1D7D7C4C8 text='TSTAPPDH'
12:07:30 FD0F18 ptr=FF8F58 hex=E3E2E3C1D7D7C4C8 text='TSTAPPDH'
12:07:31 FD0F18 ptr=FF8F58 hex=E3E2E3C1D7D7C4C8 text='TSTAPPDH'
12:07:31 FD0F18 ptr=FF8F58 hex=E3E2E3C1D7D7C4C8 text='TSTAPPDH'
12:07:31 FD0F18 ptr=FF8F58 hex=E3E2E3C1D7D7C4C8 text='TSTAPPDH'
12:07:31 FD0F18 ptr=FF8F58 hex=E3E2E3C1D7D7C4C8 text='TSTAPPDH'
12:07:32 FD0F18 ptr=FF8F58 hex=E3E2E3C1D7D7C4C8 text='TSTAPPDH'
12:07:32 FD0F18 ptr=FF8F58 hex=E3E2E3C1D7D7C4C8 text='TSTAPPDH'
12:07:32 FD0F18 ptr=FF8F58 hex=E3E2E3C1D7D7C4C8 text='TSTAPPDH'
12:07:32 FD0F18 ptr=FF8F58 hex=E3E2E3C1D7D7C4C8 text='TSTAPPDH'
12:07:33 FD0F18 ptr=FF8F58 hex=E3E2E3C1D7D7C4C8 text='TSTAPPDH'
12:07:33 FD0F18 ptr=FF8F58 hex=E3E2E3C1D7D7C4C8 text='TSTAPPDH'
12:07:33 FD0F18 ptr=FF8F58 hex=E3E2E3C1D7D7C4C8 text='TSTAPPDH'
12:07:34 FD0F18 ptr=FF8F58 hex=E3E2E3C1D7D7C4C8 text='TSTAPPDH'
12:07:34 FD0F18 ptr=FF8F58 hex=E3E2E3C1D7D7C4C8 text='TSTAPPDH'
12:07:34 FD0F18 ptr=FF8F58 hex=E3E2E3C1D7D7C4C8 text='TSTAPPDH'
12:07:34 FD0F18 ptr=FF8F58 hex=E3E2E3C1D7D7C4C8 text='TSTAPPDH'
12:07:35 FD0F18 ptr=FF8F58 hex=E3E2E3C1D7D7C4C8 text='TSTAPPDH'
12:07:35 FD0F18 ptr=FF8F58 hex=E3E2E3C1D7D7C4C8 text='TSTAPPDH'
12:07:35 FD0F18 ptr=FF8F58 hex=E3E2E3C1D7D7C4C8 text='TSTAPPDH'
12:07:35 FD0F18 ptr=FF8F58 hex=E3E2E3C1D7D7C4C8 text='TSTAPPDH'
12:07:36 FD0F18 ptr=FF8F58 hex=E3E2E3C1D7D7C4C8 text='TSTAPPDH'
12:07:36 FD0F18 ptr=FF8F58 hex=E3E2E3C1D7D7C4C8 text='TSTAPPDH'
12:07:36 FD0F18 ptr=FF8F58 hex=E3E2E3C1D7D7C4C8 text='TSTAPPDH'
12:07:36 FD0F18 ptr=FF8F58 hex=E3E2E3C1D7D7C4C8 text='TSTAPPDH'
12:07:37 FD0F18 ptr=FF8F58 hex=E3E2E3C1D7D7C4C8 text='TSTAPPDH'
12:07:37 FD0F18 ptr=FF8F58 hex=E3E2E3C1D7D7C4C8 text='TSTAPPDH'
12:07:37 FD0F18 ptr=FF8F58 hex=E3E2E3C1D7D7C4C8 text='TSTAPPDH'
12:07:37 FD0F18 ptr=FF8F58 hex=E3E2E3C1D7D7C4C8 text='TSTAPPDH'
12:07:38 FD0F18 ptr=FF8F58 hex=E3E2E3C1D7D7C4C8 text='TSTAPPDH'
12:07:38 FD0F18 ptr=FF8F58 hex=E3E2E3C1D7D7C4C8 text='TSTAPPDH'
12:07:38 FD0F18 ptr=FF8F58 hex=E3E2E3C1D7D7C4C8 text='TSTAPPDH'
12:07:38 FD0F18 ptr=FF8F58 hex=E3E2E3C1D7D7C4C8 text='TSTAPPDH'
12:07:39 FD0F18 ptr=FF8F58 hex=E3E2E3C1D7D7C4C8 text='TSTAPPDH'
12:07:39 FD0F18 ptr=FF8F58 hex=E3E2E3C1D7D7C4C8 text='TSTAPPDH'
12:07:39 FD0F18 ptr=FF8F58 hex=E3E2E3C1D7D7C4C8 text='TSTAPPDH'
12:07:39 FD0F18 ptr=FF8F58 hex=E3E2E3C1D7D7C4C8 text='TSTAPPDH'
12:07:40 FD0F18 ptr=FF8F58 hex=E3E2E3C1D7D7C4C8 text='TSTAPPDH'
12:07:40 FD0F18 ptr=FF8F58 hex=E3E2E3C1D7D7C4C8 text='TSTAPPDH'
12:07:40 FD0F18 ptr=FF8F58 hex=E3E2E3C1D7D7C4C8 text='TSTAPPDH'
12:07:40 FD0F18 ptr=FF8F58 hex=E3E2E3C1D7D7C4C8 text='TSTAPPDH'
12:07:41 FD0F18 ptr=FF8F58 hex=E3E2E3C1D7D7C4C8 text='TSTAPPDH'
12:07:41 FD0F18 ptr=FF8F58 hex=E3E2E3C1D7D7C4C8 text='TSTAPPDH'
12:07:41 FD0F18 ptr=FF8F58 hex=E3E2E3C1D7D7C4C8 text='TSTAPPDH'
12:07:41 FD0F18 ptr=FF8F58 hex=E3E2E3C1D7D7C4C8 text='TSTAPPDH'
12:07:42 FD0F18 ptr=FF8F58 hex=E3E2E3C1D7D7C4C8 text='TSTAPPDH'
12:07:42 FD0F18 ptr=FF8F58 hex=E3E2E3C1D7D7C4C8 text='TSTAPPDH'
12:07:42 FD0F18 ptr=FF8F58 hex=E3E2E3C1D7D7C4C8 text='TSTAPPDH'
12:07:42 FD0F18 ptr=FF8F58 hex=E3E2E3C1D7D7C4C8 text='TSTAPPDH'
12:07:43 FD0F18 ptr=FF8F58 hex=E3E2E3C1D7D7C4C8 text='TSTAPPDH'
12:07:43 FD0F18 ptr=FF8F58 hex=E3E2E3C1D7D7C4C8 text='TSTAPPDH'
12:07:43 FD0F18 ptr=FF8F58 hex=E3E2E3C1D7D7C4C8 text='TSTAPPDH'
12:07:43 FD0F18 ptr=FF8F58 hex=E3E2E3C1D7D7C4C8 text='TSTAPPDH'
12:07:44 FD0F18 ptr=FF8F58 hex=E3E2E3C1D7D7C4C8 text='TSTAPPDH'
12:07:44 FD0F18 ptr=FF8F58 hex=E3E2E3C1D7D7C4C8 text='TSTAPPDH'
12:07:44 FD0F18 ptr=FF8F58 hex=E3E2E3C1D7D7C4C8 text='TSTAPPDH'
12:07:44 FD0F18 ptr=FF8F58 hex=E3E2E3C1D7D7C4C8 text='TSTAPPDH'
12:07:44 FD0F18 ptr=FF8F58 hex=E3E2E3C1D7D7C4C8 text='TSTAPPDH'
12:07:45 FD0F18 ptr=FF8F58 hex=E3E2E3C1D7D7C4C8 text='TSTAPPDH'
12:07:45 FD0F18 ptr=FF8F58 hex=E3E2E3C1D7D7C4C8 text='TSTAPPDH'
12:07:45 FD0F18 ptr=FF8F58 hex=E3E2E3C1D7D7C4C8 text='TSTAPPDH'
12:07:45 FD0F18 ptr=FF8F58 hex=E3E2E3C1D7D7C4C8 text='TSTAPPDH'
12:07:46 FD0F18 ptr=FF8F58 hex=E3E2E3C1D7D7C4C8 text='TSTAPPDH'
12:07:46 FD0F18 ptr=FF8F58 hex=E3E2E3C1D7D7C4C8 text='TSTAPPDH'
12:07:46 FD0F18 ptr=FF8F58 hex=E3E2E3C1D7D7C4C8 text='TSTAPPDH'
12:07:46 FD0F18 ptr=FF8F58 hex=E3E2E3C1D7D7C4C8 text='TSTAPPDH'
12:07:47 FD0F18 ptr=FF8F58 hex=E3E2E3C1D7D7C4C8 text='TSTAPPDH'
12:07:47 FD0F18 ptr=FF8F58 hex=E3E2E3C1D7D7C4C8 text='TSTAPPDH'
12:07:47 FD0F18 ptr=FF8F58 hex=E3E2E3C1D7D7C4C8 text='TSTAPPDH'
12:07:47 FD0F18 ptr=FF8F58 hex=E3E2E3C1D7D7C4C8 text='TSTAPPDH'
12:07:48 FD0F18 ptr=FF8F58 hex=E3E2E3C1D7D7C4C8 text='TSTAPPDH'
12:07:48 FD0F18 ptr=FF8F58 hex=E3E2E3C1D7D7C4C8 text='TSTAPPDH'
12:07:48 FD0F18 ptr=FF8F58 hex=E3E2E3C1D7D7C4C8 text='TSTAPPDH'
12:07:48 FD0F18 ptr=FF8F58 hex=E3E2E3C1D7D7C4C8 text='TSTAPPDH'
12:07:49 FD0F18 ptr=FF8F58 hex=E3E2E3C1D7D7C4C8 text='TSTAPPDH'
12:07:49 FD0F18 ptr=FF8F58 hex=E3E2E3C1D7D7C4C8 text='TSTAPPDH'
12:07:49 FD0F18 ptr=FF8F58 hex=E3E2E3C1D7D7C4C8 text='TSTAPPDH'
12:07:49 FD0F18 ptr=FF8F58 hex=E3E2E3C1D7D7C4C8 text='TSTAPPDH'
12:07:50 FD0F18 ptr=FF8F58 hex=E3E2E3C1D7D7C4C8 text='TSTAPPDH'
12:07:50 FD0F18 ptr=FF8F58 hex=E3E2E3C1D7D7C4C8 text='TSTAPPDH'
12:07:50 FD0F18 ptr=FF8F58 hex=E3E2E3C1D7D7C4C8 text='TSTAPPDH'
12:07:50 FD0F18 ptr=FF8F58 hex=E3E2E3C1D7D7C4C8 text='TSTAPPDH'
12:07:51 FD0F18 ptr=FF8F58 hex=E3E2E3C1D7D7C4C8 text='TSTAPPDH'
12:07:51 FD0F18 ptr=FF8F58 hex=E3E2E3C1D7D7C4C8 text='TSTAPPDH'
12:07:51 FD0F18 ptr=FF8F58 hex=E3E2E3C1D7D7C4C8 text='TSTAPPDH'
12:07:51 FD0F18 ptr=FF8F58 hex=E3E2E3C1D7D7C4C8 text='TSTAPPDH'
12:07:52 FD0F18 ptr=FF8F58 hex=E3E2E3C1D7D7C4C8 text='TSTAPPDH'
12:07:52 FD0F18 ptr=FF8F58 hex=E3E2E3C1D7D7C4C8 text='TSTAPPDH'
12:07:52 FD0F18 ptr=FF8F58 hex=E3E2E3C1D7D7C4C8 text='TSTAPPDH'
